Archive member included to satisfy reference by file (symbol)

.\CortexM3\ARM_GCC_541\Debug\PruebaLCD.a(I2C.o)
                              .\CortexM3\ARM_GCC_541\Debug\main.o (I2C_Start)
.\CortexM3\ARM_GCC_541\Debug\PruebaLCD.a(I2C_INT.o)
                              .\CortexM3\ARM_GCC_541\Debug\PruebaLCD.a(I2C.o) (I2C_ISR)
.\CortexM3\ARM_GCC_541\Debug\PruebaLCD.a(I2C_PM.o)
                              .\CortexM3\ARM_GCC_541\Debug\PruebaLCD.a(I2C.o) (I2C_backup)
.\CortexM3\ARM_GCC_541\Debug\PruebaLCD.a(I2C_MASTER.o)
                              .\CortexM3\ARM_GCC_541\Debug\PruebaLCD.a(I2C.o) (I2C_mstrStatus)
.\CortexM3\ARM_GCC_541\Debug\PruebaLCD.a(CyLib.o)
                              .\CortexM3\ARM_GCC_541\Debug\Cm3Start.o (CyHalt)
.\CortexM3\ARM_GCC_541\Debug\PruebaLCD.a(cyPm.o)
                              .\CortexM3\ARM_GCC_541\Debug\PruebaLCD.a(CyLib.o) (CyPmReadStatus)
.\CortexM3\ARM_GCC_541\Debug\PruebaLCD.a(CyBootAsmGnu.o)
                              .\CortexM3\ARM_GCC_541\Debug\cyfitter_cfg.o (CyDelayCycles)
.\CortexM3\ARM_GCC_541\Debug\PruebaLCD.a(CyFlash.o)
                              .\CortexM3\ARM_GCC_541\Debug\PruebaLCD.a(cyPm.o) (CyFlash_SetWaitCycles)
.\CortexM3\ARM_GCC_541\Debug\PruebaLCD.a(CySpc.o)
                              .\CortexM3\ARM_GCC_541\Debug\PruebaLCD.a(CyFlash.o) (CySpcStart)
c:/program files (x86)/cypress/psoc creator/4.4/psoc creator/import/gnu/arm/5.4.1/bin/../lib/gcc/arm-none-eabi/5.4.1/../../../../arm-none-eabi/lib/armv7-m\libg_nano.a(lib_a-errno.o)
                              .\CortexM3\ARM_GCC_541\Debug\Cm3Start.o (__errno)
c:/program files (x86)/cypress/psoc creator/4.4/psoc creator/import/gnu/arm/5.4.1/bin/../lib/gcc/arm-none-eabi/5.4.1/../../../../arm-none-eabi/lib/armv7-m\libg_nano.a(lib_a-exit.o)
                              c:/program files (x86)/cypress/psoc creator/4.4/psoc creator/import/gnu/arm/5.4.1/bin/../lib/gcc/arm-none-eabi/5.4.1/../../../../arm-none-eabi/lib/armv7-m/crt0.o (exit)
c:/program files (x86)/cypress/psoc creator/4.4/psoc creator/import/gnu/arm/5.4.1/bin/../lib/gcc/arm-none-eabi/5.4.1/../../../../arm-none-eabi/lib/armv7-m\libg_nano.a(lib_a-impure.o)
                              c:/program files (x86)/cypress/psoc creator/4.4/psoc creator/import/gnu/arm/5.4.1/bin/../lib/gcc/arm-none-eabi/5.4.1/../../../../arm-none-eabi/lib/armv7-m\libg_nano.a(lib_a-exit.o) (_global_impure_ptr)
c:/program files (x86)/cypress/psoc creator/4.4/psoc creator/import/gnu/arm/5.4.1/bin/../lib/gcc/arm-none-eabi/5.4.1/../../../../arm-none-eabi/lib/armv7-m\libg_nano.a(lib_a-init.o)
                              c:/program files (x86)/cypress/psoc creator/4.4/psoc creator/import/gnu/arm/5.4.1/bin/../lib/gcc/arm-none-eabi/5.4.1/../../../../arm-none-eabi/lib/armv7-m/crt0.o (__libc_init_array)
c:/program files (x86)/cypress/psoc creator/4.4/psoc creator/import/gnu/arm/5.4.1/bin/../lib/gcc/arm-none-eabi/5.4.1/../../../../arm-none-eabi/lib/armv7-m\libg_nano.a(lib_a-memcpy-stub.o)
                              .\CortexM3\ARM_GCC_541\Debug\cyfitter_cfg.o (memcpy)
c:/program files (x86)/cypress/psoc creator/4.4/psoc creator/import/gnu/arm/5.4.1/bin/../lib/gcc/arm-none-eabi/5.4.1/../../../../arm-none-eabi/lib/armv7-m\libg_nano.a(lib_a-memset.o)
                              c:/program files (x86)/cypress/psoc creator/4.4/psoc creator/import/gnu/arm/5.4.1/bin/../lib/gcc/arm-none-eabi/5.4.1/../../../../arm-none-eabi/lib/armv7-m/crt0.o (memset)
c:/program files (x86)/cypress/psoc creator/4.4/psoc creator/import/gnu/arm/5.4.1/bin/../lib/gcc/arm-none-eabi/5.4.1/../../../../arm-none-eabi/lib/armv7-m\libg_nano.a(lib_a-strlen.o)
                              .\CortexM3\ARM_GCC_541\Debug\LiquidCrystal_I2C.o (strlen)

Allocating common symbols
Common symbol       size              file

_backlightval       0x1               .\CortexM3\ARM_GCC_541\Debug\LiquidCrystal_I2C.o
_addr               0x1               .\CortexM3\ARM_GCC_541\Debug\LiquidCrystal_I2C.o
_displaycontrol     0x1               .\CortexM3\ARM_GCC_541\Debug\LiquidCrystal_I2C.o
_charsize           0x1               .\CortexM3\ARM_GCC_541\Debug\LiquidCrystal_I2C.o
I2C_state           0x1               .\CortexM3\ARM_GCC_541\Debug\PruebaLCD.a(I2C.o)
I2C_mstrWrBufIndex  0x1               .\CortexM3\ARM_GCC_541\Debug\PruebaLCD.a(I2C_MASTER.o)
_displaymode        0x1               .\CortexM3\ARM_GCC_541\Debug\LiquidCrystal_I2C.o
_displayfunction    0x1               .\CortexM3\ARM_GCC_541\Debug\LiquidCrystal_I2C.o
I2C_mstrWrBufSize   0x1               .\CortexM3\ARM_GCC_541\Debug\PruebaLCD.a(I2C_MASTER.o)
I2C_mstrStatus      0x1               .\CortexM3\ARM_GCC_541\Debug\PruebaLCD.a(I2C_MASTER.o)
_cols               0x1               .\CortexM3\ARM_GCC_541\Debug\LiquidCrystal_I2C.o
I2C_mstrRdBufPtr    0x4               .\CortexM3\ARM_GCC_541\Debug\PruebaLCD.a(I2C_MASTER.o)
I2C_mstrControl     0x1               .\CortexM3\ARM_GCC_541\Debug\PruebaLCD.a(I2C_MASTER.o)
I2C_mstrRdBufSize   0x1               .\CortexM3\ARM_GCC_541\Debug\PruebaLCD.a(I2C_MASTER.o)
I2C_mstrRdBufIndex  0x1               .\CortexM3\ARM_GCC_541\Debug\PruebaLCD.a(I2C_MASTER.o)
I2C_mstrWrBufPtr    0x4               .\CortexM3\ARM_GCC_541\Debug\PruebaLCD.a(I2C_MASTER.o)
dieTemperature      0x2               .\CortexM3\ARM_GCC_541\Debug\PruebaLCD.a(CyFlash.o)
_rows               0x1               .\CortexM3\ARM_GCC_541\Debug\LiquidCrystal_I2C.o

Discarded input sections

 .text          0x00000000        0x0 c:/program files (x86)/cypress/psoc creator/4.4/psoc creator/import/gnu/arm/5.4.1/bin/../lib/gcc/arm-none-eabi/5.4.1/armv7-m/crti.o
 .data          0x00000000        0x0 c:/program files (x86)/cypress/psoc creator/4.4/psoc creator/import/gnu/arm/5.4.1/bin/../lib/gcc/arm-none-eabi/5.4.1/armv7-m/crti.o
 .bss           0x00000000        0x0 c:/program files (x86)/cypress/psoc creator/4.4/psoc creator/import/gnu/arm/5.4.1/bin/../lib/gcc/arm-none-eabi/5.4.1/armv7-m/crti.o
 .data          0x00000000        0x4 c:/program files (x86)/cypress/psoc creator/4.4/psoc creator/import/gnu/arm/5.4.1/bin/../lib/gcc/arm-none-eabi/5.4.1/armv7-m/crtbegin.o
 .text          0x00000000       0x74 c:/program files (x86)/cypress/psoc creator/4.4/psoc creator/import/gnu/arm/5.4.1/bin/../lib/gcc/arm-none-eabi/5.4.1/../../../../arm-none-eabi/lib/armv7-m/crt0.o
 .data          0x00000000        0x0 c:/program files (x86)/cypress/psoc creator/4.4/psoc creator/import/gnu/arm/5.4.1/bin/../lib/gcc/arm-none-eabi/5.4.1/../../../../arm-none-eabi/lib/armv7-m/crt0.o
 .bss           0x00000000        0x0 c:/program files (x86)/cypress/psoc creator/4.4/psoc creator/import/gnu/arm/5.4.1/bin/../lib/gcc/arm-none-eabi/5.4.1/../../../../arm-none-eabi/lib/armv7-m/crt0.o
 .ARM.extab     0x00000000        0x0 c:/program files (x86)/cypress/psoc creator/4.4/psoc creator/import/gnu/arm/5.4.1/bin/../lib/gcc/arm-none-eabi/5.4.1/../../../../arm-none-eabi/lib/armv7-m/crt0.o
 .ARM.exidx     0x00000000        0x8 c:/program files (x86)/cypress/psoc creator/4.4/psoc creator/import/gnu/arm/5.4.1/bin/../lib/gcc/arm-none-eabi/5.4.1/../../../../arm-none-eabi/lib/armv7-m/crt0.o
 .text          0x00000000        0x0 .\CortexM3\ARM_GCC_541\Debug\main.o
 .bss           0x00000000        0x0 .\CortexM3\ARM_GCC_541\Debug\main.o
 .text          0x00000000        0x0 .\CortexM3\ARM_GCC_541\Debug\LiquidCrystal_I2C.o
 .data          0x00000000        0x0 .\CortexM3\ARM_GCC_541\Debug\LiquidCrystal_I2C.o
 .bss           0x00000000        0x0 .\CortexM3\ARM_GCC_541\Debug\LiquidCrystal_I2C.o
 .text.noBacklight
                0x00000000       0x14 .\CortexM3\ARM_GCC_541\Debug\LiquidCrystal_I2C.o
 .text.backlight
                0x00000000       0x14 .\CortexM3\ARM_GCC_541\Debug\LiquidCrystal_I2C.o
 .text.setBacklight
                0x00000000       0x10 .\CortexM3\ARM_GCC_541\Debug\LiquidCrystal_I2C.o
 .text.noDisplay
                0x00000000       0x1c .\CortexM3\ARM_GCC_541\Debug\LiquidCrystal_I2C.o
 .text.noCursor
                0x00000000       0x1c .\CortexM3\ARM_GCC_541\Debug\LiquidCrystal_I2C.o
 .text.cursor   0x00000000       0x1c .\CortexM3\ARM_GCC_541\Debug\LiquidCrystal_I2C.o
 .text.noBlink  0x00000000       0x1c .\CortexM3\ARM_GCC_541\Debug\LiquidCrystal_I2C.o
 .text.blink    0x00000000       0x1c .\CortexM3\ARM_GCC_541\Debug\LiquidCrystal_I2C.o
 .text.scrollDisplayLeft
                0x00000000        0xc .\CortexM3\ARM_GCC_541\Debug\LiquidCrystal_I2C.o
 .text.scrollDisplayRight
                0x00000000        0xc .\CortexM3\ARM_GCC_541\Debug\LiquidCrystal_I2C.o
 .text.leftToRight
                0x00000000       0x1c .\CortexM3\ARM_GCC_541\Debug\LiquidCrystal_I2C.o
 .text.rightToLeft
                0x00000000       0x1c .\CortexM3\ARM_GCC_541\Debug\LiquidCrystal_I2C.o
 .text.autoscroll
                0x00000000       0x1c .\CortexM3\ARM_GCC_541\Debug\LiquidCrystal_I2C.o
 .text.noAutoscroll
                0x00000000       0x1c .\CortexM3\ARM_GCC_541\Debug\LiquidCrystal_I2C.o
 .text.createChar
                0x00000000       0x24 .\CortexM3\ARM_GCC_541\Debug\LiquidCrystal_I2C.o
 .text.load_custom_character
                0x00000000        0x8 .\CortexM3\ARM_GCC_541\Debug\LiquidCrystal_I2C.o
 .text          0x00000000        0x0 .\CortexM3\ARM_GCC_541\Debug\cyfitter_cfg.o
 .data          0x00000000        0x0 .\CortexM3\ARM_GCC_541\Debug\cyfitter_cfg.o
 .bss           0x00000000        0x0 .\CortexM3\ARM_GCC_541\Debug\cyfitter_cfg.o
 .text.SetAnalogRoutingPumps
                0x00000000       0x10 .\CortexM3\ARM_GCC_541\Debug\cyfitter_cfg.o
 .text          0x00000000        0x0 .\CortexM3\ARM_GCC_541\Debug\cymetadata.o
 .data          0x00000000        0x0 .\CortexM3\ARM_GCC_541\Debug\cymetadata.o
 .bss           0x00000000        0x0 .\CortexM3\ARM_GCC_541\Debug\cymetadata.o
 .text          0x00000000        0x0 .\CortexM3\ARM_GCC_541\Debug\Cm3Start.o
 .data          0x00000000        0x4 .\CortexM3\ARM_GCC_541\Debug\Cm3Start.o
 .bss           0x00000000        0x0 .\CortexM3\ARM_GCC_541\Debug\Cm3Start.o
 .text._exit    0x00000000        0xc .\CortexM3\ARM_GCC_541\Debug\Cm3Start.o
 .text._sbrk    0x00000000       0x30 .\CortexM3\ARM_GCC_541\Debug\Cm3Start.o
 .text          0x00000000        0x0 .\CortexM3\ARM_GCC_541\Debug\PruebaLCD.a(I2C.o)
 .data          0x00000000        0x0 .\CortexM3\ARM_GCC_541\Debug\PruebaLCD.a(I2C.o)
 .text.I2C_Stop
                0x00000000       0xb4 .\CortexM3\ARM_GCC_541\Debug\PruebaLCD.a(I2C.o)
 .text          0x00000000        0x0 .\CortexM3\ARM_GCC_541\Debug\PruebaLCD.a(I2C_INT.o)
 .data          0x00000000        0x0 .\CortexM3\ARM_GCC_541\Debug\PruebaLCD.a(I2C_INT.o)
 .bss           0x00000000        0x0 .\CortexM3\ARM_GCC_541\Debug\PruebaLCD.a(I2C_INT.o)
 .text          0x00000000        0x0 .\CortexM3\ARM_GCC_541\Debug\PruebaLCD.a(I2C_PM.o)
 .data          0x00000000        0x6 .\CortexM3\ARM_GCC_541\Debug\PruebaLCD.a(I2C_PM.o)
 .bss           0x00000000        0x0 .\CortexM3\ARM_GCC_541\Debug\PruebaLCD.a(I2C_PM.o)
 .text.I2C_SaveConfig
                0x00000000       0x3c .\CortexM3\ARM_GCC_541\Debug\PruebaLCD.a(I2C_PM.o)
 .text.I2C_Sleep
                0x00000000       0x24 .\CortexM3\ARM_GCC_541\Debug\PruebaLCD.a(I2C_PM.o)
 .text.I2C_RestoreConfig
                0x00000000       0x60 .\CortexM3\ARM_GCC_541\Debug\PruebaLCD.a(I2C_PM.o)
 .text.I2C_Wakeup
                0x00000000       0x24 .\CortexM3\ARM_GCC_541\Debug\PruebaLCD.a(I2C_PM.o)
 .text          0x00000000        0x0 .\CortexM3\ARM_GCC_541\Debug\PruebaLCD.a(I2C_MASTER.o)
 .data          0x00000000        0x0 .\CortexM3\ARM_GCC_541\Debug\PruebaLCD.a(I2C_MASTER.o)
 .bss           0x00000000        0x0 .\CortexM3\ARM_GCC_541\Debug\PruebaLCD.a(I2C_MASTER.o)
 .text.I2C_MasterWriteBuf
                0x00000000       0xcc .\CortexM3\ARM_GCC_541\Debug\PruebaLCD.a(I2C_MASTER.o)
 .text.I2C_MasterReadBuf
                0x00000000       0xd0 .\CortexM3\ARM_GCC_541\Debug\PruebaLCD.a(I2C_MASTER.o)
 .text.I2C_MasterSendRestart
                0x00000000       0x6c .\CortexM3\ARM_GCC_541\Debug\PruebaLCD.a(I2C_MASTER.o)
 .text.I2C_MasterReadByte
                0x00000000       0x58 .\CortexM3\ARM_GCC_541\Debug\PruebaLCD.a(I2C_MASTER.o)
 .text.I2C_MasterStatus
                0x00000000       0x38 .\CortexM3\ARM_GCC_541\Debug\PruebaLCD.a(I2C_MASTER.o)
 .text.I2C_MasterClearStatus
                0x00000000       0x24 .\CortexM3\ARM_GCC_541\Debug\PruebaLCD.a(I2C_MASTER.o)
 .text.I2C_MasterGetReadBufSize
                0x00000000        0xc .\CortexM3\ARM_GCC_541\Debug\PruebaLCD.a(I2C_MASTER.o)
 .text.I2C_MasterGetWriteBufSize
                0x00000000        0xc .\CortexM3\ARM_GCC_541\Debug\PruebaLCD.a(I2C_MASTER.o)
 .text.I2C_MasterClearReadBuf
                0x00000000       0x30 .\CortexM3\ARM_GCC_541\Debug\PruebaLCD.a(I2C_MASTER.o)
 .text.I2C_MasterClearWriteBuf
                0x00000000       0x30 .\CortexM3\ARM_GCC_541\Debug\PruebaLCD.a(I2C_MASTER.o)
 .text          0x00000000        0x0 .\CortexM3\ARM_GCC_541\Debug\PruebaLCD.a(CyLib.o)
 .bss           0x00000000       0x1c .\CortexM3\ARM_GCC_541\Debug\PruebaLCD.a(CyLib.o)
 .text.CyUSB_PowerOnCheck
                0x00000000       0x48 .\CortexM3\ARM_GCC_541\Debug\PruebaLCD.a(CyLib.o)
 .text.CyBusClk_Internal_SetDivider
                0x00000000       0x48 .\CortexM3\ARM_GCC_541\Debug\PruebaLCD.a(CyLib.o)
 .text.CyPLL_OUT_Stop
                0x00000000       0x10 .\CortexM3\ARM_GCC_541\Debug\PruebaLCD.a(CyLib.o)
 .text.CyIMO_Stop
                0x00000000       0x1c .\CortexM3\ARM_GCC_541\Debug\PruebaLCD.a(CyLib.o)
 .text.CyIMO_EnableDoubler
                0x00000000       0x10 .\CortexM3\ARM_GCC_541\Debug\PruebaLCD.a(CyLib.o)
 .text.CyIMO_DisableDoubler
                0x00000000       0x10 .\CortexM3\ARM_GCC_541\Debug\PruebaLCD.a(CyLib.o)
 .text.CyMasterClk_SetSource
                0x00000000       0x18 .\CortexM3\ARM_GCC_541\Debug\PruebaLCD.a(CyLib.o)
 .text.CyMasterClk_SetDivider
                0x00000000        0xc .\CortexM3\ARM_GCC_541\Debug\PruebaLCD.a(CyLib.o)
 .text.CyBusClk_SetDivider
                0x00000000       0x70 .\CortexM3\ARM_GCC_541\Debug\PruebaLCD.a(CyLib.o)
 .text.CyUsbClk_SetSource
                0x00000000       0x18 .\CortexM3\ARM_GCC_541\Debug\PruebaLCD.a(CyLib.o)
 .text.CyILO_Start1K
                0x00000000       0x10 .\CortexM3\ARM_GCC_541\Debug\PruebaLCD.a(CyLib.o)
 .text.CyILO_Stop1K
                0x00000000       0x10 .\CortexM3\ARM_GCC_541\Debug\PruebaLCD.a(CyLib.o)
 .text.CyILO_Start100K
                0x00000000       0x10 .\CortexM3\ARM_GCC_541\Debug\PruebaLCD.a(CyLib.o)
 .text.CyILO_Stop100K
                0x00000000       0x10 .\CortexM3\ARM_GCC_541\Debug\PruebaLCD.a(CyLib.o)
 .text.CyPLL_OUT_Start
                0x00000000       0x78 .\CortexM3\ARM_GCC_541\Debug\PruebaLCD.a(CyLib.o)
 .text.CyIMO_Start
                0x00000000       0x60 .\CortexM3\ARM_GCC_541\Debug\PruebaLCD.a(CyLib.o)
 .text.CyILO_Enable33K
                0x00000000       0x10 .\CortexM3\ARM_GCC_541\Debug\PruebaLCD.a(CyLib.o)
 .text.CyILO_Disable33K
                0x00000000       0x10 .\CortexM3\ARM_GCC_541\Debug\PruebaLCD.a(CyLib.o)
 .text.CyILO_SetSource
                0x00000000       0x18 .\CortexM3\ARM_GCC_541\Debug\PruebaLCD.a(CyLib.o)
 .text.CyILO_SetPowerMode
                0x00000000       0x24 .\CortexM3\ARM_GCC_541\Debug\PruebaLCD.a(CyLib.o)
 .text.CyXTAL_32KHZ_Stop
                0x00000000       0x30 .\CortexM3\ARM_GCC_541\Debug\PruebaLCD.a(CyLib.o)
 .text.CyXTAL_32KHZ_ReadStatus
                0x00000000       0x10 .\CortexM3\ARM_GCC_541\Debug\PruebaLCD.a(CyLib.o)
 .text.CyXTAL_Start
                0x00000000       0xac .\CortexM3\ARM_GCC_541\Debug\PruebaLCD.a(CyLib.o)
 .text.CyXTAL_Stop
                0x00000000       0x10 .\CortexM3\ARM_GCC_541\Debug\PruebaLCD.a(CyLib.o)
 .text.CyXTAL_EnableErrStatus
                0x00000000       0x10 .\CortexM3\ARM_GCC_541\Debug\PruebaLCD.a(CyLib.o)
 .text.CyXTAL_DisableErrStatus
                0x00000000       0x10 .\CortexM3\ARM_GCC_541\Debug\PruebaLCD.a(CyLib.o)
 .text.CyXTAL_ReadStatus
                0x00000000       0x18 .\CortexM3\ARM_GCC_541\Debug\PruebaLCD.a(CyLib.o)
 .text.CyXTAL_EnableFaultRecovery
                0x00000000       0x10 .\CortexM3\ARM_GCC_541\Debug\PruebaLCD.a(CyLib.o)
 .text.CyXTAL_DisableFaultRecovery
                0x00000000       0x10 .\CortexM3\ARM_GCC_541\Debug\PruebaLCD.a(CyLib.o)
 .text.CyXTAL_SetStartup
                0x00000000       0x18 .\CortexM3\ARM_GCC_541\Debug\PruebaLCD.a(CyLib.o)
 .text.CyXTAL_SetFbVoltage
                0x00000000       0x18 .\CortexM3\ARM_GCC_541\Debug\PruebaLCD.a(CyLib.o)
 .text.CyXTAL_SetWdVoltage
                0x00000000       0x18 .\CortexM3\ARM_GCC_541\Debug\PruebaLCD.a(CyLib.o)
 .text.CyPLL_OUT_SetPQ
                0x00000000       0x60 .\CortexM3\ARM_GCC_541\Debug\PruebaLCD.a(CyLib.o)
 .text.CyPLL_OUT_SetSource
                0x00000000       0x34 .\CortexM3\ARM_GCC_541\Debug\PruebaLCD.a(CyLib.o)
 .text.CyIMO_SetTrimValue
                0x00000000       0xcc .\CortexM3\ARM_GCC_541\Debug\PruebaLCD.a(CyLib.o)
 .text.CyIMO_SetFreq
                0x00000000       0xf4 .\CortexM3\ARM_GCC_541\Debug\PruebaLCD.a(CyLib.o)
 .text.CyIMO_SetSource
                0x00000000       0x58 .\CortexM3\ARM_GCC_541\Debug\PruebaLCD.a(CyLib.o)
 .text.CySoftwareReset
                0x00000000       0x10 .\CortexM3\ARM_GCC_541\Debug\PruebaLCD.a(CyLib.o)
 .text.CyXTAL_32KHZ_SetPowerMode
                0x00000000       0x84 .\CortexM3\ARM_GCC_541\Debug\PruebaLCD.a(CyLib.o)
 .text.CyXTAL_32KHZ_Start
                0x00000000       0x74 .\CortexM3\ARM_GCC_541\Debug\PruebaLCD.a(CyLib.o)
 .text.CyDelayFreq
                0x00000000       0x4c .\CortexM3\ARM_GCC_541\Debug\PruebaLCD.a(CyLib.o)
 .text.CyWdtStart
                0x00000000       0x40 .\CortexM3\ARM_GCC_541\Debug\PruebaLCD.a(CyLib.o)
 .text.CyWdtClear
                0x00000000        0xc .\CortexM3\ARM_GCC_541\Debug\PruebaLCD.a(CyLib.o)
 .text.CyVdStickyStatus
                0x00000000       0x2c .\CortexM3\ARM_GCC_541\Debug\PruebaLCD.a(CyLib.o)
 .text.CyVdLvDigitEnable
                0x00000000       0x84 .\CortexM3\ARM_GCC_541\Debug\PruebaLCD.a(CyLib.o)
 .text.CyVdLvAnalogEnable
                0x00000000       0x80 .\CortexM3\ARM_GCC_541\Debug\PruebaLCD.a(CyLib.o)
 .text.CyVdLvDigitDisable
                0x00000000       0x30 .\CortexM3\ARM_GCC_541\Debug\PruebaLCD.a(CyLib.o)
 .text.CyVdLvAnalogDisable
                0x00000000       0x28 .\CortexM3\ARM_GCC_541\Debug\PruebaLCD.a(CyLib.o)
 .text.CyVdHvAnalogEnable
                0x00000000       0x54 .\CortexM3\ARM_GCC_541\Debug\PruebaLCD.a(CyLib.o)
 .text.CyVdHvAnalogDisable
                0x00000000       0x20 .\CortexM3\ARM_GCC_541\Debug\PruebaLCD.a(CyLib.o)
 .text.CyVdRealTimeStatus
                0x00000000       0x1c .\CortexM3\ARM_GCC_541\Debug\PruebaLCD.a(CyLib.o)
 .text.CyDisableInts
                0x00000000       0x1c .\CortexM3\ARM_GCC_541\Debug\PruebaLCD.a(CyLib.o)
 .text.CyEnableInts
                0x00000000       0x18 .\CortexM3\ARM_GCC_541\Debug\PruebaLCD.a(CyLib.o)
 .text.CyFlushCache
                0x00000000       0x44 .\CortexM3\ARM_GCC_541\Debug\PruebaLCD.a(CyLib.o)
 .text.CyIntSetSysVector
                0x00000000       0x28 .\CortexM3\ARM_GCC_541\Debug\PruebaLCD.a(CyLib.o)
 .text.CyIntGetSysVector
                0x00000000       0x20 .\CortexM3\ARM_GCC_541\Debug\PruebaLCD.a(CyLib.o)
 .text.CyIntGetVector
                0x00000000       0x24 .\CortexM3\ARM_GCC_541\Debug\PruebaLCD.a(CyLib.o)
 .text.CyIntGetPriority
                0x00000000       0x20 .\CortexM3\ARM_GCC_541\Debug\PruebaLCD.a(CyLib.o)
 .text.CyIntGetState
                0x00000000       0x24 .\CortexM3\ARM_GCC_541\Debug\PruebaLCD.a(CyLib.o)
 .text.CySysTickStop
                0x00000000       0x10 .\CortexM3\ARM_GCC_541\Debug\PruebaLCD.a(CyLib.o)
 .text.CySysTickEnableInterrupt
                0x00000000       0x10 .\CortexM3\ARM_GCC_541\Debug\PruebaLCD.a(CyLib.o)
 .text.CySysTickEnable
                0x00000000       0x18 .\CortexM3\ARM_GCC_541\Debug\PruebaLCD.a(CyLib.o)
 .text.CySysTickDisableInterrupt
                0x00000000       0x10 .\CortexM3\ARM_GCC_541\Debug\PruebaLCD.a(CyLib.o)
 .text.CySysTickSetReload
                0x00000000       0x10 .\CortexM3\ARM_GCC_541\Debug\PruebaLCD.a(CyLib.o)
 .text.CySysTickGetReload
                0x00000000       0x10 .\CortexM3\ARM_GCC_541\Debug\PruebaLCD.a(CyLib.o)
 .text.CySysTickGetValue
                0x00000000       0x10 .\CortexM3\ARM_GCC_541\Debug\PruebaLCD.a(CyLib.o)
 .text.CySysTickSetClockSource
                0x00000000       0x20 .\CortexM3\ARM_GCC_541\Debug\PruebaLCD.a(CyLib.o)
 .text.CySysTickGetClockSource
                0x00000000       0x10 .\CortexM3\ARM_GCC_541\Debug\PruebaLCD.a(CyLib.o)
 .text.CySysTickGetCountFlag
                0x00000000       0x10 .\CortexM3\ARM_GCC_541\Debug\PruebaLCD.a(CyLib.o)
 .text.CySysTickServiceCallbacks
                0x00000000       0x28 .\CortexM3\ARM_GCC_541\Debug\PruebaLCD.a(CyLib.o)
 .text.CySysTickClear
                0x00000000        0xc .\CortexM3\ARM_GCC_541\Debug\PruebaLCD.a(CyLib.o)
 .text.CySysTickInit
                0x00000000       0x58 .\CortexM3\ARM_GCC_541\Debug\PruebaLCD.a(CyLib.o)
 .text.CySysTickStart
                0x00000000       0x1c .\CortexM3\ARM_GCC_541\Debug\PruebaLCD.a(CyLib.o)
 .text.CySysTickSetCallback
                0x00000000       0x10 .\CortexM3\ARM_GCC_541\Debug\PruebaLCD.a(CyLib.o)
 .text.CySysTickGetCallback
                0x00000000       0x10 .\CortexM3\ARM_GCC_541\Debug\PruebaLCD.a(CyLib.o)
 .text.CyGetUniqueId
                0x00000000       0x70 .\CortexM3\ARM_GCC_541\Debug\PruebaLCD.a(CyLib.o)
 .text          0x00000000        0x0 .\CortexM3\ARM_GCC_541\Debug\PruebaLCD.a(cyPm.o)
 .data          0x00000000        0x0 .\CortexM3\ARM_GCC_541\Debug\PruebaLCD.a(cyPm.o)
 .bss           0x00000000       0x43 .\CortexM3\ARM_GCC_541\Debug\PruebaLCD.a(cyPm.o)
 .text.CyPmHibSlpSaveSet
                0x00000000      0x1dc .\CortexM3\ARM_GCC_541\Debug\PruebaLCD.a(cyPm.o)
 .text.CyPmHibSlpRestore
                0x00000000       0xd8 .\CortexM3\ARM_GCC_541\Debug\PruebaLCD.a(cyPm.o)
 .text.CyPmHviLviSaveDisable
                0x00000000       0xa0 .\CortexM3\ARM_GCC_541\Debug\PruebaLCD.a(cyPm.o)
 .text.CyPmHibSaveSet
                0x00000000       0x98 .\CortexM3\ARM_GCC_541\Debug\PruebaLCD.a(cyPm.o)
 .text.CyPmHviLviRestore
                0x00000000       0x48 .\CortexM3\ARM_GCC_541\Debug\PruebaLCD.a(cyPm.o)
 .text.CyPmHibRestore
                0x00000000       0x60 .\CortexM3\ARM_GCC_541\Debug\PruebaLCD.a(cyPm.o)
 .text.CyPmSaveClocks
                0x00000000      0x218 .\CortexM3\ARM_GCC_541\Debug\PruebaLCD.a(cyPm.o)
 .text.CyPmRestoreClocks
                0x00000000      0x24c .\CortexM3\ARM_GCC_541\Debug\PruebaLCD.a(cyPm.o)
 .text.CyPmAltAct
                0x00000000       0x6c .\CortexM3\ARM_GCC_541\Debug\PruebaLCD.a(cyPm.o)
 .text.CyPmSleep
                0x00000000       0xf4 .\CortexM3\ARM_GCC_541\Debug\PruebaLCD.a(cyPm.o)
 .text.CyPmHibernateEx
                0x00000000       0xf4 .\CortexM3\ARM_GCC_541\Debug\PruebaLCD.a(cyPm.o)
 .text.CyPmHibernate
                0x00000000        0xc .\CortexM3\ARM_GCC_541\Debug\PruebaLCD.a(cyPm.o)
 .text.CyPmReadStatus
                0x00000000       0x30 .\CortexM3\ARM_GCC_541\Debug\PruebaLCD.a(cyPm.o)
 .text.CyPmCtwSetInterval
                0x00000000       0x5c .\CortexM3\ARM_GCC_541\Debug\PruebaLCD.a(cyPm.o)
 .text.CyPmOppsSet
                0x00000000       0x2c .\CortexM3\ARM_GCC_541\Debug\PruebaLCD.a(cyPm.o)
 .text.CyPmFtwSetInterval
                0x00000000       0x5c .\CortexM3\ARM_GCC_541\Debug\PruebaLCD.a(cyPm.o)
 .rodata        0x00000000        0xf .\CortexM3\ARM_GCC_541\Debug\PruebaLCD.a(cyPm.o)
 .data          0x00000000        0x0 .\CortexM3\ARM_GCC_541\Debug\PruebaLCD.a(CyBootAsmGnu.o)
 .bss           0x00000000        0x0 .\CortexM3\ARM_GCC_541\Debug\PruebaLCD.a(CyBootAsmGnu.o)
 .text          0x00000000        0x0 .\CortexM3\ARM_GCC_541\Debug\PruebaLCD.a(CyFlash.o)
 .data          0x00000000        0x0 .\CortexM3\ARM_GCC_541\Debug\PruebaLCD.a(CyFlash.o)
 .bss           0x00000000        0x0 .\CortexM3\ARM_GCC_541\Debug\PruebaLCD.a(CyFlash.o)
 .text.CySetTempInt
                0x00000000       0x60 .\CortexM3\ARM_GCC_541\Debug\PruebaLCD.a(CyFlash.o)
 .text.CyFlash_Start
                0x00000000       0x54 .\CortexM3\ARM_GCC_541\Debug\PruebaLCD.a(CyFlash.o)
 .text.CyFlash_Stop
                0x00000000       0x24 .\CortexM3\ARM_GCC_541\Debug\PruebaLCD.a(CyFlash.o)
 .text.CyFlash_EraseRow
                0x00000000       0x78 .\CortexM3\ARM_GCC_541\Debug\PruebaLCD.a(CyFlash.o)
 .text.CyFlashGetSpcAlgorithm
                0x00000000       0x4c .\CortexM3\ARM_GCC_541\Debug\PruebaLCD.a(CyFlash.o)
 .text.CySetTemp
                0x00000000       0x14 .\CortexM3\ARM_GCC_541\Debug\PruebaLCD.a(CyFlash.o)
 .text.CySetFlashEEBuffer
                0x00000000       0x20 .\CortexM3\ARM_GCC_541\Debug\PruebaLCD.a(CyFlash.o)
 .text.CyWriteRowFull
                0x00000000       0xf8 .\CortexM3\ARM_GCC_541\Debug\PruebaLCD.a(CyFlash.o)
 .text.CyWriteRowData
                0x00000000       0x14 .\CortexM3\ARM_GCC_541\Debug\PruebaLCD.a(CyFlash.o)
 .text.CyFlash_SetWaitCycles
                0x00000000       0x7c .\CortexM3\ARM_GCC_541\Debug\PruebaLCD.a(CyFlash.o)
 .text.CyEEPROM_Start
                0x00000000       0x54 .\CortexM3\ARM_GCC_541\Debug\PruebaLCD.a(CyFlash.o)
 .text.CyEEPROM_Stop
                0x00000000       0x24 .\CortexM3\ARM_GCC_541\Debug\PruebaLCD.a(CyFlash.o)
 .text.CyEEPROM_ReadReserve
                0x00000000       0x1c .\CortexM3\ARM_GCC_541\Debug\PruebaLCD.a(CyFlash.o)
 .text.CyEEPROM_ReadRelease
                0x00000000       0x10 .\CortexM3\ARM_GCC_541\Debug\PruebaLCD.a(CyFlash.o)
 COMMON         0x00000000        0x2 .\CortexM3\ARM_GCC_541\Debug\PruebaLCD.a(CyFlash.o)
 .text          0x00000000        0x0 .\CortexM3\ARM_GCC_541\Debug\PruebaLCD.a(CySpc.o)
 .data          0x00000000        0x0 .\CortexM3\ARM_GCC_541\Debug\PruebaLCD.a(CySpc.o)
 .bss           0x00000000        0x8 .\CortexM3\ARM_GCC_541\Debug\PruebaLCD.a(CySpc.o)
 .text.CySpcStart
                0x00000000       0x24 .\CortexM3\ARM_GCC_541\Debug\PruebaLCD.a(CySpc.o)
 .text.CySpcStop
                0x00000000       0x24 .\CortexM3\ARM_GCC_541\Debug\PruebaLCD.a(CySpc.o)
 .text.CySpcReadData
                0x00000000       0x34 .\CortexM3\ARM_GCC_541\Debug\PruebaLCD.a(CySpc.o)
 .text.CySpcLoadMultiByte
                0x00000000       0x78 .\CortexM3\ARM_GCC_541\Debug\PruebaLCD.a(CySpc.o)
 .text.CySpcLoadRow
                0x00000000       0x50 .\CortexM3\ARM_GCC_541\Debug\PruebaLCD.a(CySpc.o)
 .text.CySpcLoadRowFull
                0x00000000       0x80 .\CortexM3\ARM_GCC_541\Debug\PruebaLCD.a(CySpc.o)
 .text.CySpcWriteRow
                0x00000000       0x4c .\CortexM3\ARM_GCC_541\Debug\PruebaLCD.a(CySpc.o)
 .text.CySpcEraseSector
                0x00000000       0x3c .\CortexM3\ARM_GCC_541\Debug\PruebaLCD.a(CySpc.o)
 .text.CySpcEraseRow
                0x00000000       0x4c .\CortexM3\ARM_GCC_541\Debug\PruebaLCD.a(CySpc.o)
 .text.CySpcGetTemp
                0x00000000       0x3c .\CortexM3\ARM_GCC_541\Debug\PruebaLCD.a(CySpc.o)
 .text.CySpcLock
                0x00000000       0x4c .\CortexM3\ARM_GCC_541\Debug\PruebaLCD.a(CySpc.o)
 .text.CySpcUnlock
                0x00000000       0x38 .\CortexM3\ARM_GCC_541\Debug\PruebaLCD.a(CySpc.o)
 .text.CySpcGetAlgorithm
                0x00000000       0x28 .\CortexM3\ARM_GCC_541\Debug\PruebaLCD.a(CySpc.o)
 .text          0x00000000        0x0 c:/program files (x86)/cypress/psoc creator/4.4/psoc creator/import/gnu/arm/5.4.1/bin/../lib/gcc/arm-none-eabi/5.4.1/../../../../arm-none-eabi/lib/armv7-m\libg_nano.a(lib_a-errno.o)
 .data          0x00000000        0x0 c:/program files (x86)/cypress/psoc creator/4.4/psoc creator/import/gnu/arm/5.4.1/bin/../lib/gcc/arm-none-eabi/5.4.1/../../../../arm-none-eabi/lib/armv7-m\libg_nano.a(lib_a-errno.o)
 .bss           0x00000000        0x0 c:/program files (x86)/cypress/psoc creator/4.4/psoc creator/import/gnu/arm/5.4.1/bin/../lib/gcc/arm-none-eabi/5.4.1/../../../../arm-none-eabi/lib/armv7-m\libg_nano.a(lib_a-errno.o)
 .text          0x00000000        0x0 c:/program files (x86)/cypress/psoc creator/4.4/psoc creator/import/gnu/arm/5.4.1/bin/../lib/gcc/arm-none-eabi/5.4.1/../../../../arm-none-eabi/lib/armv7-m\libg_nano.a(lib_a-exit.o)
 .data          0x00000000        0x0 c:/program files (x86)/cypress/psoc creator/4.4/psoc creator/import/gnu/arm/5.4.1/bin/../lib/gcc/arm-none-eabi/5.4.1/../../../../arm-none-eabi/lib/armv7-m\libg_nano.a(lib_a-exit.o)
 .bss           0x00000000        0x0 c:/program files (x86)/cypress/psoc creator/4.4/psoc creator/import/gnu/arm/5.4.1/bin/../lib/gcc/arm-none-eabi/5.4.1/../../../../arm-none-eabi/lib/armv7-m\libg_nano.a(lib_a-exit.o)
 .text.exit     0x00000000       0x28 c:/program files (x86)/cypress/psoc creator/4.4/psoc creator/import/gnu/arm/5.4.1/bin/../lib/gcc/arm-none-eabi/5.4.1/../../../../arm-none-eabi/lib/armv7-m\libg_nano.a(lib_a-exit.o)
 .text          0x00000000        0x0 c:/program files (x86)/cypress/psoc creator/4.4/psoc creator/import/gnu/arm/5.4.1/bin/../lib/gcc/arm-none-eabi/5.4.1/../../../../arm-none-eabi/lib/armv7-m\libg_nano.a(lib_a-impure.o)
 .data          0x00000000        0x0 c:/program files (x86)/cypress/psoc creator/4.4/psoc creator/import/gnu/arm/5.4.1/bin/../lib/gcc/arm-none-eabi/5.4.1/../../../../arm-none-eabi/lib/armv7-m\libg_nano.a(lib_a-impure.o)
 .bss           0x00000000        0x0 c:/program files (x86)/cypress/psoc creator/4.4/psoc creator/import/gnu/arm/5.4.1/bin/../lib/gcc/arm-none-eabi/5.4.1/../../../../arm-none-eabi/lib/armv7-m\libg_nano.a(lib_a-impure.o)
 .rodata._global_impure_ptr
                0x00000000        0x4 c:/program files (x86)/cypress/psoc creator/4.4/psoc creator/import/gnu/arm/5.4.1/bin/../lib/gcc/arm-none-eabi/5.4.1/../../../../arm-none-eabi/lib/armv7-m\libg_nano.a(lib_a-impure.o)
 .text          0x00000000        0x0 c:/program files (x86)/cypress/psoc creator/4.4/psoc creator/import/gnu/arm/5.4.1/bin/../lib/gcc/arm-none-eabi/5.4.1/../../../../arm-none-eabi/lib/armv7-m\libg_nano.a(lib_a-init.o)
 .data          0x00000000        0x0 c:/program files (x86)/cypress/psoc creator/4.4/psoc creator/import/gnu/arm/5.4.1/bin/../lib/gcc/arm-none-eabi/5.4.1/../../../../arm-none-eabi/lib/armv7-m\libg_nano.a(lib_a-init.o)
 .bss           0x00000000        0x0 c:/program files (x86)/cypress/psoc creator/4.4/psoc creator/import/gnu/arm/5.4.1/bin/../lib/gcc/arm-none-eabi/5.4.1/../../../../arm-none-eabi/lib/armv7-m\libg_nano.a(lib_a-init.o)
 .text          0x00000000        0x0 c:/program files (x86)/cypress/psoc creator/4.4/psoc creator/import/gnu/arm/5.4.1/bin/../lib/gcc/arm-none-eabi/5.4.1/../../../../arm-none-eabi/lib/armv7-m\libg_nano.a(lib_a-memcpy-stub.o)
 .data          0x00000000        0x0 c:/program files (x86)/cypress/psoc creator/4.4/psoc creator/import/gnu/arm/5.4.1/bin/../lib/gcc/arm-none-eabi/5.4.1/../../../../arm-none-eabi/lib/armv7-m\libg_nano.a(lib_a-memcpy-stub.o)
 .bss           0x00000000        0x0 c:/program files (x86)/cypress/psoc creator/4.4/psoc creator/import/gnu/arm/5.4.1/bin/../lib/gcc/arm-none-eabi/5.4.1/../../../../arm-none-eabi/lib/armv7-m\libg_nano.a(lib_a-memcpy-stub.o)
 .text          0x00000000        0x0 c:/program files (x86)/cypress/psoc creator/4.4/psoc creator/import/gnu/arm/5.4.1/bin/../lib/gcc/arm-none-eabi/5.4.1/../../../../arm-none-eabi/lib/armv7-m\libg_nano.a(lib_a-memset.o)
 .data          0x00000000        0x0 c:/program files (x86)/cypress/psoc creator/4.4/psoc creator/import/gnu/arm/5.4.1/bin/../lib/gcc/arm-none-eabi/5.4.1/../../../../arm-none-eabi/lib/armv7-m\libg_nano.a(lib_a-memset.o)
 .bss           0x00000000        0x0 c:/program files (x86)/cypress/psoc creator/4.4/psoc creator/import/gnu/arm/5.4.1/bin/../lib/gcc/arm-none-eabi/5.4.1/../../../../arm-none-eabi/lib/armv7-m\libg_nano.a(lib_a-memset.o)
 .data          0x00000000        0x0 c:/program files (x86)/cypress/psoc creator/4.4/psoc creator/import/gnu/arm/5.4.1/bin/../lib/gcc/arm-none-eabi/5.4.1/../../../../arm-none-eabi/lib/armv7-m\libg_nano.a(lib_a-strlen.o)
 .bss           0x00000000        0x0 c:/program files (x86)/cypress/psoc creator/4.4/psoc creator/import/gnu/arm/5.4.1/bin/../lib/gcc/arm-none-eabi/5.4.1/../../../../arm-none-eabi/lib/armv7-m\libg_nano.a(lib_a-strlen.o)
 .text          0x00000000        0x0 c:/program files (x86)/cypress/psoc creator/4.4/psoc creator/import/gnu/arm/5.4.1/bin/../lib/gcc/arm-none-eabi/5.4.1/armv7-m/crtend.o
 .data          0x00000000        0x0 c:/program files (x86)/cypress/psoc creator/4.4/psoc creator/import/gnu/arm/5.4.1/bin/../lib/gcc/arm-none-eabi/5.4.1/armv7-m/crtend.o
 .bss           0x00000000        0x0 c:/program files (x86)/cypress/psoc creator/4.4/psoc creator/import/gnu/arm/5.4.1/bin/../lib/gcc/arm-none-eabi/5.4.1/armv7-m/crtend.o
 .text          0x00000000        0x0 c:/program files (x86)/cypress/psoc creator/4.4/psoc creator/import/gnu/arm/5.4.1/bin/../lib/gcc/arm-none-eabi/5.4.1/armv7-m/crtn.o
 .data          0x00000000        0x0 c:/program files (x86)/cypress/psoc creator/4.4/psoc creator/import/gnu/arm/5.4.1/bin/../lib/gcc/arm-none-eabi/5.4.1/armv7-m/crtn.o
 .bss           0x00000000        0x0 c:/program files (x86)/cypress/psoc creator/4.4/psoc creator/import/gnu/arm/5.4.1/bin/../lib/gcc/arm-none-eabi/5.4.1/armv7-m/crtn.o

Memory Configuration

Name             Origin             Length             Attributes
rom              0x00000000         0x00040000         xr
ram              0x1fff8000         0x00010000         xrw
*default*        0x00000000         0xffffffff

Linker script and memory map

LOAD c:/program files (x86)/cypress/psoc creator/4.4/psoc creator/import/gnu/arm/5.4.1/bin/../lib/gcc/arm-none-eabi/5.4.1/armv7-m/crti.o
LOAD c:/program files (x86)/cypress/psoc creator/4.4/psoc creator/import/gnu/arm/5.4.1/bin/../lib/gcc/arm-none-eabi/5.4.1/armv7-m/crtbegin.o
LOAD c:/program files (x86)/cypress/psoc creator/4.4/psoc creator/import/gnu/arm/5.4.1/bin/../lib/gcc/arm-none-eabi/5.4.1/../../../../arm-none-eabi/lib/armv7-m/crt0.o
START GROUP
LOAD .\CortexM3\ARM_GCC_541\Debug\main.o
LOAD .\CortexM3\ARM_GCC_541\Debug\LiquidCrystal_I2C.o
LOAD .\CortexM3\ARM_GCC_541\Debug\cyfitter_cfg.o
LOAD .\CortexM3\ARM_GCC_541\Debug\cymetadata.o
LOAD .\CortexM3\ARM_GCC_541\Debug\Cm3Start.o
LOAD .\CortexM3\ARM_GCC_541\Debug\PruebaLCD.a
LOAD C:\Program Files (x86)\Cypress\PSoC Creator\4.4\PSoC Creator\psoc\content\cycomponentlibrary\CyComponentLibrary.cylib\CortexM3\ARM_GCC_541\Debug\CyComponentLibrary.a
END GROUP
START GROUP
LOAD c:/program files (x86)/cypress/psoc creator/4.4/psoc creator/import/gnu/arm/5.4.1/bin/../lib/gcc/arm-none-eabi/5.4.1/armv7-m\libgcc.a
LOAD c:/program files (x86)/cypress/psoc creator/4.4/psoc creator/import/gnu/arm/5.4.1/bin/../lib/gcc/arm-none-eabi/5.4.1/../../../../arm-none-eabi/lib/armv7-m\libg_nano.a
LOAD c:/program files (x86)/cypress/psoc creator/4.4/psoc creator/import/gnu/arm/5.4.1/bin/../lib/gcc/arm-none-eabi/5.4.1/../../../../arm-none-eabi/lib/armv7-m\libc_nano.a
END GROUP
START GROUP
LOAD c:/program files (x86)/cypress/psoc creator/4.4/psoc creator/import/gnu/arm/5.4.1/bin/../lib/gcc/arm-none-eabi/5.4.1/armv7-m\libgcc.a
LOAD c:/program files (x86)/cypress/psoc creator/4.4/psoc creator/import/gnu/arm/5.4.1/bin/../lib/gcc/arm-none-eabi/5.4.1/../../../../arm-none-eabi/lib/armv7-m\libc_nano.a
END GROUP
LOAD c:/program files (x86)/cypress/psoc creator/4.4/psoc creator/import/gnu/arm/5.4.1/bin/../lib/gcc/arm-none-eabi/5.4.1/armv7-m/crtend.o
LOAD c:/program files (x86)/cypress/psoc creator/4.4/psoc creator/import/gnu/arm/5.4.1/bin/../lib/gcc/arm-none-eabi/5.4.1/armv7-m/crtn.o
START GROUP
LOAD c:/program files (x86)/cypress/psoc creator/4.4/psoc creator/import/gnu/arm/5.4.1/bin/../lib/gcc/arm-none-eabi/5.4.1/armv7-m\libgcc.a
LOAD c:/program files (x86)/cypress/psoc creator/4.4/psoc creator/import/gnu/arm/5.4.1/bin/../lib/gcc/arm-none-eabi/5.4.1/../../../../arm-none-eabi/lib/armv7-m\libc.a
LOAD c:/program files (x86)/cypress/psoc creator/4.4/psoc creator/import/gnu/arm/5.4.1/bin/../lib/gcc/arm-none-eabi/5.4.1/../../../../arm-none-eabi/lib/armv7-m\libnosys.a
END GROUP
                0x00000000                CY_APPL_ORIGIN = 0x0
                0x00000100                CY_FLASH_ROW_SIZE = 0x100
                0x00000020                CY_ECC_ROW_SIZE = 0x20
                0x00000000                CY_EE_IN_BTLDR = 0x0
                0x00000000                CY_APPL_LOADABLE = 0x0
                0x00000800                CY_EE_SIZE = 0x800
                0x00000001                CY_APPL_NUM = 0x1
                0x00000001                CY_APPL_MAX = 0x1
                0x00000040                CY_METADATA_SIZE = 0x40
                0x00000000                CY_APPL_LOADABLE = 0x0
                0x00000000                CY_CHECKSUM_EXCLUDE_SIZE = ALIGN (0x0, CY_FLASH_ROW_SIZE)
                [!provide]                PROVIDE (__cy_heap_start, _end)
                0x00000001                PROVIDE (__cy_region_num, ((__cy_regions_end - __cy_regions) / 0x10))
                0x20008000                PROVIDE (__cy_stack, (ORIGIN (ram) + LENGTH (ram)))
                [!provide]                PROVIDE (__cy_heap_end, (__cy_stack - 0x800))

.cybootloader   0x00000000        0x0
 *(.cybootloader)
                0x00000000                appl1_start = CY_APPL_ORIGIN?CY_APPL_ORIGIN:ALIGN (CY_FLASH_ROW_SIZE)
                0x0001ff00                appl2_start = (appl1_start + ALIGN ((((LENGTH (rom) - appl1_start) - (0x2 * CY_FLASH_ROW_SIZE)) / 0x2), CY_FLASH_ROW_SIZE))
                0x00000000                appl_start = (CY_APPL_NUM == 0x1)?appl1_start:appl2_start
                0x00000000                ecc_offset = ((appl_start / CY_FLASH_ROW_SIZE) * CY_ECC_ROW_SIZE)
                0x00000000                ee_offset = (CY_APPL_LOADABLE && ! (CY_EE_IN_BTLDR))?((CY_EE_SIZE / CY_APPL_MAX) * (CY_APPL_NUM - 0x1)):0x0
                0x00000800                ee_size = (CY_APPL_LOADABLE && ! (CY_EE_IN_BTLDR))?(CY_EE_SIZE / CY_APPL_MAX):CY_EE_SIZE
                [!provide]                PROVIDE (CY_ECC_OFFSET, ecc_offset)

.text           0x00000000      0xb5e
 CREATE_OBJECT_SYMBOLS
                0x00000000                PROVIDE (__cy_interrupt_vector, RomVectors)
 *(.romvectors)
 .romvectors    0x00000000       0x10 .\CortexM3\ARM_GCC_541\Debug\Cm3Start.o
                0x00000000                RomVectors
                0x00000001                ASSERT ((. != __cy_interrupt_vector), No interrupt vector)
                0x00000001                ASSERT (CY_APPL_ORIGIN?(SIZEOF (.cybootloader) <= CY_APPL_ORIGIN):0x1, Wrong image location)
                0x00000010                PROVIDE (__cy_reset, Reset)
 *(.text.Reset)
 .text.Reset    0x00000010       0x18 .\CortexM3\ARM_GCC_541\Debug\Cm3Start.o
                0x00000010                Reset
                0x00000001                ASSERT ((. != __cy_reset), No reset code)
 *(.dma_init)
                0x00000001                ASSERT ((((appl_start + .) <= 0x10000) || 0x1), DMA Init must be within the first 64k of flash)
 *(.text .text.* .gnu.linkonce.t.*)
 .text          0x00000028       0x5c c:/program files (x86)/cypress/psoc creator/4.4/psoc creator/import/gnu/arm/5.4.1/bin/../lib/gcc/arm-none-eabi/5.4.1/armv7-m/crtbegin.o
 .text.main     0x00000084       0x3c .\CortexM3\ARM_GCC_541\Debug\main.o
                0x00000084                main
 .text.LiquidCrystal_I2C_init
                0x000000c0       0x30 .\CortexM3\ARM_GCC_541\Debug\LiquidCrystal_I2C.o
                0x000000c0                LiquidCrystal_I2C_init
 .text.I2C_M_write_byte
                0x000000f0       0x18 .\CortexM3\ARM_GCC_541\Debug\LiquidCrystal_I2C.o
                0x000000f0                I2C_M_write_byte
 .text.expanderWrite
                0x00000108       0x1c .\CortexM3\ARM_GCC_541\Debug\LiquidCrystal_I2C.o
                0x00000108                expanderWrite
 .text.pulseEnable
                0x00000124       0x24 .\CortexM3\ARM_GCC_541\Debug\LiquidCrystal_I2C.o
                0x00000124                pulseEnable
 .text.write4bits
                0x00000148       0x10 .\CortexM3\ARM_GCC_541\Debug\LiquidCrystal_I2C.o
                0x00000148                write4bits
 .text.send     0x00000158       0x20 .\CortexM3\ARM_GCC_541\Debug\LiquidCrystal_I2C.o
                0x00000158                send
 .text.command  0x00000178        0xc .\CortexM3\ARM_GCC_541\Debug\LiquidCrystal_I2C.o
                0x00000178                command
 .text.clear    0x00000184       0x10 .\CortexM3\ARM_GCC_541\Debug\LiquidCrystal_I2C.o
                0x00000184                clear
 .text.home     0x00000194       0x10 .\CortexM3\ARM_GCC_541\Debug\LiquidCrystal_I2C.o
                0x00000194                home
 .text.setCursor
                0x000001a4       0x44 .\CortexM3\ARM_GCC_541\Debug\LiquidCrystal_I2C.o
                0x000001a4                setCursor
 .text.display  0x000001e8       0x1c .\CortexM3\ARM_GCC_541\Debug\LiquidCrystal_I2C.o
                0x000001e8                display
 .text.write    0x00000204        0xc .\CortexM3\ARM_GCC_541\Debug\LiquidCrystal_I2C.o
                0x00000204                write
 .text.LCD_print
                0x00000210       0x20 .\CortexM3\ARM_GCC_541\Debug\LiquidCrystal_I2C.o
                0x00000210                LCD_print
 .text.begin    0x00000230       0xb4 .\CortexM3\ARM_GCC_541\Debug\LiquidCrystal_I2C.o
                0x00000230                begin
 .text.CyClockStartupError
                0x000002e4        0x4 .\CortexM3\ARM_GCC_541\Debug\cyfitter_cfg.o
 .text.cfg_write_bytes32
                0x000002e8       0x34 .\CortexM3\ARM_GCC_541\Debug\cyfitter_cfg.o
 .text.AnalogSetDefault
                0x0000031c       0x28 .\CortexM3\ARM_GCC_541\Debug\cyfitter_cfg.o
 .text.CYMEMZERO
                0x00000344        0xc .\CortexM3\ARM_GCC_541\Debug\cyfitter_cfg.o
 .text.ClockSetup
                0x00000350       0x9c .\CortexM3\ARM_GCC_541\Debug\cyfitter_cfg.o
 .text.CYCONFIGCPY
                0x000003ec        0x8 .\CortexM3\ARM_GCC_541\Debug\cyfitter_cfg.o
 .text.cyfitter_cfg
                0x000003f4       0xc4 .\CortexM3\ARM_GCC_541\Debug\cyfitter_cfg.o
                0x000003f4                cyfitter_cfg
 .text.IntDefaultHandler
                0x000004b8       0x10 .\CortexM3\ARM_GCC_541\Debug\Cm3Start.o
                0x000004b8                IntDefaultHandler
 .text.Start_c  0x000004c8       0x4c .\CortexM3\ARM_GCC_541\Debug\Cm3Start.o
                0x000004c8                Start_c
 .text.initialize_psoc
                0x00000514       0x68 .\CortexM3\ARM_GCC_541\Debug\Cm3Start.o
                0x00000514                initialize_psoc
 .text.I2C_Init
                0x0000057c       0x68 .\CortexM3\ARM_GCC_541\Debug\PruebaLCD.a(I2C.o)
                0x0000057c                I2C_Init
 .text.I2C_Enable
                0x000005e4       0x24 .\CortexM3\ARM_GCC_541\Debug\PruebaLCD.a(I2C.o)
                0x000005e4                I2C_Enable
 .text.I2C_Start
                0x00000608       0x28 .\CortexM3\ARM_GCC_541\Debug\PruebaLCD.a(I2C.o)
                0x00000608                I2C_Start
 .text.I2C_ISR  0x00000630      0x2d0 .\CortexM3\ARM_GCC_541\Debug\PruebaLCD.a(I2C_INT.o)
                0x00000630                I2C_ISR
 .text.I2C_MasterSendStart
                0x00000900       0x80 .\CortexM3\ARM_GCC_541\Debug\PruebaLCD.a(I2C_MASTER.o)
                0x00000900                I2C_MasterSendStart
 .text.I2C_MasterSendStop
                0x00000980       0x38 .\CortexM3\ARM_GCC_541\Debug\PruebaLCD.a(I2C_MASTER.o)
                0x00000980                I2C_MasterSendStop
 .text.I2C_MasterWriteByte
                0x000009b8       0x58 .\CortexM3\ARM_GCC_541\Debug\PruebaLCD.a(I2C_MASTER.o)
                0x000009b8                I2C_MasterWriteByte
 .text.CyHalt   0x00000a10        0x4 .\CortexM3\ARM_GCC_541\Debug\PruebaLCD.a(CyLib.o)
                0x00000a10                CyHalt
 .text.CyDelay  0x00000a14       0x2c .\CortexM3\ARM_GCC_541\Debug\PruebaLCD.a(CyLib.o)
                0x00000a14                CyDelay
 .text.CyDelayUs
                0x00000a40       0x14 .\CortexM3\ARM_GCC_541\Debug\PruebaLCD.a(CyLib.o)
                0x00000a40                CyDelayUs
 .text.CyIntSetVector
                0x00000a54       0x28 .\CortexM3\ARM_GCC_541\Debug\PruebaLCD.a(CyLib.o)
                0x00000a54                CyIntSetVector
 .text.CyIntSetPriority
                0x00000a7c       0x30 .\CortexM3\ARM_GCC_541\Debug\PruebaLCD.a(CyLib.o)
                0x00000a7c                CyIntSetPriority
 *fill*         0x00000aac        0x4 
 .text          0x00000ab0       0x20 .\CortexM3\ARM_GCC_541\Debug\PruebaLCD.a(CyBootAsmGnu.o)
                0x00000ab0                CyDelayCycles
                0x00000ac0                CyEnterCriticalSection
                0x00000ac8                CyExitCriticalSection
 .text.__errno  0x00000ad0        0xc c:/program files (x86)/cypress/psoc creator/4.4/psoc creator/import/gnu/arm/5.4.1/bin/../lib/gcc/arm-none-eabi/5.4.1/../../../../arm-none-eabi/lib/armv7-m\libg_nano.a(lib_a-errno.o)
                0x00000ad0                __errno
 .text.__libc_init_array
                0x00000adc       0x4c c:/program files (x86)/cypress/psoc creator/4.4/psoc creator/import/gnu/arm/5.4.1/bin/../lib/gcc/arm-none-eabi/5.4.1/../../../../arm-none-eabi/lib/armv7-m\libg_nano.a(lib_a-init.o)
                0x00000adc                __libc_init_array
 .text.memcpy   0x00000b28       0x16 c:/program files (x86)/cypress/psoc creator/4.4/psoc creator/import/gnu/arm/5.4.1/bin/../lib/gcc/arm-none-eabi/5.4.1/../../../../arm-none-eabi/lib/armv7-m\libg_nano.a(lib_a-memcpy-stub.o)
                0x00000b28                memcpy
 .text.memset   0x00000b3e       0x10 c:/program files (x86)/cypress/psoc creator/4.4/psoc creator/import/gnu/arm/5.4.1/bin/../lib/gcc/arm-none-eabi/5.4.1/../../../../arm-none-eabi/lib/armv7-m\libg_nano.a(lib_a-memset.o)
                0x00000b3e                memset
 .text          0x00000b4e       0x10 c:/program files (x86)/cypress/psoc creator/4.4/psoc creator/import/gnu/arm/5.4.1/bin/../lib/gcc/arm-none-eabi/5.4.1/../../../../arm-none-eabi/lib/armv7-m\libg_nano.a(lib_a-strlen.o)
                0x00000b4e                strlen
 *(.plt)
 *(.gnu.warning)
 *(.glue_7t)
 .glue_7t       0x00000b5e        0x0 linker stubs
 *(.glue_7)
 .glue_7        0x00000b5e        0x0 linker stubs
 *(.vfp11_veneer)
 .vfp11_veneer  0x00000b5e        0x0 linker stubs
 *(.bootloader)
 *(.ARM.extab* .gnu.linkonce.armextab.*)
 *(.gcc_except_table)

.v4_bx          0x00000b60        0x0
 .v4_bx         0x00000b60        0x0 linker stubs

.iplt           0x00000b60        0x0
 .iplt          0x00000b60        0x0 c:/program files (x86)/cypress/psoc creator/4.4/psoc creator/import/gnu/arm/5.4.1/bin/../lib/gcc/arm-none-eabi/5.4.1/armv7-m/crtbegin.o

.eh_frame_hdr
 *(.eh_frame_hdr)

.eh_frame       0x00000b60        0x4
 *(.eh_frame)
 .eh_frame      0x00000b60        0x0 c:/program files (x86)/cypress/psoc creator/4.4/psoc creator/import/gnu/arm/5.4.1/bin/../lib/gcc/arm-none-eabi/5.4.1/armv7-m/crtbegin.o
 .eh_frame      0x00000b60        0x4 c:/program files (x86)/cypress/psoc creator/4.4/psoc creator/import/gnu/arm/5.4.1/bin/../lib/gcc/arm-none-eabi/5.4.1/armv7-m/crtend.o
                [!provide]                PROVIDE (__exidx_start, .)

.ARM.exidx
 *(.ARM.exidx* .gnu.linkonce.armexidx.*)
                0x00000b64                __exidx_end = .

.rodata         0x00000b64       0x9c
 *(.rodata .rodata.* .gnu.linkonce.r.*)
 .rodata.str1.4
                0x00000b64       0x1c .\CortexM3\ARM_GCC_541\Debug\main.o
                                 0x19 (size before relaxing)
 .rodata        0x00000b80       0x10 .\CortexM3\ARM_GCC_541\Debug\LiquidCrystal_I2C.o
 .rodata        0x00000b90       0x36 .\CortexM3\ARM_GCC_541\Debug\cyfitter_cfg.o
 .rodata.str1.1
                0x00000bc6        0x2 c:/program files (x86)/cypress/psoc creator/4.4/psoc creator/import/gnu/arm/5.4.1/bin/../lib/gcc/arm-none-eabi/5.4.1/../../../../arm-none-eabi/lib/armv7-m\libg_nano.a(lib_a-impure.o)
                0x00000bc8                . = ALIGN (0x4)
 *(.init)
 .init          0x00000bc8        0x4 c:/program files (x86)/cypress/psoc creator/4.4/psoc creator/import/gnu/arm/5.4.1/bin/../lib/gcc/arm-none-eabi/5.4.1/armv7-m/crti.o
                0x00000bc8                _init
 .init          0x00000bcc        0x8 c:/program files (x86)/cypress/psoc creator/4.4/psoc creator/import/gnu/arm/5.4.1/bin/../lib/gcc/arm-none-eabi/5.4.1/armv7-m/crtn.o
                0x00000bd4                . = ALIGN (0x4)
                0x00000bd4                __preinit_array_start = .
 *(.preinit_array)
                0x00000bd4                __preinit_array_end = .
                0x00000bd4                . = ALIGN (0x4)
                0x00000bd4                __init_array_start = .
 *(SORT(.init_array.*))
 *(.init_array)
 .init_array    0x00000bd4        0x4 c:/program files (x86)/cypress/psoc creator/4.4/psoc creator/import/gnu/arm/5.4.1/bin/../lib/gcc/arm-none-eabi/5.4.1/armv7-m/crtbegin.o
 .init_array    0x00000bd8        0x4 .\CortexM3\ARM_GCC_541\Debug\Cm3Start.o
                0x00000bdc                __init_array_end = .
                0x00000bdc                . = ALIGN (0x4)
 *(.fini)
 .fini          0x00000bdc        0x4 c:/program files (x86)/cypress/psoc creator/4.4/psoc creator/import/gnu/arm/5.4.1/bin/../lib/gcc/arm-none-eabi/5.4.1/armv7-m/crti.o
                0x00000bdc                _fini
 .fini          0x00000be0        0x8 c:/program files (x86)/cypress/psoc creator/4.4/psoc creator/import/gnu/arm/5.4.1/bin/../lib/gcc/arm-none-eabi/5.4.1/armv7-m/crtn.o
                0x00000be8                . = ALIGN (0x4)
                0x00000be8                __fini_array_start = .
 *(.fini_array)
 .fini_array    0x00000be8        0x4 c:/program files (x86)/cypress/psoc creator/4.4/psoc creator/import/gnu/arm/5.4.1/bin/../lib/gcc/arm-none-eabi/5.4.1/armv7-m/crtbegin.o
 *(SORT(.fini_array.*))
                0x00000bec                __fini_array_end = .
                0x00000bec                . = ALIGN (0x4)
 *crtbegin.o(.ctors)
 *(EXCLUDE_FILE(*crtend.o) .ctors)
 *(SORT(.ctors.*))
 *crtend.o(.ctors)
                0x00000bec                . = ALIGN (0x4)
 *crtbegin.o(.dtors)
 *(EXCLUDE_FILE(*crtend.o) .dtors)
 *(SORT(.dtors.*))
 *crtend.o(.dtors)
                0x00000bec                . = ALIGN (0x4)
                0x00000bec                __cy_regions = .
                0x00000bec        0x4 LONG 0xc00 __cy_region_init_ram
                0x00000bf0        0x4 LONG 0x1fff80c8 __cy_region_start_data
                0x00000bf4        0x4 LONG 0x80 __cy_region_init_size_ram
                0x00000bf8        0x4 LONG 0x38 __cy_region_zero_size_ram
                0x00000bfc                __cy_regions_end = .
                0x00000c00                . = ALIGN (0x8)
 *fill*         0x00000bfc        0x4 
                0x00000c00                _etext = .

.cy_checksum_exclude
                0x00000c00        0x0
 *(.cy_checksum_exclude)

.ramvectors     0x1fff8000       0xc0
                0x1fff8000                __cy_region_start_ram = .
 *(.ramvectors)
 .ramvectors    0x1fff8000       0xc0 .\CortexM3\ARM_GCC_541\Debug\Cm3Start.o
                0x1fff8000                CyRamVectors

.noinit         0x1fff80c0        0x1
 *(.noinit)
 .noinit        0x1fff80c0        0x1 .\CortexM3\ARM_GCC_541\Debug\PruebaLCD.a(CyLib.o)
                0x1fff80c0                CyResetStatus

.data           0x1fff80c8       0x80 load address 0x00000c00
                0x1fff80c8                __cy_region_start_data = .
 *(.jcr)
 .jcr           0x1fff80c8        0x0 c:/program files (x86)/cypress/psoc creator/4.4/psoc creator/import/gnu/arm/5.4.1/bin/../lib/gcc/arm-none-eabi/5.4.1/armv7-m/crtbegin.o
 .jcr           0x1fff80c8        0x4 c:/program files (x86)/cypress/psoc creator/4.4/psoc creator/import/gnu/arm/5.4.1/bin/../lib/gcc/arm-none-eabi/5.4.1/armv7-m/crtend.o
 *(.got.plt)
 *(.got)
 *(.shdata)
 *(.data .data.* .gnu.linkonce.d.*)
 .data          0x1fff80cc        0x4 .\CortexM3\ARM_GCC_541\Debug\main.o
                0x1fff80cc                Addr
 .data          0x1fff80d0       0x10 .\CortexM3\ARM_GCC_541\Debug\PruebaLCD.a(CyLib.o)
                0x1fff80d0                cydelay_32k_ms
                0x1fff80d4                cydelay_freq_khz
                0x1fff80d8                cydelay_freq_mhz
                0x1fff80dc                cydelay_freq_hz
 .data.impure_data
                0x1fff80e0       0x60 c:/program files (x86)/cypress/psoc creator/4.4/psoc creator/import/gnu/arm/5.4.1/bin/../lib/gcc/arm-none-eabi/5.4.1/../../../../arm-none-eabi/lib/armv7-m\libg_nano.a(lib_a-impure.o)
 .data._impure_ptr
                0x1fff8140        0x4 c:/program files (x86)/cypress/psoc creator/4.4/psoc creator/import/gnu/arm/5.4.1/bin/../lib/gcc/arm-none-eabi/5.4.1/../../../../arm-none-eabi/lib/armv7-m\libg_nano.a(lib_a-impure.o)
                0x1fff8140                _impure_ptr
                0x1fff8148                . = ALIGN (0x8)
 *fill*         0x1fff8144        0x4 
 *(.ram)
                0x1fff8148                _edata = .

.igot.plt       0x1fff8148        0x0 load address 0x00000c80
 .igot.plt      0x1fff8148        0x0 c:/program files (x86)/cypress/psoc creator/4.4/psoc creator/import/gnu/arm/5.4.1/bin/../lib/gcc/arm-none-eabi/5.4.1/armv7-m/crtbegin.o

.bss            0x1fff8148       0x38 load address 0x00000c80
                0x1fff8148                PROVIDE (__bss_start__, .)
 *(.shbss)
 *(.bss .bss.* .gnu.linkonce.b.*)
 .bss           0x1fff8148       0x1c c:/program files (x86)/cypress/psoc creator/4.4/psoc creator/import/gnu/arm/5.4.1/bin/../lib/gcc/arm-none-eabi/5.4.1/armv7-m/crtbegin.o
 .bss           0x1fff8164        0x1 .\CortexM3\ARM_GCC_541\Debug\PruebaLCD.a(I2C.o)
                0x1fff8164                I2C_initVar
 *(COMMON)
 COMMON         0x1fff8165        0x8 .\CortexM3\ARM_GCC_541\Debug\LiquidCrystal_I2C.o
                0x1fff8165                _backlightval
                0x1fff8166                _addr
                0x1fff8167                _displaycontrol
                0x1fff8168                _charsize
                0x1fff8169                _displaymode
                0x1fff816a                _displayfunction
                0x1fff816b                _cols
                0x1fff816c                _rows
 COMMON         0x1fff816d        0x1 .\CortexM3\ARM_GCC_541\Debug\PruebaLCD.a(I2C.o)
                0x1fff816d                I2C_state
 *fill*         0x1fff816e        0x2 
 COMMON         0x1fff8170       0x10 .\CortexM3\ARM_GCC_541\Debug\PruebaLCD.a(I2C_MASTER.o)
                0x1fff8170                I2C_mstrWrBufIndex
                0x1fff8171                I2C_mstrWrBufSize
                0x1fff8172                I2C_mstrStatus
                0x1fff8174                I2C_mstrRdBufPtr
                0x1fff8178                I2C_mstrControl
                0x1fff8179                I2C_mstrRdBufSize
                0x1fff817a                I2C_mstrRdBufIndex
                0x1fff817c                I2C_mstrWrBufPtr
                0x1fff8180                . = ALIGN (0x8)
 *(.ram.b)
                0x1fff8180                _end = .
                0x1fff8180                __end = .
                0x1fff8180                PROVIDE (end, .)
                0x1fff8180                PROVIDE (__bss_end__, .)
                0x00000c00                __cy_region_init_ram = LOADADDR (.data)
                0x00000080                __cy_region_init_size_ram = (_edata - ADDR (.data))
                0x00000038                __cy_region_zero_size_ram = (_end - _edata)

.heap           0x1fff8180       0x80 load address 0x00000c80
                0x1fff8180                . = _end
                0x1fff8200                . = (. + 0x80)
 *fill*         0x1fff8180       0x80 
                0x1fff8200                __cy_heap_limit = .

.stack          0x20007800      0x800
                0x20007800                __cy_stack_limit = .
                0x20008000                . = (. + 0x800)
 *fill*         0x20007800      0x800 
                0x00000001                ASSERT ((__cy_stack_limit >= __cy_heap_limit), region RAM overflowed with stack)
                0x00000000                cy_checksum_exclude_size = (CY_APPL_LOADABLE == 0x1)?SIZEOF (.cy_checksum_exclude):0x0
                0x00000001                ASSERT ((cy_checksum_exclude_size <= CY_CHECKSUM_EXCLUDE_SIZE), CY_BOOT: Section .cy_checksum_exclude size exceedes specified limit.)

.cyloadermeta
 *(.cyloadermeta)

.cyloadablemeta
 *(.cyloadablemeta)

.cyconfigecc    0x80000000       0xd0
 *(.cyconfigecc)
 .cyconfigecc   0x80000000       0xd0 .\CortexM3\ARM_GCC_541\Debug\cymetadata.o
                0x80000000                cy_meta_configecc

.cycustnvl      0x90000000        0x4
 *(.cycustnvl)
 .cycustnvl     0x90000000        0x4 .\CortexM3\ARM_GCC_541\Debug\cymetadata.o
                0x90000000                cy_meta_custnvl

.cywolatch      0x90100000        0x4
 *(.cywolatch)
 .cywolatch     0x90100000        0x4 .\CortexM3\ARM_GCC_541\Debug\cymetadata.o
                0x90100000                cy_meta_wonvl

.cyeeprom       0x90200000        0x0
 *(.cyeeprom)
                0x00000001                ASSERT ((. <= ((0x90200000 + ee_offset) + ee_size)), .cyeeprom data will not fit in EEPROM)

.cyflashprotect
                0x90400000      0x100
 *(.cyflashprotect)
 .cyflashprotect
                0x90400000      0x100 .\CortexM3\ARM_GCC_541\Debug\cymetadata.o
                0x90400000                cy_meta_flashprotect

.cymeta         0x90500000        0xc
 *(.cymeta)
 .cymeta        0x90500000        0xc .\CortexM3\ARM_GCC_541\Debug\cymetadata.o
                0x90500000                cy_metadata

.rel.dyn        0x00000c80        0x0 load address 0x9050000c
 .rel.iplt      0x00000c80        0x0 c:/program files (x86)/cypress/psoc creator/4.4/psoc creator/import/gnu/arm/5.4.1/bin/../lib/gcc/arm-none-eabi/5.4.1/armv7-m/crtbegin.o

.stab
 *(.stab)

.stabstr
 *(.stabstr)

.debug
 *(.debug)

.line
 *(.line)

.debug_srcinfo
 *(.debug_srcinfo)

.debug_sfnames
 *(.debug_sfnames)

.debug_aranges  0x00000000      0x750
 *(.debug_aranges)
 .debug_aranges
                0x00000000       0x20 .\CortexM3\ARM_GCC_541\Debug\main.o
 .debug_aranges
                0x00000020      0x108 .\CortexM3\ARM_GCC_541\Debug\LiquidCrystal_I2C.o
 .debug_aranges
                0x00000128       0x58 .\CortexM3\ARM_GCC_541\Debug\cyfitter_cfg.o
 .debug_aranges
                0x00000180       0x18 .\CortexM3\ARM_GCC_541\Debug\cymetadata.o
 .debug_aranges
                0x00000198       0x48 .\CortexM3\ARM_GCC_541\Debug\Cm3Start.o
 .debug_aranges
                0x000001e0       0x38 .\CortexM3\ARM_GCC_541\Debug\PruebaLCD.a(I2C.o)
 .debug_aranges
                0x00000218       0x20 .\CortexM3\ARM_GCC_541\Debug\PruebaLCD.a(I2C_INT.o)
 .debug_aranges
                0x00000238       0x38 .\CortexM3\ARM_GCC_541\Debug\PruebaLCD.a(I2C_PM.o)
 .debug_aranges
                0x00000270       0x80 .\CortexM3\ARM_GCC_541\Debug\PruebaLCD.a(I2C_MASTER.o)
 .debug_aranges
                0x000002f0      0x2a0 .\CortexM3\ARM_GCC_541\Debug\PruebaLCD.a(CyLib.o)
 .debug_aranges
                0x00000590       0x98 .\CortexM3\ARM_GCC_541\Debug\PruebaLCD.a(cyPm.o)
 .debug_aranges
                0x00000628       0x20 .\CortexM3\ARM_GCC_541\Debug\PruebaLCD.a(CyBootAsmGnu.o)
 .debug_aranges
                0x00000648       0x88 .\CortexM3\ARM_GCC_541\Debug\PruebaLCD.a(CyFlash.o)
 .debug_aranges
                0x000006d0       0x80 .\CortexM3\ARM_GCC_541\Debug\PruebaLCD.a(CySpc.o)

.debug_pubnames
 *(.debug_pubnames)

.debug_info     0x00000000     0x4870
 *(.debug_info .gnu.linkonce.wi.*)
 .debug_info    0x00000000      0x19f .\CortexM3\ARM_GCC_541\Debug\main.o
 .debug_info    0x0000019f      0x925 .\CortexM3\ARM_GCC_541\Debug\LiquidCrystal_I2C.o
 .debug_info    0x00000ac4      0x4a7 .\CortexM3\ARM_GCC_541\Debug\cyfitter_cfg.o
 .debug_info    0x00000f6b      0x134 .\CortexM3\ARM_GCC_541\Debug\cymetadata.o
 .debug_info    0x0000109f      0x3bb .\CortexM3\ARM_GCC_541\Debug\Cm3Start.o
 .debug_info    0x0000145a      0x2ad .\CortexM3\ARM_GCC_541\Debug\PruebaLCD.a(I2C.o)
 .debug_info    0x00001707      0x184 .\CortexM3\ARM_GCC_541\Debug\PruebaLCD.a(I2C_INT.o)
 .debug_info    0x0000188b      0x207 .\CortexM3\ARM_GCC_541\Debug\PruebaLCD.a(I2C_PM.o)
 .debug_info    0x00001a92      0x407 .\CortexM3\ARM_GCC_541\Debug\PruebaLCD.a(I2C_MASTER.o)
 .debug_info    0x00001e99     0x1374 .\CortexM3\ARM_GCC_541\Debug\PruebaLCD.a(CyLib.o)
 .debug_info    0x0000320d      0xa2a .\CortexM3\ARM_GCC_541\Debug\PruebaLCD.a(cyPm.o)
 .debug_info    0x00003c37       0x9c .\CortexM3\ARM_GCC_541\Debug\PruebaLCD.a(CyBootAsmGnu.o)
 .debug_info    0x00003cd3      0x64d .\CortexM3\ARM_GCC_541\Debug\PruebaLCD.a(CyFlash.o)
 .debug_info    0x00004320      0x550 .\CortexM3\ARM_GCC_541\Debug\PruebaLCD.a(CySpc.o)

.debug_abbrev   0x00000000     0x11af
 *(.debug_abbrev)
 .debug_abbrev  0x00000000       0xbd .\CortexM3\ARM_GCC_541\Debug\main.o
 .debug_abbrev  0x000000bd      0x167 .\CortexM3\ARM_GCC_541\Debug\LiquidCrystal_I2C.o
 .debug_abbrev  0x00000224      0x1fe .\CortexM3\ARM_GCC_541\Debug\cyfitter_cfg.o
 .debug_abbrev  0x00000422       0x5d .\CortexM3\ARM_GCC_541\Debug\cymetadata.o
 .debug_abbrev  0x0000047f      0x1e8 .\CortexM3\ARM_GCC_541\Debug\Cm3Start.o
 .debug_abbrev  0x00000667      0x10a .\CortexM3\ARM_GCC_541\Debug\PruebaLCD.a(I2C.o)
 .debug_abbrev  0x00000771       0xb6 .\CortexM3\ARM_GCC_541\Debug\PruebaLCD.a(I2C_INT.o)
 .debug_abbrev  0x00000827       0xfe .\CortexM3\ARM_GCC_541\Debug\PruebaLCD.a(I2C_PM.o)
 .debug_abbrev  0x00000925      0x13c .\CortexM3\ARM_GCC_541\Debug\PruebaLCD.a(I2C_MASTER.o)
 .debug_abbrev  0x00000a61      0x254 .\CortexM3\ARM_GCC_541\Debug\PruebaLCD.a(CyLib.o)
 .debug_abbrev  0x00000cb5      0x1ab .\CortexM3\ARM_GCC_541\Debug\PruebaLCD.a(cyPm.o)
 .debug_abbrev  0x00000e60       0x14 .\CortexM3\ARM_GCC_541\Debug\PruebaLCD.a(CyBootAsmGnu.o)
 .debug_abbrev  0x00000e74      0x1a7 .\CortexM3\ARM_GCC_541\Debug\PruebaLCD.a(CyFlash.o)
 .debug_abbrev  0x0000101b      0x194 .\CortexM3\ARM_GCC_541\Debug\PruebaLCD.a(CySpc.o)

.debug_line     0x00000000     0x2006
 *(.debug_line)
 .debug_line    0x00000000      0x17f .\CortexM3\ARM_GCC_541\Debug\main.o
 .debug_line    0x0000017f      0x43f .\CortexM3\ARM_GCC_541\Debug\LiquidCrystal_I2C.o
 .debug_line    0x000005be      0x1d1 .\CortexM3\ARM_GCC_541\Debug\cyfitter_cfg.o
 .debug_line    0x0000078f      0x141 .\CortexM3\ARM_GCC_541\Debug\cymetadata.o
 .debug_line    0x000008d0      0x234 .\CortexM3\ARM_GCC_541\Debug\Cm3Start.o
 .debug_line    0x00000b04       0xd9 .\CortexM3\ARM_GCC_541\Debug\PruebaLCD.a(I2C.o)
 .debug_line    0x00000bdd      0x114 .\CortexM3\ARM_GCC_541\Debug\PruebaLCD.a(I2C_INT.o)
 .debug_line    0x00000cf1       0xbb .\CortexM3\ARM_GCC_541\Debug\PruebaLCD.a(I2C_PM.o)
 .debug_line    0x00000dac      0x1fd .\CortexM3\ARM_GCC_541\Debug\PruebaLCD.a(I2C_MASTER.o)
 .debug_line    0x00000fa9      0x816 .\CortexM3\ARM_GCC_541\Debug\PruebaLCD.a(CyLib.o)
 .debug_line    0x000017bf      0x367 .\CortexM3\ARM_GCC_541\Debug\PruebaLCD.a(cyPm.o)
 .debug_line    0x00001b26       0x66 .\CortexM3\ARM_GCC_541\Debug\PruebaLCD.a(CyBootAsmGnu.o)
 .debug_line    0x00001b8c      0x21a .\CortexM3\ARM_GCC_541\Debug\PruebaLCD.a(CyFlash.o)
 .debug_line    0x00001da6      0x260 .\CortexM3\ARM_GCC_541\Debug\PruebaLCD.a(CySpc.o)

.debug_frame    0x00000000     0x14a4
 *(.debug_frame)
 .debug_frame   0x00000000       0x2c .\CortexM3\ARM_GCC_541\Debug\main.o
 .debug_frame   0x0000002c      0x36c .\CortexM3\ARM_GCC_541\Debug\LiquidCrystal_I2C.o
 .debug_frame   0x00000398       0xe4 .\CortexM3\ARM_GCC_541\Debug\cyfitter_cfg.o
 .debug_frame   0x0000047c       0xb8 .\CortexM3\ARM_GCC_541\Debug\Cm3Start.o
 .debug_frame   0x00000534       0x94 .\CortexM3\ARM_GCC_541\Debug\PruebaLCD.a(I2C.o)
 .debug_frame   0x000005c8       0x30 .\CortexM3\ARM_GCC_541\Debug\PruebaLCD.a(I2C_INT.o)
 .debug_frame   0x000005f8       0x74 .\CortexM3\ARM_GCC_541\Debug\PruebaLCD.a(I2C_PM.o)
 .debug_frame   0x0000066c      0x138 .\CortexM3\ARM_GCC_541\Debug\PruebaLCD.a(I2C_MASTER.o)
 .debug_frame   0x000007a4      0x738 .\CortexM3\ARM_GCC_541\Debug\PruebaLCD.a(CyLib.o)
 .debug_frame   0x00000edc      0x1f8 .\CortexM3\ARM_GCC_541\Debug\PruebaLCD.a(cyPm.o)
 .debug_frame   0x000010d4      0x194 .\CortexM3\ARM_GCC_541\Debug\PruebaLCD.a(CyFlash.o)
 .debug_frame   0x00001268      0x180 .\CortexM3\ARM_GCC_541\Debug\PruebaLCD.a(CySpc.o)
 .debug_frame   0x000013e8       0x20 c:/program files (x86)/cypress/psoc creator/4.4/psoc creator/import/gnu/arm/5.4.1/bin/../lib/gcc/arm-none-eabi/5.4.1/../../../../arm-none-eabi/lib/armv7-m\libg_nano.a(lib_a-errno.o)
 .debug_frame   0x00001408       0x28 c:/program files (x86)/cypress/psoc creator/4.4/psoc creator/import/gnu/arm/5.4.1/bin/../lib/gcc/arm-none-eabi/5.4.1/../../../../arm-none-eabi/lib/armv7-m\libg_nano.a(lib_a-exit.o)
 .debug_frame   0x00001430       0x2c c:/program files (x86)/cypress/psoc creator/4.4/psoc creator/import/gnu/arm/5.4.1/bin/../lib/gcc/arm-none-eabi/5.4.1/../../../../arm-none-eabi/lib/armv7-m\libg_nano.a(lib_a-init.o)
 .debug_frame   0x0000145c       0x28 c:/program files (x86)/cypress/psoc creator/4.4/psoc creator/import/gnu/arm/5.4.1/bin/../lib/gcc/arm-none-eabi/5.4.1/../../../../arm-none-eabi/lib/armv7-m\libg_nano.a(lib_a-memcpy-stub.o)
 .debug_frame   0x00001484       0x20 c:/program files (x86)/cypress/psoc creator/4.4/psoc creator/import/gnu/arm/5.4.1/bin/../lib/gcc/arm-none-eabi/5.4.1/../../../../arm-none-eabi/lib/armv7-m\libg_nano.a(lib_a-memset.o)

.debug_str      0x00000000     0x1802
 *(.debug_str)
 .debug_str     0x00000000      0x1b0 .\CortexM3\ARM_GCC_541\Debug\main.o
                                0x206 (size before relaxing)
 .debug_str     0x000001b0      0x23e .\CortexM3\ARM_GCC_541\Debug\LiquidCrystal_I2C.o
                                0x465 (size before relaxing)
 .debug_str     0x000003ee      0x181 .\CortexM3\ARM_GCC_541\Debug\cyfitter_cfg.o
                                0x31b (size before relaxing)
 .debug_str     0x0000056f       0x75 .\CortexM3\ARM_GCC_541\Debug\cymetadata.o
                                0x1f0 (size before relaxing)
 .debug_str     0x000005e4      0x13f .\CortexM3\ARM_GCC_541\Debug\Cm3Start.o
                                0x316 (size before relaxing)
 .debug_str     0x00000723      0x12a .\CortexM3\ARM_GCC_541\Debug\PruebaLCD.a(I2C.o)
                                0x2ed (size before relaxing)
 .debug_str     0x0000084d       0x86 .\CortexM3\ARM_GCC_541\Debug\PruebaLCD.a(I2C_INT.o)
                                0x26b (size before relaxing)
 .debug_str     0x000008d3       0x56 .\CortexM3\ARM_GCC_541\Debug\PruebaLCD.a(I2C_PM.o)
                                0x289 (size before relaxing)
 .debug_str     0x00000929      0x135 .\CortexM3\ARM_GCC_541\Debug\PruebaLCD.a(I2C_MASTER.o)
                                0x3b0 (size before relaxing)
 .debug_str     0x00000a5e      0x7d8 .\CortexM3\ARM_GCC_541\Debug\PruebaLCD.a(CyLib.o)
                                0xa53 (size before relaxing)
 .debug_str     0x00001236      0x365 .\CortexM3\ARM_GCC_541\Debug\PruebaLCD.a(cyPm.o)
                                0x73f (size before relaxing)
 .debug_str     0x0000159b      0x1bb .\CortexM3\ARM_GCC_541\Debug\PruebaLCD.a(CyFlash.o)
                                0x3cc (size before relaxing)
 .debug_str     0x00001756       0xac .\CortexM3\ARM_GCC_541\Debug\PruebaLCD.a(CySpc.o)
                                0x344 (size before relaxing)

.debug_loc      0x00000000     0x2290
 *(.debug_loc)
 .debug_loc     0x00000000      0x325 .\CortexM3\ARM_GCC_541\Debug\LiquidCrystal_I2C.o
 .debug_loc     0x00000325      0x1d7 .\CortexM3\ARM_GCC_541\Debug\cyfitter_cfg.o
 .debug_loc     0x000004fc      0x144 .\CortexM3\ARM_GCC_541\Debug\Cm3Start.o
 .debug_loc     0x00000640       0x39 .\CortexM3\ARM_GCC_541\Debug\PruebaLCD.a(I2C.o)
 .debug_loc     0x00000679       0x29 .\CortexM3\ARM_GCC_541\Debug\PruebaLCD.a(I2C_INT.o)
 .debug_loc     0x000006a2       0x13 .\CortexM3\ARM_GCC_541\Debug\PruebaLCD.a(I2C_PM.o)
 .debug_loc     0x000006b5      0x52f .\CortexM3\ARM_GCC_541\Debug\PruebaLCD.a(I2C_MASTER.o)
 .debug_loc     0x00000be4      0xa11 .\CortexM3\ARM_GCC_541\Debug\PruebaLCD.a(CyLib.o)
 .debug_loc     0x000015f5      0x1e4 .\CortexM3\ARM_GCC_541\Debug\PruebaLCD.a(cyPm.o)
 .debug_loc     0x000017d9      0x3b2 .\CortexM3\ARM_GCC_541\Debug\PruebaLCD.a(CyFlash.o)
 .debug_loc     0x00001b8b      0x705 .\CortexM3\ARM_GCC_541\Debug\PruebaLCD.a(CySpc.o)

.debug_macinfo
 *(.debug_macinfo)

.debug_ranges   0x00000000      0x658
 *(.debug_ranges)
 .debug_ranges  0x00000000       0x10 .\CortexM3\ARM_GCC_541\Debug\main.o
 .debug_ranges  0x00000010       0xf8 .\CortexM3\ARM_GCC_541\Debug\LiquidCrystal_I2C.o
 .debug_ranges  0x00000108       0x48 .\CortexM3\ARM_GCC_541\Debug\cyfitter_cfg.o
 .debug_ranges  0x00000150       0x38 .\CortexM3\ARM_GCC_541\Debug\Cm3Start.o
 .debug_ranges  0x00000188       0x28 .\CortexM3\ARM_GCC_541\Debug\PruebaLCD.a(I2C.o)
 .debug_ranges  0x000001b0       0x10 .\CortexM3\ARM_GCC_541\Debug\PruebaLCD.a(I2C_INT.o)
 .debug_ranges  0x000001c0       0x28 .\CortexM3\ARM_GCC_541\Debug\PruebaLCD.a(I2C_PM.o)
 .debug_ranges  0x000001e8       0x70 .\CortexM3\ARM_GCC_541\Debug\PruebaLCD.a(I2C_MASTER.o)
 .debug_ranges  0x00000258      0x290 .\CortexM3\ARM_GCC_541\Debug\PruebaLCD.a(CyLib.o)
 .debug_ranges  0x000004e8       0x88 .\CortexM3\ARM_GCC_541\Debug\PruebaLCD.a(cyPm.o)
 .debug_ranges  0x00000570       0x78 .\CortexM3\ARM_GCC_541\Debug\PruebaLCD.a(CyFlash.o)
 .debug_ranges  0x000005e8       0x70 .\CortexM3\ARM_GCC_541\Debug\PruebaLCD.a(CySpc.o)

.comment        0x00000000       0x6e
 .comment       0x00000000       0x6e .\CortexM3\ARM_GCC_541\Debug\main.o
                                 0x6f (size before relaxing)
 .comment       0x0000006e       0x6f .\CortexM3\ARM_GCC_541\Debug\LiquidCrystal_I2C.o
 .comment       0x0000006e       0x6f .\CortexM3\ARM_GCC_541\Debug\cyfitter_cfg.o
 .comment       0x0000006e       0x6f .\CortexM3\ARM_GCC_541\Debug\cymetadata.o
 .comment       0x0000006e       0x6f .\CortexM3\ARM_GCC_541\Debug\Cm3Start.o
 .comment       0x0000006e       0x6f .\CortexM3\ARM_GCC_541\Debug\PruebaLCD.a(I2C.o)
 .comment       0x0000006e       0x6f .\CortexM3\ARM_GCC_541\Debug\PruebaLCD.a(I2C_INT.o)
 .comment       0x0000006e       0x6f .\CortexM3\ARM_GCC_541\Debug\PruebaLCD.a(I2C_PM.o)
 .comment       0x0000006e       0x6f .\CortexM3\ARM_GCC_541\Debug\PruebaLCD.a(I2C_MASTER.o)
 .comment       0x0000006e       0x6f .\CortexM3\ARM_GCC_541\Debug\PruebaLCD.a(CyLib.o)
 .comment       0x0000006e       0x6f .\CortexM3\ARM_GCC_541\Debug\PruebaLCD.a(cyPm.o)
 .comment       0x0000006e       0x6f .\CortexM3\ARM_GCC_541\Debug\PruebaLCD.a(CyFlash.o)
 .comment       0x0000006e       0x6f .\CortexM3\ARM_GCC_541\Debug\PruebaLCD.a(CySpc.o)

.debug_weaknames
 *(.debug_weaknames)

.debug_funcnames
 *(.debug_funcnames)

.debug_typenames
 *(.debug_typenames)

.debug_varnames
 *(.debug_varnames)

.note.gnu.arm.ident
 *(.note.gnu.arm.ident)

.ARM.attributes
                0x00000000       0x29
 *(.ARM.attributes)
 .ARM.attributes
                0x00000000       0x1d c:/program files (x86)/cypress/psoc creator/4.4/psoc creator/import/gnu/arm/5.4.1/bin/../lib/gcc/arm-none-eabi/5.4.1/armv7-m/crti.o
 .ARM.attributes
                0x0000001d       0x2d c:/program files (x86)/cypress/psoc creator/4.4/psoc creator/import/gnu/arm/5.4.1/bin/../lib/gcc/arm-none-eabi/5.4.1/armv7-m/crtbegin.o
 .ARM.attributes
                0x0000004a       0x1b c:/program files (x86)/cypress/psoc creator/4.4/psoc creator/import/gnu/arm/5.4.1/bin/../lib/gcc/arm-none-eabi/5.4.1/../../../../arm-none-eabi/lib/armv7-m/crt0.o
 .ARM.attributes
                0x00000065       0x33 .\CortexM3\ARM_GCC_541\Debug\main.o
 .ARM.attributes
                0x00000098       0x33 .\CortexM3\ARM_GCC_541\Debug\LiquidCrystal_I2C.o
 .ARM.attributes
                0x000000cb       0x33 .\CortexM3\ARM_GCC_541\Debug\cyfitter_cfg.o
 .ARM.attributes
                0x000000fe       0x33 .\CortexM3\ARM_GCC_541\Debug\cymetadata.o
 .ARM.attributes
                0x00000131       0x33 .\CortexM3\ARM_GCC_541\Debug\Cm3Start.o
 .ARM.attributes
                0x00000164       0x33 .\CortexM3\ARM_GCC_541\Debug\PruebaLCD.a(I2C.o)
 .ARM.attributes
                0x00000197       0x33 .\CortexM3\ARM_GCC_541\Debug\PruebaLCD.a(I2C_INT.o)
 .ARM.attributes
                0x000001ca       0x33 .\CortexM3\ARM_GCC_541\Debug\PruebaLCD.a(I2C_PM.o)
 .ARM.attributes
                0x000001fd       0x33 .\CortexM3\ARM_GCC_541\Debug\PruebaLCD.a(I2C_MASTER.o)
 .ARM.attributes
                0x00000230       0x33 .\CortexM3\ARM_GCC_541\Debug\PruebaLCD.a(CyLib.o)
 .ARM.attributes
                0x00000263       0x33 .\CortexM3\ARM_GCC_541\Debug\PruebaLCD.a(cyPm.o)
 .ARM.attributes
                0x00000296       0x21 .\CortexM3\ARM_GCC_541\Debug\PruebaLCD.a(CyBootAsmGnu.o)
 .ARM.attributes
                0x000002b7       0x33 .\CortexM3\ARM_GCC_541\Debug\PruebaLCD.a(CyFlash.o)
 .ARM.attributes
                0x000002ea       0x33 .\CortexM3\ARM_GCC_541\Debug\PruebaLCD.a(CySpc.o)
 .ARM.attributes
                0x0000031d       0x2d c:/program files (x86)/cypress/psoc creator/4.4/psoc creator/import/gnu/arm/5.4.1/bin/../lib/gcc/arm-none-eabi/5.4.1/../../../../arm-none-eabi/lib/armv7-m\libg_nano.a(lib_a-errno.o)
 .ARM.attributes
                0x0000034a       0x2d c:/program files (x86)/cypress/psoc creator/4.4/psoc creator/import/gnu/arm/5.4.1/bin/../lib/gcc/arm-none-eabi/5.4.1/../../../../arm-none-eabi/lib/armv7-m\libg_nano.a(lib_a-exit.o)
 .ARM.attributes
                0x00000377       0x2d c:/program files (x86)/cypress/psoc creator/4.4/psoc creator/import/gnu/arm/5.4.1/bin/../lib/gcc/arm-none-eabi/5.4.1/../../../../arm-none-eabi/lib/armv7-m\libg_nano.a(lib_a-impure.o)
 .ARM.attributes
                0x000003a4       0x2d c:/program files (x86)/cypress/psoc creator/4.4/psoc creator/import/gnu/arm/5.4.1/bin/../lib/gcc/arm-none-eabi/5.4.1/../../../../arm-none-eabi/lib/armv7-m\libg_nano.a(lib_a-init.o)
 .ARM.attributes
                0x000003d1       0x2d c:/program files (x86)/cypress/psoc creator/4.4/psoc creator/import/gnu/arm/5.4.1/bin/../lib/gcc/arm-none-eabi/5.4.1/../../../../arm-none-eabi/lib/armv7-m\libg_nano.a(lib_a-memcpy-stub.o)
 .ARM.attributes
                0x000003fe       0x2d c:/program files (x86)/cypress/psoc creator/4.4/psoc creator/import/gnu/arm/5.4.1/bin/../lib/gcc/arm-none-eabi/5.4.1/../../../../arm-none-eabi/lib/armv7-m\libg_nano.a(lib_a-memset.o)
 .ARM.attributes
                0x0000042b       0x17 c:/program files (x86)/cypress/psoc creator/4.4/psoc creator/import/gnu/arm/5.4.1/bin/../lib/gcc/arm-none-eabi/5.4.1/../../../../arm-none-eabi/lib/armv7-m\libg_nano.a(lib_a-strlen.o)
 .ARM.attributes
                0x00000442       0x2d c:/program files (x86)/cypress/psoc creator/4.4/psoc creator/import/gnu/arm/5.4.1/bin/../lib/gcc/arm-none-eabi/5.4.1/armv7-m/crtend.o
 .ARM.attributes
                0x0000046f       0x1d c:/program files (x86)/cypress/psoc creator/4.4/psoc creator/import/gnu/arm/5.4.1/bin/../lib/gcc/arm-none-eabi/5.4.1/armv7-m/crtn.o

/DISCARD/
 *(.note.GNU-stack)
OUTPUT(C:\Users\elias\OneDrive\Documents\Documentos\PSoC Creator\TPF\PruebaLCD.cydsn\CortexM3\ARM_GCC_541\Debug\PruebaLCD.elf elf32-littlearm)
