ARM GAS  C:\Users\thetr\AppData\Local\Temp\ccvkxusv.s 			page 1


   1              		.cpu cortex-m0
   2              		.fpu softvfp
   3              		.eabi_attribute 20, 1
   4              		.eabi_attribute 21, 1
   5              		.eabi_attribute 23, 3
   6              		.eabi_attribute 24, 1
   7              		.eabi_attribute 25, 1
   8              		.eabi_attribute 26, 1
   9              		.eabi_attribute 30, 1
  10              		.eabi_attribute 34, 0
  11              		.eabi_attribute 18, 4
  12              		.code	16
  13              		.file	"cyfitter_cfg.c"
  14              		.text
  15              	.Ltext0:
  16              		.cfi_sections	.debug_frame
  17              		.section	.text.CYMEMZERO,"ax",%progbits
  18              		.align	2
  19              		.code	16
  20              		.thumb_func
  21              		.type	CYMEMZERO, %function
  22              	CYMEMZERO:
  23              	.LFB0:
  24              		.file 1 ".\\Generated_Source\\PSoC4\\cyfitter_cfg.c"
   1:.\Generated_Source\PSoC4/cyfitter_cfg.c **** /*******************************************************************************
   2:.\Generated_Source\PSoC4/cyfitter_cfg.c **** * File Name: cyfitter_cfg.c
   3:.\Generated_Source\PSoC4/cyfitter_cfg.c **** * 
   4:.\Generated_Source\PSoC4/cyfitter_cfg.c **** * PSoC Creator  3.3
   5:.\Generated_Source\PSoC4/cyfitter_cfg.c **** *
   6:.\Generated_Source\PSoC4/cyfitter_cfg.c **** * Description:
   7:.\Generated_Source\PSoC4/cyfitter_cfg.c **** * This file contains device initialization code.
   8:.\Generated_Source\PSoC4/cyfitter_cfg.c **** * Except for the user defined sections in CyClockStartupError(), this file should not be modified.
   9:.\Generated_Source\PSoC4/cyfitter_cfg.c **** * This file is automatically generated by PSoC Creator.
  10:.\Generated_Source\PSoC4/cyfitter_cfg.c **** *
  11:.\Generated_Source\PSoC4/cyfitter_cfg.c **** ********************************************************************************
  12:.\Generated_Source\PSoC4/cyfitter_cfg.c **** * Copyright (c) 2007-2015 Cypress Semiconductor.  All rights reserved.
  13:.\Generated_Source\PSoC4/cyfitter_cfg.c **** * You may use this file only in accordance with the license, terms, conditions, 
  14:.\Generated_Source\PSoC4/cyfitter_cfg.c **** * disclaimers, and limitations in the end user license agreement accompanying 
  15:.\Generated_Source\PSoC4/cyfitter_cfg.c **** * the software package with which this file was provided.
  16:.\Generated_Source\PSoC4/cyfitter_cfg.c **** ********************************************************************************/
  17:.\Generated_Source\PSoC4/cyfitter_cfg.c **** 
  18:.\Generated_Source\PSoC4/cyfitter_cfg.c **** #include <string.h>
  19:.\Generated_Source\PSoC4/cyfitter_cfg.c **** #include "cytypes.h"
  20:.\Generated_Source\PSoC4/cyfitter_cfg.c **** #include "cydevice_trm.h"
  21:.\Generated_Source\PSoC4/cyfitter_cfg.c **** #include "cyfitter.h"
  22:.\Generated_Source\PSoC4/cyfitter_cfg.c **** #include "CyLib.h"
  23:.\Generated_Source\PSoC4/cyfitter_cfg.c **** #include "CyLFClk.h"
  24:.\Generated_Source\PSoC4/cyfitter_cfg.c **** #include "cyfitter_cfg.h"
  25:.\Generated_Source\PSoC4/cyfitter_cfg.c **** 
  26:.\Generated_Source\PSoC4/cyfitter_cfg.c **** 
  27:.\Generated_Source\PSoC4/cyfitter_cfg.c **** #if defined(__GNUC__) || defined(__ARMCC_VERSION)
  28:.\Generated_Source\PSoC4/cyfitter_cfg.c ****     #define CYPACKED 
  29:.\Generated_Source\PSoC4/cyfitter_cfg.c ****     #define CYPACKED_ATTR __attribute__ ((packed))
  30:.\Generated_Source\PSoC4/cyfitter_cfg.c ****     #define CYALIGNED __attribute__ ((aligned))
  31:.\Generated_Source\PSoC4/cyfitter_cfg.c ****     #define CY_CFG_UNUSED __attribute__ ((unused))
  32:.\Generated_Source\PSoC4/cyfitter_cfg.c ****     #define CY_CFG_SECTION __attribute__ ((section(".psocinit")))
  33:.\Generated_Source\PSoC4/cyfitter_cfg.c ****     
ARM GAS  C:\Users\thetr\AppData\Local\Temp\ccvkxusv.s 			page 2


  34:.\Generated_Source\PSoC4/cyfitter_cfg.c ****     #if defined(__ARMCC_VERSION)
  35:.\Generated_Source\PSoC4/cyfitter_cfg.c ****         #define CY_CFG_MEMORY_BARRIER() __memory_changed()
  36:.\Generated_Source\PSoC4/cyfitter_cfg.c ****     #else
  37:.\Generated_Source\PSoC4/cyfitter_cfg.c ****         #define CY_CFG_MEMORY_BARRIER() __sync_synchronize()
  38:.\Generated_Source\PSoC4/cyfitter_cfg.c ****     #endif
  39:.\Generated_Source\PSoC4/cyfitter_cfg.c ****     
  40:.\Generated_Source\PSoC4/cyfitter_cfg.c **** #elif defined(__ICCARM__)
  41:.\Generated_Source\PSoC4/cyfitter_cfg.c ****     #include <intrinsics.h>
  42:.\Generated_Source\PSoC4/cyfitter_cfg.c **** 
  43:.\Generated_Source\PSoC4/cyfitter_cfg.c ****     #define CYPACKED __packed
  44:.\Generated_Source\PSoC4/cyfitter_cfg.c ****     #define CYPACKED_ATTR 
  45:.\Generated_Source\PSoC4/cyfitter_cfg.c ****     #define CYALIGNED _Pragma("data_alignment=4")
  46:.\Generated_Source\PSoC4/cyfitter_cfg.c ****     #define CY_CFG_UNUSED _Pragma("diag_suppress=Pe177")
  47:.\Generated_Source\PSoC4/cyfitter_cfg.c ****     #define CY_CFG_SECTION _Pragma("location=\".psocinit\"")
  48:.\Generated_Source\PSoC4/cyfitter_cfg.c ****     
  49:.\Generated_Source\PSoC4/cyfitter_cfg.c ****     #define CY_CFG_MEMORY_BARRIER() __DMB()
  50:.\Generated_Source\PSoC4/cyfitter_cfg.c ****     
  51:.\Generated_Source\PSoC4/cyfitter_cfg.c **** #else
  52:.\Generated_Source\PSoC4/cyfitter_cfg.c ****     #error Unsupported toolchain
  53:.\Generated_Source\PSoC4/cyfitter_cfg.c **** #endif
  54:.\Generated_Source\PSoC4/cyfitter_cfg.c **** 
  55:.\Generated_Source\PSoC4/cyfitter_cfg.c **** 
  56:.\Generated_Source\PSoC4/cyfitter_cfg.c **** CY_CFG_UNUSED
  57:.\Generated_Source\PSoC4/cyfitter_cfg.c **** static void CYMEMZERO(void *s, size_t n);
  58:.\Generated_Source\PSoC4/cyfitter_cfg.c **** CY_CFG_UNUSED
  59:.\Generated_Source\PSoC4/cyfitter_cfg.c **** static void CYMEMZERO(void *s, size_t n)
  60:.\Generated_Source\PSoC4/cyfitter_cfg.c **** {
  25              		.loc 1 60 0
  26              		.cfi_startproc
  27              	.LVL0:
  28 0000 08B5     		push	{r3, lr}
  29              		.cfi_def_cfa_offset 8
  30              		.cfi_offset 3, -8
  31              		.cfi_offset 14, -4
  32 0002 0A1C     		mov	r2, r1
  61:.\Generated_Source\PSoC4/cyfitter_cfg.c **** 	(void)memset(s, 0, n);
  33              		.loc 1 61 0
  34 0004 0021     		mov	r1, #0
  35              	.LVL1:
  36 0006 FFF7FEFF 		bl	memset
  37              	.LVL2:
  62:.\Generated_Source\PSoC4/cyfitter_cfg.c **** }
  38              		.loc 1 62 0
  39              		@ sp needed
  40 000a 08BD     		pop	{r3, pc}
  41              		.cfi_endproc
  42              	.LFE0:
  43              		.size	CYMEMZERO, .-CYMEMZERO
  44              		.section	.psocinit,"ax",%progbits
  45              		.align	2
  46              		.code	16
  47              		.thumb_func
  48              		.type	ClockSetup, %function
  49              	ClockSetup:
  50              	.LFB3:
  63:.\Generated_Source\PSoC4/cyfitter_cfg.c **** CY_CFG_UNUSED
  64:.\Generated_Source\PSoC4/cyfitter_cfg.c **** static void CYCONFIGCPY(void *dest, const void *src, size_t n);
ARM GAS  C:\Users\thetr\AppData\Local\Temp\ccvkxusv.s 			page 3


  65:.\Generated_Source\PSoC4/cyfitter_cfg.c **** CY_CFG_UNUSED
  66:.\Generated_Source\PSoC4/cyfitter_cfg.c **** static void CYCONFIGCPY(void *dest, const void *src, size_t n)
  67:.\Generated_Source\PSoC4/cyfitter_cfg.c **** {
  68:.\Generated_Source\PSoC4/cyfitter_cfg.c **** 	(void)memcpy(dest, src, n);
  69:.\Generated_Source\PSoC4/cyfitter_cfg.c **** }
  70:.\Generated_Source\PSoC4/cyfitter_cfg.c **** CY_CFG_UNUSED
  71:.\Generated_Source\PSoC4/cyfitter_cfg.c **** static void CYCONFIGCPYCODE(void *dest, const void *src, size_t n);
  72:.\Generated_Source\PSoC4/cyfitter_cfg.c **** CY_CFG_UNUSED
  73:.\Generated_Source\PSoC4/cyfitter_cfg.c **** static void CYCONFIGCPYCODE(void *dest, const void *src, size_t n)
  74:.\Generated_Source\PSoC4/cyfitter_cfg.c **** {
  75:.\Generated_Source\PSoC4/cyfitter_cfg.c **** 	(void)memcpy(dest, src, n);
  76:.\Generated_Source\PSoC4/cyfitter_cfg.c **** }
  77:.\Generated_Source\PSoC4/cyfitter_cfg.c **** 
  78:.\Generated_Source\PSoC4/cyfitter_cfg.c **** 
  79:.\Generated_Source\PSoC4/cyfitter_cfg.c **** 
  80:.\Generated_Source\PSoC4/cyfitter_cfg.c **** /* Clock startup error codes                                                   */
  81:.\Generated_Source\PSoC4/cyfitter_cfg.c **** #define CYCLOCKSTART_NO_ERROR    0u
  82:.\Generated_Source\PSoC4/cyfitter_cfg.c **** #define CYCLOCKSTART_XTAL_ERROR  1u
  83:.\Generated_Source\PSoC4/cyfitter_cfg.c **** #define CYCLOCKSTART_32KHZ_ERROR 2u
  84:.\Generated_Source\PSoC4/cyfitter_cfg.c **** #define CYCLOCKSTART_PLL_ERROR   3u
  85:.\Generated_Source\PSoC4/cyfitter_cfg.c **** 
  86:.\Generated_Source\PSoC4/cyfitter_cfg.c **** #ifdef CY_NEED_CYCLOCKSTARTUPERROR
  87:.\Generated_Source\PSoC4/cyfitter_cfg.c **** /*******************************************************************************
  88:.\Generated_Source\PSoC4/cyfitter_cfg.c **** * Function Name: CyClockStartupError
  89:.\Generated_Source\PSoC4/cyfitter_cfg.c **** ********************************************************************************
  90:.\Generated_Source\PSoC4/cyfitter_cfg.c **** * Summary:
  91:.\Generated_Source\PSoC4/cyfitter_cfg.c **** *  If an error is encountered during clock configuration (crystal startup error,
  92:.\Generated_Source\PSoC4/cyfitter_cfg.c **** *  PLL lock error, etc.), the system will end up here.  Unless reimplemented by
  93:.\Generated_Source\PSoC4/cyfitter_cfg.c **** *  the customer, this function will stop in an infinite loop.
  94:.\Generated_Source\PSoC4/cyfitter_cfg.c **** *
  95:.\Generated_Source\PSoC4/cyfitter_cfg.c **** * Parameters:
  96:.\Generated_Source\PSoC4/cyfitter_cfg.c **** *   void
  97:.\Generated_Source\PSoC4/cyfitter_cfg.c **** *
  98:.\Generated_Source\PSoC4/cyfitter_cfg.c **** * Return:
  99:.\Generated_Source\PSoC4/cyfitter_cfg.c **** *   void
 100:.\Generated_Source\PSoC4/cyfitter_cfg.c **** *
 101:.\Generated_Source\PSoC4/cyfitter_cfg.c **** *******************************************************************************/
 102:.\Generated_Source\PSoC4/cyfitter_cfg.c **** CY_CFG_UNUSED
 103:.\Generated_Source\PSoC4/cyfitter_cfg.c **** static void CyClockStartupError(uint8 errorCode);
 104:.\Generated_Source\PSoC4/cyfitter_cfg.c **** CY_CFG_UNUSED
 105:.\Generated_Source\PSoC4/cyfitter_cfg.c **** static void CyClockStartupError(uint8 errorCode)
 106:.\Generated_Source\PSoC4/cyfitter_cfg.c **** {
 107:.\Generated_Source\PSoC4/cyfitter_cfg.c ****     /* To remove the compiler warning if errorCode not used.                */
 108:.\Generated_Source\PSoC4/cyfitter_cfg.c ****     errorCode = errorCode;
 109:.\Generated_Source\PSoC4/cyfitter_cfg.c **** 
 110:.\Generated_Source\PSoC4/cyfitter_cfg.c ****     /* `#START CyClockStartupError` */
 111:.\Generated_Source\PSoC4/cyfitter_cfg.c **** 
 112:.\Generated_Source\PSoC4/cyfitter_cfg.c ****     /* If we have a clock startup error (bad MHz crystal, PLL lock, etc.),  */
 113:.\Generated_Source\PSoC4/cyfitter_cfg.c ****     /* we will end up here to allow the customer to implement something to  */
 114:.\Generated_Source\PSoC4/cyfitter_cfg.c ****     /* deal with the clock condition.                                       */
 115:.\Generated_Source\PSoC4/cyfitter_cfg.c **** 
 116:.\Generated_Source\PSoC4/cyfitter_cfg.c ****     /* `#END` */
 117:.\Generated_Source\PSoC4/cyfitter_cfg.c **** 
 118:.\Generated_Source\PSoC4/cyfitter_cfg.c ****     /* If nothing else, stop here since the clocks have not started         */
 119:.\Generated_Source\PSoC4/cyfitter_cfg.c ****     /* correctly.                                                           */
 120:.\Generated_Source\PSoC4/cyfitter_cfg.c ****     while(1) {}
 121:.\Generated_Source\PSoC4/cyfitter_cfg.c **** }
ARM GAS  C:\Users\thetr\AppData\Local\Temp\ccvkxusv.s 			page 4


 122:.\Generated_Source\PSoC4/cyfitter_cfg.c **** #endif
 123:.\Generated_Source\PSoC4/cyfitter_cfg.c **** 
 124:.\Generated_Source\PSoC4/cyfitter_cfg.c **** 
 125:.\Generated_Source\PSoC4/cyfitter_cfg.c **** 
 126:.\Generated_Source\PSoC4/cyfitter_cfg.c **** /*******************************************************************************
 127:.\Generated_Source\PSoC4/cyfitter_cfg.c **** * Function Name: ClockSetup
 128:.\Generated_Source\PSoC4/cyfitter_cfg.c **** ********************************************************************************
 129:.\Generated_Source\PSoC4/cyfitter_cfg.c **** *
 130:.\Generated_Source\PSoC4/cyfitter_cfg.c **** * Summary:
 131:.\Generated_Source\PSoC4/cyfitter_cfg.c **** *   Performs the initialization of all of the clocks in the device based on the
 132:.\Generated_Source\PSoC4/cyfitter_cfg.c **** *   settings in the Clock tab of the DWR.  This includes enabling the requested
 133:.\Generated_Source\PSoC4/cyfitter_cfg.c **** *   clocks and setting the necessary dividers to produce the desired frequency. 
 134:.\Generated_Source\PSoC4/cyfitter_cfg.c **** *
 135:.\Generated_Source\PSoC4/cyfitter_cfg.c **** * Parameters:
 136:.\Generated_Source\PSoC4/cyfitter_cfg.c **** *   void
 137:.\Generated_Source\PSoC4/cyfitter_cfg.c **** *
 138:.\Generated_Source\PSoC4/cyfitter_cfg.c **** * Return:
 139:.\Generated_Source\PSoC4/cyfitter_cfg.c **** *   void
 140:.\Generated_Source\PSoC4/cyfitter_cfg.c **** *
 141:.\Generated_Source\PSoC4/cyfitter_cfg.c **** *******************************************************************************/
 142:.\Generated_Source\PSoC4/cyfitter_cfg.c **** static void ClockSetup(void);
 143:.\Generated_Source\PSoC4/cyfitter_cfg.c **** CY_CFG_SECTION
 144:.\Generated_Source\PSoC4/cyfitter_cfg.c **** static void ClockSetup(void)
 145:.\Generated_Source\PSoC4/cyfitter_cfg.c **** {
  51              		.loc 1 145 0
  52              		.cfi_startproc
  53 0000 10B5     		push	{r4, lr}
  54              		.cfi_def_cfa_offset 8
  55              		.cfi_offset 4, -8
  56              		.cfi_offset 14, -4
 146:.\Generated_Source\PSoC4/cyfitter_cfg.c **** 	/* Enable HALF_EN before trimming for the flash accelerator. */
 147:.\Generated_Source\PSoC4/cyfitter_cfg.c **** 	CY_SET_REG32((void CYXDATA *)(CYREG_CLK_SELECT), (CY_GET_REG32((void *)CYREG_CLK_SELECT) | 0x00040
  57              		.loc 1 147 0
  58 0002 124C     		ldr	r4, .L3
  59 0004 2368     		ldr	r3, [r4]
  60 0006 8022     		mov	r2, #128
  61 0008 D202     		lsl	r2, r2, #11
  62 000a 1343     		orr	r3, r2
  63 000c 2360     		str	r3, [r4]
 148:.\Generated_Source\PSoC4/cyfitter_cfg.c **** 
 149:.\Generated_Source\PSoC4/cyfitter_cfg.c **** 	/* Setup and trim IMO based on desired frequency. */
 150:.\Generated_Source\PSoC4/cyfitter_cfg.c **** 	CySysClkWriteImoFreq(24u);
  64              		.loc 1 150 0
  65 000e 1820     		mov	r0, #24
  66 0010 FFF7FEFF 		bl	CySysClkWriteImoFreq
  67              	.LVL3:
 151:.\Generated_Source\PSoC4/cyfitter_cfg.c **** 
 152:.\Generated_Source\PSoC4/cyfitter_cfg.c **** 	/* Disable HALF_EN since it is not required at this IMO frequency. */
 153:.\Generated_Source\PSoC4/cyfitter_cfg.c **** 	CY_SET_REG32((void CYXDATA *)(CYREG_CLK_SELECT), (CY_GET_REG32((void *)CYREG_CLK_SELECT) & 0xFFFBF
  68              		.loc 1 153 0
  69 0014 2268     		ldr	r2, [r4]
  70 0016 0E4B     		ldr	r3, .L3+4
  71 0018 1340     		and	r3, r2
  72 001a 2360     		str	r3, [r4]
 154:.\Generated_Source\PSoC4/cyfitter_cfg.c **** 	/* CYDEV_CLK_ILO_CONFIG Starting address: CYDEV_CLK_ILO_CONFIG */
 155:.\Generated_Source\PSoC4/cyfitter_cfg.c **** 	CY_SET_XTND_REG32((void CYFAR *)(CYREG_CLK_ILO_CONFIG), 0x80000006u);
  73              		.loc 1 155 0
ARM GAS  C:\Users\thetr\AppData\Local\Temp\ccvkxusv.s 			page 5


  74 001c 0D4A     		ldr	r2, .L3+8
  75 001e 0E4B     		ldr	r3, .L3+12
  76 0020 1A60     		str	r2, [r3]
 156:.\Generated_Source\PSoC4/cyfitter_cfg.c **** 
 157:.\Generated_Source\PSoC4/cyfitter_cfg.c **** 
 158:.\Generated_Source\PSoC4/cyfitter_cfg.c **** 	/* CYDEV_CLK_SELECT00 Starting address: CYDEV_CLK_SELECT00 */
 159:.\Generated_Source\PSoC4/cyfitter_cfg.c **** 	CY_SET_XTND_REG32((void CYFAR *)(CYREG_CLK_SELECT03), 0x00000010u);
  77              		.loc 1 159 0
  78 0022 1022     		mov	r2, #16
  79 0024 0D4B     		ldr	r3, .L3+16
  80 0026 1A60     		str	r2, [r3]
 160:.\Generated_Source\PSoC4/cyfitter_cfg.c **** 
 161:.\Generated_Source\PSoC4/cyfitter_cfg.c **** 	/* CYDEV_CLK_IMO_CONFIG Starting address: CYDEV_CLK_IMO_CONFIG */
 162:.\Generated_Source\PSoC4/cyfitter_cfg.c **** 	CY_SET_XTND_REG32((void CYFAR *)(CYREG_CLK_IMO_CONFIG), 0x80000000u);
  81              		.loc 1 162 0
  82 0028 8022     		mov	r2, #128
  83 002a 1206     		lsl	r2, r2, #24
  84 002c 0C4B     		ldr	r3, .L3+20
  85 002e 1A60     		str	r2, [r3]
 163:.\Generated_Source\PSoC4/cyfitter_cfg.c **** 
 164:.\Generated_Source\PSoC4/cyfitter_cfg.c **** 	/* CYDEV_CLK_DIVIDER_A00 Starting address: CYDEV_CLK_DIVIDER_A00 */
 165:.\Generated_Source\PSoC4/cyfitter_cfg.c **** 	CY_SET_XTND_REG32((void CYFAR *)(CYREG_CLK_DIVIDER_A00), 0x80000014u);
  86              		.loc 1 165 0
  87 0030 0C4A     		ldr	r2, .L3+24
  88 0032 0D4B     		ldr	r3, .L3+28
  89 0034 1A60     		str	r2, [r3]
 166:.\Generated_Source\PSoC4/cyfitter_cfg.c **** 
 167:.\Generated_Source\PSoC4/cyfitter_cfg.c **** 	(void)CyIntSetVector(9u, &CySysWdtIsr);
  90              		.loc 1 167 0
  91 0036 0920     		mov	r0, #9
  92 0038 0C49     		ldr	r1, .L3+32
  93 003a FFF7FEFF 		bl	CyIntSetVector
  94              	.LVL4:
 168:.\Generated_Source\PSoC4/cyfitter_cfg.c **** 	CyIntEnable(9u);
  95              		.loc 1 168 0
  96 003e 0920     		mov	r0, #9
  97 0040 FFF7FEFF 		bl	CyIntEnable
  98              	.LVL5:
 169:.\Generated_Source\PSoC4/cyfitter_cfg.c **** 	CY_SET_XTND_REG32((void CYFAR *)(CYREG_WDT_CONFIG), 0x00000000u);
  99              		.loc 1 169 0
 100 0044 0022     		mov	r2, #0
 101 0046 0A4B     		ldr	r3, .L3+36
 102 0048 1A60     		str	r2, [r3]
 170:.\Generated_Source\PSoC4/cyfitter_cfg.c **** }
 103              		.loc 1 170 0
 104              		@ sp needed
 105 004a 10BD     		pop	{r4, pc}
 106              	.L4:
 107              		.align	2
 108              	.L3:
 109 004c 00010B40 		.word	1074462976
 110 0050 FFFFFBFF 		.word	-262145
 111 0054 06000080 		.word	-2147483642
 112 0058 04010B40 		.word	1074462980
 113 005c 0C020240 		.word	1073873420
 114 0060 08010B40 		.word	1074462984
 115 0064 14000080 		.word	-2147483628
ARM GAS  C:\Users\thetr\AppData\Local\Temp\ccvkxusv.s 			page 6


 116 0068 00000240 		.word	1073872896
 117 006c 00000000 		.word	CySysWdtIsr
 118 0070 0C020B40 		.word	1074463244
 119              		.cfi_endproc
 120              	.LFE3:
 121              		.size	ClockSetup, .-ClockSetup
 122              		.align	2
 123              		.global	cyfitter_cfg
 124              		.code	16
 125              		.thumb_func
 126              		.type	cyfitter_cfg, %function
 127              	cyfitter_cfg:
 128              	.LFB5:
 171:.\Generated_Source\PSoC4/cyfitter_cfg.c **** 
 172:.\Generated_Source\PSoC4/cyfitter_cfg.c **** 
 173:.\Generated_Source\PSoC4/cyfitter_cfg.c **** /* Analog API Functions */
 174:.\Generated_Source\PSoC4/cyfitter_cfg.c **** 
 175:.\Generated_Source\PSoC4/cyfitter_cfg.c **** 
 176:.\Generated_Source\PSoC4/cyfitter_cfg.c **** /*******************************************************************************
 177:.\Generated_Source\PSoC4/cyfitter_cfg.c **** * Function Name: AnalogSetDefault
 178:.\Generated_Source\PSoC4/cyfitter_cfg.c **** ********************************************************************************
 179:.\Generated_Source\PSoC4/cyfitter_cfg.c **** *
 180:.\Generated_Source\PSoC4/cyfitter_cfg.c **** * Summary:
 181:.\Generated_Source\PSoC4/cyfitter_cfg.c **** *  Sets up the analog portions of the chip to default values based on chip
 182:.\Generated_Source\PSoC4/cyfitter_cfg.c **** *  configuration options from the project.
 183:.\Generated_Source\PSoC4/cyfitter_cfg.c **** *
 184:.\Generated_Source\PSoC4/cyfitter_cfg.c **** * Parameters:
 185:.\Generated_Source\PSoC4/cyfitter_cfg.c **** *  void
 186:.\Generated_Source\PSoC4/cyfitter_cfg.c **** *
 187:.\Generated_Source\PSoC4/cyfitter_cfg.c **** * Return:
 188:.\Generated_Source\PSoC4/cyfitter_cfg.c **** *  void
 189:.\Generated_Source\PSoC4/cyfitter_cfg.c **** *
 190:.\Generated_Source\PSoC4/cyfitter_cfg.c **** *******************************************************************************/
 191:.\Generated_Source\PSoC4/cyfitter_cfg.c **** static void AnalogSetDefault(void);
 192:.\Generated_Source\PSoC4/cyfitter_cfg.c **** static void AnalogSetDefault(void)
 193:.\Generated_Source\PSoC4/cyfitter_cfg.c **** {
 194:.\Generated_Source\PSoC4/cyfitter_cfg.c **** }
 195:.\Generated_Source\PSoC4/cyfitter_cfg.c **** 
 196:.\Generated_Source\PSoC4/cyfitter_cfg.c **** #define CY_AMUX_UNUSED CYREG_CM0_ROM_DWT
 197:.\Generated_Source\PSoC4/cyfitter_cfg.c **** 
 198:.\Generated_Source\PSoC4/cyfitter_cfg.c **** 
 199:.\Generated_Source\PSoC4/cyfitter_cfg.c **** /*******************************************************************************
 200:.\Generated_Source\PSoC4/cyfitter_cfg.c **** * Function Name: cyfitter_cfg
 201:.\Generated_Source\PSoC4/cyfitter_cfg.c **** ********************************************************************************
 202:.\Generated_Source\PSoC4/cyfitter_cfg.c **** * Summary:
 203:.\Generated_Source\PSoC4/cyfitter_cfg.c **** *  This function is called by the start-up code for the selected device. It
 204:.\Generated_Source\PSoC4/cyfitter_cfg.c **** *  performs all of the necessary device configuration based on the design
 205:.\Generated_Source\PSoC4/cyfitter_cfg.c **** *  settings.  This includes settings from the Design Wide Resources (DWR) such
 206:.\Generated_Source\PSoC4/cyfitter_cfg.c **** *  as Clocks and Pins as well as any component configuration that is necessary.
 207:.\Generated_Source\PSoC4/cyfitter_cfg.c **** *
 208:.\Generated_Source\PSoC4/cyfitter_cfg.c **** * Parameters:  
 209:.\Generated_Source\PSoC4/cyfitter_cfg.c **** *   void
 210:.\Generated_Source\PSoC4/cyfitter_cfg.c **** *
 211:.\Generated_Source\PSoC4/cyfitter_cfg.c **** * Return:
 212:.\Generated_Source\PSoC4/cyfitter_cfg.c **** *   void
 213:.\Generated_Source\PSoC4/cyfitter_cfg.c **** *
 214:.\Generated_Source\PSoC4/cyfitter_cfg.c **** *******************************************************************************/
ARM GAS  C:\Users\thetr\AppData\Local\Temp\ccvkxusv.s 			page 7


 215:.\Generated_Source\PSoC4/cyfitter_cfg.c **** CY_CFG_SECTION
 216:.\Generated_Source\PSoC4/cyfitter_cfg.c **** void cyfitter_cfg(void)
 217:.\Generated_Source\PSoC4/cyfitter_cfg.c **** {
 129              		.loc 1 217 0
 130              		.cfi_startproc
 131 0074 10B5     		push	{r4, lr}
 132              		.cfi_def_cfa_offset 8
 133              		.cfi_offset 4, -8
 134              		.cfi_offset 14, -4
 218:.\Generated_Source\PSoC4/cyfitter_cfg.c **** 	/* Disable interrupts by default. Let user enable if/when they want. */
 219:.\Generated_Source\PSoC4/cyfitter_cfg.c **** 	CyGlobalIntDisable;
 135              		.loc 1 219 0
 136              	@ 219 ".\Generated_Source\PSoC4\cyfitter_cfg.c" 1
 137 0076 72B6     		CPSID   i
 138              	@ 0 "" 2
 139              	.LVL6:
 140              		.code	16
 141              	.LBB2:
 220:.\Generated_Source\PSoC4/cyfitter_cfg.c **** 
 221:.\Generated_Source\PSoC4/cyfitter_cfg.c **** 	{
 222:.\Generated_Source\PSoC4/cyfitter_cfg.c **** 
 223:.\Generated_Source\PSoC4/cyfitter_cfg.c **** 		CYPACKED typedef struct {
 224:.\Generated_Source\PSoC4/cyfitter_cfg.c **** 			void CYFAR *address;
 225:.\Generated_Source\PSoC4/cyfitter_cfg.c **** 			uint16 size;
 226:.\Generated_Source\PSoC4/cyfitter_cfg.c **** 		} CYPACKED_ATTR cfg_memset_t;
 227:.\Generated_Source\PSoC4/cyfitter_cfg.c **** 
 228:.\Generated_Source\PSoC4/cyfitter_cfg.c **** 		static const cfg_memset_t CYCODE cfg_memset_list [] = {
 229:.\Generated_Source\PSoC4/cyfitter_cfg.c **** 			/* address, size */
 230:.\Generated_Source\PSoC4/cyfitter_cfg.c **** 			{(void CYFAR *)(CYDEV_UDB_P0_U0_BASE), 1024u},
 231:.\Generated_Source\PSoC4/cyfitter_cfg.c **** 			{(void CYFAR *)(CYDEV_UDB_DSI0_BASE), 1024u},
 232:.\Generated_Source\PSoC4/cyfitter_cfg.c **** 		};
 233:.\Generated_Source\PSoC4/cyfitter_cfg.c **** 
 234:.\Generated_Source\PSoC4/cyfitter_cfg.c **** 		uint8 CYDATA i;
 235:.\Generated_Source\PSoC4/cyfitter_cfg.c **** 
 236:.\Generated_Source\PSoC4/cyfitter_cfg.c **** 		/* Zero out critical memory blocks before beginning configuration */
 237:.\Generated_Source\PSoC4/cyfitter_cfg.c **** 		for (i = 0u; i < (sizeof(cfg_memset_list)/sizeof(cfg_memset_list[0])); i++)
 142              		.loc 1 237 0
 143 0078 0024     		mov	r4, #0
 144 007a 10E0     		b	.L6
 145              	.LVL7:
 146              	.L7:
 147              	.LBB3:
 238:.\Generated_Source\PSoC4/cyfitter_cfg.c **** 		{
 239:.\Generated_Source\PSoC4/cyfitter_cfg.c **** 			const cfg_memset_t CYCODE * CYDATA ms = &cfg_memset_list[i];
 240:.\Generated_Source\PSoC4/cyfitter_cfg.c **** 			CYMEMZERO(ms->address, (size_t)(uint32)(ms->size));
 148              		.loc 1 240 0 discriminator 3
 149 007c 1F48     		ldr	r0, .L8
 150 007e 6300     		lsl	r3, r4, #1
 151 0080 1A19     		add	r2, r3, r4
 152 0082 5200     		lsl	r2, r2, #1
 153 0084 8218     		add	r2, r0, r2
 154 0086 9188     		ldrh	r1, [r2, #4]
 155 0088 1B19     		add	r3, r3, r4
 156 008a 5B00     		lsl	r3, r3, #1
 157 008c 1A5A     		ldrh	r2, [r3, r0]
 158 008e C318     		add	r3, r0, r3
 159 0090 5888     		ldrh	r0, [r3, #2]
ARM GAS  C:\Users\thetr\AppData\Local\Temp\ccvkxusv.s 			page 8


 160 0092 0004     		lsl	r0, r0, #16
 161 0094 1043     		orr	r0, r2
 162 0096 FFF7FEFF 		bl	CYMEMZERO
 163              	.LVL8:
 164              	.LBE3:
 237:.\Generated_Source\PSoC4/cyfitter_cfg.c **** 		{
 165              		.loc 1 237 0 discriminator 3
 166 009a 0134     		add	r4, r4, #1
 167              	.LVL9:
 168 009c E4B2     		uxtb	r4, r4
 169              	.LVL10:
 170              	.L6:
 237:.\Generated_Source\PSoC4/cyfitter_cfg.c **** 		{
 171              		.loc 1 237 0 is_stmt 0 discriminator 1
 172 009e 012C     		cmp	r4, #1
 173 00a0 ECD9     		bls	.L7
 241:.\Generated_Source\PSoC4/cyfitter_cfg.c **** 		}
 242:.\Generated_Source\PSoC4/cyfitter_cfg.c **** 
 243:.\Generated_Source\PSoC4/cyfitter_cfg.c **** 		/* HSIOM Starting address: CYDEV_HSIOM_BASE */
 244:.\Generated_Source\PSoC4/cyfitter_cfg.c **** 		CY_SET_XTND_REG32((void CYFAR *)(CYDEV_HSIOM_BASE), 0x00EE0000u);
 174              		.loc 1 244 0 is_stmt 1
 175 00a2 EE22     		mov	r2, #238
 176 00a4 1204     		lsl	r2, r2, #16
 177 00a6 164B     		ldr	r3, .L8+4
 178 00a8 1A60     		str	r2, [r3]
 245:.\Generated_Source\PSoC4/cyfitter_cfg.c **** 		CY_SET_XTND_REG32((void CYFAR *)(CYREG_HSIOM_PORT_SEL3), 0x0000EE00u);
 179              		.loc 1 245 0
 180 00aa EE22     		mov	r2, #238
 181 00ac 1202     		lsl	r2, r2, #8
 182 00ae 154B     		ldr	r3, .L8+8
 183 00b0 1A60     		str	r2, [r3]
 246:.\Generated_Source\PSoC4/cyfitter_cfg.c **** 
 247:.\Generated_Source\PSoC4/cyfitter_cfg.c **** 		/* UDB_PA_0 Starting address: CYDEV_UDB_PA0_BASE */
 248:.\Generated_Source\PSoC4/cyfitter_cfg.c **** 		CY_SET_XTND_REG32((void CYFAR *)(CYDEV_UDB_PA0_BASE), 0x00990000u);
 184              		.loc 1 248 0
 185 00b2 9923     		mov	r3, #153
 186 00b4 1B04     		lsl	r3, r3, #16
 187 00b6 144A     		ldr	r2, .L8+12
 188 00b8 1360     		str	r3, [r2]
 249:.\Generated_Source\PSoC4/cyfitter_cfg.c **** 
 250:.\Generated_Source\PSoC4/cyfitter_cfg.c **** 		/* UDB_PA_3 Starting address: CYDEV_UDB_PA3_BASE */
 251:.\Generated_Source\PSoC4/cyfitter_cfg.c **** 		CY_SET_XTND_REG32((void CYFAR *)(CYDEV_UDB_PA3_BASE), 0x00990000u);
 189              		.loc 1 251 0
 190 00ba 144A     		ldr	r2, .L8+16
 191 00bc 1360     		str	r3, [r2]
 252:.\Generated_Source\PSoC4/cyfitter_cfg.c **** 
 253:.\Generated_Source\PSoC4/cyfitter_cfg.c **** 		/* Enable digital routing */
 254:.\Generated_Source\PSoC4/cyfitter_cfg.c **** 		CY_SET_XTND_REG8((void *)CYREG_UDB_UDBIF_BANK_CTL, CY_GET_XTND_REG8((void *)CYREG_UDB_UDBIF_BANK_
 192              		.loc 1 254 0
 193 00be 144B     		ldr	r3, .L8+20
 194 00c0 1978     		ldrb	r1, [r3]
 195 00c2 0222     		mov	r2, #2
 196 00c4 0A43     		orr	r2, r1
 197 00c6 1A70     		strb	r2, [r3]
 255:.\Generated_Source\PSoC4/cyfitter_cfg.c **** 
 256:.\Generated_Source\PSoC4/cyfitter_cfg.c **** 		/* Enable UDB array */
 257:.\Generated_Source\PSoC4/cyfitter_cfg.c **** 		CY_SET_XTND_REG8((void *)CYREG_UDB_UDBIF_WAIT_CFG, (uint8)((CY_GET_XTND_REG8((void *)CYREG_UDB_UD
ARM GAS  C:\Users\thetr\AppData\Local\Temp\ccvkxusv.s 			page 9


 198              		.loc 1 257 0
 199 00c8 1248     		ldr	r0, .L8+24
 200 00ca 0278     		ldrb	r2, [r0]
 201 00cc 3C21     		mov	r1, #60
 202 00ce 8A43     		bic	r2, r1
 203 00d0 2839     		sub	r1, r1, #40
 204 00d2 0A43     		orr	r2, r1
 205 00d4 0270     		strb	r2, [r0]
 258:.\Generated_Source\PSoC4/cyfitter_cfg.c **** 		CY_SET_XTND_REG8((void *)CYREG_UDB_UDBIF_BANK_CTL, (uint8)(CY_GET_XTND_REG8((void *)CYREG_UDB_UDB
 206              		.loc 1 258 0
 207 00d6 1978     		ldrb	r1, [r3]
 208 00d8 1622     		mov	r2, #22
 209 00da 0A43     		orr	r2, r1
 210 00dc 1A70     		strb	r2, [r3]
 211              	.LBE2:
 259:.\Generated_Source\PSoC4/cyfitter_cfg.c **** 	}
 260:.\Generated_Source\PSoC4/cyfitter_cfg.c **** 
 261:.\Generated_Source\PSoC4/cyfitter_cfg.c **** 	/* Perform second pass device configuration. These items must be configured in specific order afte
 262:.\Generated_Source\PSoC4/cyfitter_cfg.c **** 	/* IOPINS0_0 Starting address: CYDEV_PRT0_BASE */
 263:.\Generated_Source\PSoC4/cyfitter_cfg.c **** 	CY_SET_XTND_REG32((void CYFAR *)(CYDEV_PRT0_BASE), 0x00000030u);
 212              		.loc 1 263 0
 213 00de 3022     		mov	r2, #48
 214 00e0 0D4B     		ldr	r3, .L8+28
 215 00e2 1A60     		str	r2, [r3]
 264:.\Generated_Source\PSoC4/cyfitter_cfg.c **** 	CY_SET_XTND_REG32((void CYFAR *)(CYREG_PRT0_PC), 0x00024000u);
 216              		.loc 1 264 0
 217 00e4 9022     		mov	r2, #144
 218 00e6 9202     		lsl	r2, r2, #10
 219 00e8 0C4B     		ldr	r3, .L8+32
 220 00ea 1A60     		str	r2, [r3]
 265:.\Generated_Source\PSoC4/cyfitter_cfg.c **** 
 266:.\Generated_Source\PSoC4/cyfitter_cfg.c **** 	/* IOPINS0_3 Starting address: CYDEV_PRT3_BASE */
 267:.\Generated_Source\PSoC4/cyfitter_cfg.c **** 	CY_SET_XTND_REG32((void CYFAR *)(CYREG_PRT3_PC), 0x00000D80u);
 221              		.loc 1 267 0
 222 00ec D822     		mov	r2, #216
 223 00ee 1201     		lsl	r2, r2, #4
 224 00f0 0B4B     		ldr	r3, .L8+36
 225 00f2 1A60     		str	r2, [r3]
 268:.\Generated_Source\PSoC4/cyfitter_cfg.c **** 
 269:.\Generated_Source\PSoC4/cyfitter_cfg.c **** 	/* Setup clocks based on selections from Clock DWR */
 270:.\Generated_Source\PSoC4/cyfitter_cfg.c **** 	ClockSetup();
 226              		.loc 1 270 0
 227 00f4 FFF784FF 		bl	ClockSetup
 228              	.LVL11:
 271:.\Generated_Source\PSoC4/cyfitter_cfg.c **** 
 272:.\Generated_Source\PSoC4/cyfitter_cfg.c **** 	/* Perform basic analog initialization to defaults */
 273:.\Generated_Source\PSoC4/cyfitter_cfg.c **** 	AnalogSetDefault();
 274:.\Generated_Source\PSoC4/cyfitter_cfg.c **** 
 275:.\Generated_Source\PSoC4/cyfitter_cfg.c **** }
 229              		.loc 1 275 0
 230              		@ sp needed
 231              	.LVL12:
 232 00f8 10BD     		pop	{r4, pc}
 233              	.L9:
 234 00fa C046     		.align	2
 235              	.L8:
 236 00fc 00000000 		.word	.LANCHOR0
ARM GAS  C:\Users\thetr\AppData\Local\Temp\ccvkxusv.s 			page 10


 237 0100 00000140 		.word	1073807360
 238 0104 0C000140 		.word	1073807372
 239 0108 00500F40 		.word	1074745344
 240 010c 30500F40 		.word	1074745392
 241 0110 00700F40 		.word	1074753536
 242 0114 01700F40 		.word	1074753537
 243 0118 00000440 		.word	1074003968
 244 011c 08000440 		.word	1074003976
 245 0120 08030440 		.word	1074004744
 246              		.cfi_endproc
 247              	.LFE5:
 248              		.size	cyfitter_cfg, .-cyfitter_cfg
 249              		.section	.rodata
 250              		.align	2
 251              		.set	.LANCHOR0,. + 0
 252              		.type	cfg_memset_list.4714, %object
 253              		.size	cfg_memset_list.4714, 12
 254              	cfg_memset_list.4714:
 255 0000 00300F40 		.word	1074737152
 256 0004 0004     		.short	1024
 257 0006 00400F40 		.4byte	1074741248
 258 000a 0004     		.short	1024
 259              		.text
 260              	.Letext0:
 261              		.file 2 "c:\\program files (x86)\\cypress\\psoc creator\\3.3\\psoc creator\\import\\gnu\\arm\\4.9.
 262              		.file 3 ".\\Generated_Source\\PSoC4\\cytypes.h"
 263              		.file 4 ".\\Generated_Source\\PSoC4\\CyLib.h"
 264              		.section	.debug_info,"",%progbits
 265              	.Ldebug_info0:
 266 0000 8C020000 		.4byte	0x28c
 267 0004 0400     		.2byte	0x4
 268 0006 00000000 		.4byte	.Ldebug_abbrev0
 269 000a 04       		.byte	0x4
 270 000b 01       		.uleb128 0x1
 271 000c 9E010000 		.4byte	.LASF28
 272 0010 01       		.byte	0x1
 273 0011 5A010000 		.4byte	.LASF29
 274 0015 98000000 		.4byte	.LASF30
 275 0019 00000000 		.4byte	.Ldebug_ranges0+0
 276 001d 00000000 		.4byte	0
 277 0021 00000000 		.4byte	.Ldebug_line0
 278 0025 02       		.uleb128 0x2
 279 0026 04       		.byte	0x4
 280 0027 05       		.byte	0x5
 281 0028 696E7400 		.ascii	"int\000"
 282 002c 03       		.uleb128 0x3
 283 002d 06000000 		.4byte	.LASF11
 284 0031 02       		.byte	0x2
 285 0032 D4       		.byte	0xd4
 286 0033 37000000 		.4byte	0x37
 287 0037 04       		.uleb128 0x4
 288 0038 04       		.byte	0x4
 289 0039 07       		.byte	0x7
 290 003a 07010000 		.4byte	.LASF0
 291 003e 04       		.uleb128 0x4
 292 003f 01       		.byte	0x1
 293 0040 06       		.byte	0x6
ARM GAS  C:\Users\thetr\AppData\Local\Temp\ccvkxusv.s 			page 11


 294 0041 54020000 		.4byte	.LASF1
 295 0045 04       		.uleb128 0x4
 296 0046 01       		.byte	0x1
 297 0047 08       		.byte	0x8
 298 0048 7C000000 		.4byte	.LASF2
 299 004c 04       		.uleb128 0x4
 300 004d 02       		.byte	0x2
 301 004e 05       		.byte	0x5
 302 004f 2C020000 		.4byte	.LASF3
 303 0053 04       		.uleb128 0x4
 304 0054 02       		.byte	0x2
 305 0055 07       		.byte	0x7
 306 0056 37000000 		.4byte	.LASF4
 307 005a 04       		.uleb128 0x4
 308 005b 04       		.byte	0x4
 309 005c 05       		.byte	0x5
 310 005d 4B020000 		.4byte	.LASF5
 311 0061 04       		.uleb128 0x4
 312 0062 04       		.byte	0x4
 313 0063 07       		.byte	0x7
 314 0064 5A000000 		.4byte	.LASF6
 315 0068 04       		.uleb128 0x4
 316 0069 08       		.byte	0x8
 317 006a 05       		.byte	0x5
 318 006b 8B010000 		.4byte	.LASF7
 319 006f 04       		.uleb128 0x4
 320 0070 08       		.byte	0x8
 321 0071 07       		.byte	0x7
 322 0072 29010000 		.4byte	.LASF8
 323 0076 04       		.uleb128 0x4
 324 0077 04       		.byte	0x4
 325 0078 07       		.byte	0x7
 326 0079 82010000 		.4byte	.LASF9
 327 007d 05       		.uleb128 0x5
 328 007e 04       		.byte	0x4
 329 007f 06       		.uleb128 0x6
 330 0080 04       		.byte	0x4
 331 0081 85000000 		.4byte	0x85
 332 0085 07       		.uleb128 0x7
 333 0086 04       		.uleb128 0x4
 334 0087 01       		.byte	0x1
 335 0088 08       		.byte	0x8
 336 0089 99010000 		.4byte	.LASF10
 337 008d 03       		.uleb128 0x3
 338 008e 6C000000 		.4byte	.LASF12
 339 0092 03       		.byte	0x3
 340 0093 C2       		.byte	0xc2
 341 0094 45000000 		.4byte	0x45
 342 0098 03       		.uleb128 0x3
 343 0099 F9000000 		.4byte	.LASF13
 344 009d 03       		.byte	0x3
 345 009e C3       		.byte	0xc3
 346 009f 53000000 		.4byte	0x53
 347 00a3 03       		.uleb128 0x3
 348 00a4 00010000 		.4byte	.LASF14
 349 00a8 03       		.byte	0x3
 350 00a9 C4       		.byte	0xc4
ARM GAS  C:\Users\thetr\AppData\Local\Temp\ccvkxusv.s 			page 12


 351 00aa 61000000 		.4byte	0x61
 352 00ae 04       		.uleb128 0x4
 353 00af 04       		.byte	0x4
 354 00b0 04       		.byte	0x4
 355 00b1 4A000000 		.4byte	.LASF15
 356 00b5 04       		.uleb128 0x4
 357 00b6 08       		.byte	0x8
 358 00b7 04       		.byte	0x4
 359 00b8 91000000 		.4byte	.LASF16
 360 00bc 08       		.uleb128 0x8
 361 00bd 55000000 		.4byte	.LASF17
 362 00c1 03       		.byte	0x3
 363 00c2 6C01     		.2byte	0x16c
 364 00c4 C8000000 		.4byte	0xc8
 365 00c8 09       		.uleb128 0x9
 366 00c9 8D000000 		.4byte	0x8d
 367 00cd 08       		.uleb128 0x8
 368 00ce 00000000 		.4byte	.LASF18
 369 00d2 03       		.byte	0x3
 370 00d3 6E01     		.2byte	0x16e
 371 00d5 D9000000 		.4byte	0xd9
 372 00d9 09       		.uleb128 0x9
 373 00da A3000000 		.4byte	0xa3
 374 00de 08       		.uleb128 0x8
 375 00df 40010000 		.4byte	.LASF19
 376 00e3 03       		.byte	0x3
 377 00e4 7E01     		.2byte	0x17e
 378 00e6 7F000000 		.4byte	0x7f
 379 00ea 0A       		.uleb128 0xa
 380 00eb 72000000 		.4byte	.LASF20
 381 00ef 01       		.byte	0x1
 382 00f0 3B       		.byte	0x3b
 383 00f1 00000000 		.4byte	.LFB0
 384 00f5 0C000000 		.4byte	.LFE0-.LFB0
 385 00f9 01       		.uleb128 0x1
 386 00fa 9C       		.byte	0x9c
 387 00fb 37010000 		.4byte	0x137
 388 00ff 0B       		.uleb128 0xb
 389 0100 7300     		.ascii	"s\000"
 390 0102 01       		.byte	0x1
 391 0103 3B       		.byte	0x3b
 392 0104 7D000000 		.4byte	0x7d
 393 0108 00000000 		.4byte	.LLST0
 394 010c 0B       		.uleb128 0xb
 395 010d 6E00     		.ascii	"n\000"
 396 010f 01       		.byte	0x1
 397 0110 3B       		.byte	0x3b
 398 0111 2C000000 		.4byte	0x2c
 399 0115 21000000 		.4byte	.LLST1
 400 0119 0C       		.uleb128 0xc
 401 011a 0A000000 		.4byte	.LVL2
 402 011e 3A020000 		.4byte	0x23a
 403 0122 0D       		.uleb128 0xd
 404 0123 01       		.uleb128 0x1
 405 0124 52       		.byte	0x52
 406 0125 03       		.uleb128 0x3
 407 0126 F3       		.byte	0xf3
ARM GAS  C:\Users\thetr\AppData\Local\Temp\ccvkxusv.s 			page 13


 408 0127 01       		.uleb128 0x1
 409 0128 51       		.byte	0x51
 410 0129 0D       		.uleb128 0xd
 411 012a 01       		.uleb128 0x1
 412 012b 51       		.byte	0x51
 413 012c 01       		.uleb128 0x1
 414 012d 30       		.byte	0x30
 415 012e 0D       		.uleb128 0xd
 416 012f 01       		.uleb128 0x1
 417 0130 50       		.byte	0x50
 418 0131 03       		.uleb128 0x3
 419 0132 F3       		.byte	0xf3
 420 0133 01       		.uleb128 0x1
 421 0134 50       		.byte	0x50
 422 0135 00       		.byte	0
 423 0136 00       		.byte	0
 424 0137 0A       		.uleb128 0xa
 425 0138 2C000000 		.4byte	.LASF21
 426 013c 01       		.byte	0x1
 427 013d 90       		.byte	0x90
 428 013e 00000000 		.4byte	.LFB3
 429 0142 74000000 		.4byte	.LFE3-.LFB3
 430 0146 01       		.uleb128 0x1
 431 0147 9C       		.byte	0x9c
 432 0148 82010000 		.4byte	0x182
 433 014c 0E       		.uleb128 0xe
 434 014d 14000000 		.4byte	.LVL3
 435 0151 57020000 		.4byte	0x257
 436 0155 5F010000 		.4byte	0x15f
 437 0159 0D       		.uleb128 0xd
 438 015a 01       		.uleb128 0x1
 439 015b 50       		.byte	0x50
 440 015c 01       		.uleb128 0x1
 441 015d 48       		.byte	0x48
 442 015e 00       		.byte	0
 443 015f 0E       		.uleb128 0xe
 444 0160 3E000000 		.4byte	.LVL4
 445 0164 68020000 		.4byte	0x268
 446 0168 72010000 		.4byte	0x172
 447 016c 0D       		.uleb128 0xd
 448 016d 01       		.uleb128 0x1
 449 016e 50       		.byte	0x50
 450 016f 01       		.uleb128 0x1
 451 0170 39       		.byte	0x39
 452 0171 00       		.byte	0
 453 0172 0C       		.uleb128 0xc
 454 0173 44000000 		.4byte	.LVL5
 455 0177 82020000 		.4byte	0x282
 456 017b 0D       		.uleb128 0xd
 457 017c 01       		.uleb128 0x1
 458 017d 50       		.byte	0x50
 459 017e 01       		.uleb128 0x1
 460 017f 39       		.byte	0x39
 461 0180 00       		.byte	0
 462 0181 00       		.byte	0
 463 0182 0F       		.uleb128 0xf
 464 0183 14010000 		.4byte	.LASF31
ARM GAS  C:\Users\thetr\AppData\Local\Temp\ccvkxusv.s 			page 14


 465 0187 01       		.byte	0x1
 466 0188 D8       		.byte	0xd8
 467 0189 74000000 		.4byte	.LFB5
 468 018d B0000000 		.4byte	.LFE5-.LFB5
 469 0191 01       		.uleb128 0x1
 470 0192 9C       		.byte	0x9c
 471 0193 3A020000 		.4byte	0x23a
 472 0197 10       		.uleb128 0x10
 473 0198 78000000 		.4byte	.LBB2
 474 019c 66000000 		.4byte	.LBE2-.LBB2
 475 01a0 30020000 		.4byte	0x230
 476 01a4 11       		.uleb128 0x11
 477 01a5 06       		.byte	0x6
 478 01a6 01       		.byte	0x1
 479 01a7 DF       		.byte	0xdf
 480 01a8 C5010000 		.4byte	0x1c5
 481 01ac 12       		.uleb128 0x12
 482 01ad 21010000 		.4byte	.LASF22
 483 01b1 01       		.byte	0x1
 484 01b2 E0       		.byte	0xe0
 485 01b3 7D000000 		.4byte	0x7d
 486 01b7 00       		.byte	0
 487 01b8 12       		.uleb128 0x12
 488 01b9 50000000 		.4byte	.LASF23
 489 01bd 01       		.byte	0x1
 490 01be E1       		.byte	0xe1
 491 01bf 98000000 		.4byte	0x98
 492 01c3 04       		.byte	0x4
 493 01c4 00       		.byte	0
 494 01c5 03       		.uleb128 0x3
 495 01c6 4D010000 		.4byte	.LASF24
 496 01ca 01       		.byte	0x1
 497 01cb E2       		.byte	0xe2
 498 01cc A4010000 		.4byte	0x1a4
 499 01d0 13       		.uleb128 0x13
 500 01d1 C5010000 		.4byte	0x1c5
 501 01d5 E0010000 		.4byte	0x1e0
 502 01d9 14       		.uleb128 0x14
 503 01da 76000000 		.4byte	0x76
 504 01de 01       		.byte	0x1
 505 01df 00       		.byte	0
 506 01e0 15       		.uleb128 0x15
 507 01e1 1C000000 		.4byte	.LASF25
 508 01e5 01       		.byte	0x1
 509 01e6 E4       		.byte	0xe4
 510 01e7 F1010000 		.4byte	0x1f1
 511 01eb 05       		.uleb128 0x5
 512 01ec 03       		.byte	0x3
 513 01ed 00000000 		.4byte	cfg_memset_list.4714
 514 01f1 16       		.uleb128 0x16
 515 01f2 D0010000 		.4byte	0x1d0
 516 01f6 17       		.uleb128 0x17
 517 01f7 6900     		.ascii	"i\000"
 518 01f9 01       		.byte	0x1
 519 01fa EA       		.byte	0xea
 520 01fb 8D000000 		.4byte	0x8d
 521 01ff 4D000000 		.4byte	.LLST2
ARM GAS  C:\Users\thetr\AppData\Local\Temp\ccvkxusv.s 			page 15


 522 0203 18       		.uleb128 0x18
 523 0204 7C000000 		.4byte	.LBB3
 524 0208 1E000000 		.4byte	.LBE3-.LBB3
 525 020c 17       		.uleb128 0x17
 526 020d 6D7300   		.ascii	"ms\000"
 527 0210 01       		.byte	0x1
 528 0211 EF       		.byte	0xef
 529 0212 1A020000 		.4byte	0x21a
 530 0216 77000000 		.4byte	.LLST3
 531 021a 06       		.uleb128 0x6
 532 021b 04       		.byte	0x4
 533 021c 20020000 		.4byte	0x220
 534 0220 16       		.uleb128 0x16
 535 0221 C5010000 		.4byte	0x1c5
 536 0225 19       		.uleb128 0x19
 537 0226 9A000000 		.4byte	.LVL8
 538 022a EA000000 		.4byte	0xea
 539 022e 00       		.byte	0
 540 022f 00       		.byte	0
 541 0230 19       		.uleb128 0x19
 542 0231 F8000000 		.4byte	.LVL11
 543 0235 37010000 		.4byte	0x137
 544 0239 00       		.byte	0
 545 023a 1A       		.uleb128 0x1a
 546 023b 8A000000 		.4byte	.LASF26
 547 023f 7D000000 		.4byte	0x7d
 548 0243 57020000 		.4byte	0x257
 549 0247 1B       		.uleb128 0x1b
 550 0248 7D000000 		.4byte	0x7d
 551 024c 1B       		.uleb128 0x1b
 552 024d 25000000 		.4byte	0x25
 553 0251 1B       		.uleb128 0x1b
 554 0252 76000000 		.4byte	0x76
 555 0256 00       		.byte	0
 556 0257 1C       		.uleb128 0x1c
 557 0258 36020000 		.4byte	.LASF27
 558 025c 04       		.byte	0x4
 559 025d 31       		.byte	0x31
 560 025e 68020000 		.4byte	0x268
 561 0262 1B       		.uleb128 0x1b
 562 0263 A3000000 		.4byte	0xa3
 563 0267 00       		.byte	0
 564 0268 1D       		.uleb128 0x1d
 565 0269 0D000000 		.4byte	.LASF32
 566 026d 04       		.byte	0x4
 567 026e 46       		.byte	0x46
 568 026f DE000000 		.4byte	0xde
 569 0273 82020000 		.4byte	0x282
 570 0277 1B       		.uleb128 0x1b
 571 0278 8D000000 		.4byte	0x8d
 572 027c 1B       		.uleb128 0x1b
 573 027d DE000000 		.4byte	0xde
 574 0281 00       		.byte	0
 575 0282 1E       		.uleb128 0x1e
 576 0283 ED000000 		.4byte	.LASF33
 577 0287 04       		.byte	0x4
 578 0288 4C       		.byte	0x4c
ARM GAS  C:\Users\thetr\AppData\Local\Temp\ccvkxusv.s 			page 16


 579 0289 1B       		.uleb128 0x1b
 580 028a 8D000000 		.4byte	0x8d
 581 028e 00       		.byte	0
 582 028f 00       		.byte	0
 583              		.section	.debug_abbrev,"",%progbits
 584              	.Ldebug_abbrev0:
 585 0000 01       		.uleb128 0x1
 586 0001 11       		.uleb128 0x11
 587 0002 01       		.byte	0x1
 588 0003 25       		.uleb128 0x25
 589 0004 0E       		.uleb128 0xe
 590 0005 13       		.uleb128 0x13
 591 0006 0B       		.uleb128 0xb
 592 0007 03       		.uleb128 0x3
 593 0008 0E       		.uleb128 0xe
 594 0009 1B       		.uleb128 0x1b
 595 000a 0E       		.uleb128 0xe
 596 000b 55       		.uleb128 0x55
 597 000c 17       		.uleb128 0x17
 598 000d 11       		.uleb128 0x11
 599 000e 01       		.uleb128 0x1
 600 000f 10       		.uleb128 0x10
 601 0010 17       		.uleb128 0x17
 602 0011 00       		.byte	0
 603 0012 00       		.byte	0
 604 0013 02       		.uleb128 0x2
 605 0014 24       		.uleb128 0x24
 606 0015 00       		.byte	0
 607 0016 0B       		.uleb128 0xb
 608 0017 0B       		.uleb128 0xb
 609 0018 3E       		.uleb128 0x3e
 610 0019 0B       		.uleb128 0xb
 611 001a 03       		.uleb128 0x3
 612 001b 08       		.uleb128 0x8
 613 001c 00       		.byte	0
 614 001d 00       		.byte	0
 615 001e 03       		.uleb128 0x3
 616 001f 16       		.uleb128 0x16
 617 0020 00       		.byte	0
 618 0021 03       		.uleb128 0x3
 619 0022 0E       		.uleb128 0xe
 620 0023 3A       		.uleb128 0x3a
 621 0024 0B       		.uleb128 0xb
 622 0025 3B       		.uleb128 0x3b
 623 0026 0B       		.uleb128 0xb
 624 0027 49       		.uleb128 0x49
 625 0028 13       		.uleb128 0x13
 626 0029 00       		.byte	0
 627 002a 00       		.byte	0
 628 002b 04       		.uleb128 0x4
 629 002c 24       		.uleb128 0x24
 630 002d 00       		.byte	0
 631 002e 0B       		.uleb128 0xb
 632 002f 0B       		.uleb128 0xb
 633 0030 3E       		.uleb128 0x3e
 634 0031 0B       		.uleb128 0xb
 635 0032 03       		.uleb128 0x3
ARM GAS  C:\Users\thetr\AppData\Local\Temp\ccvkxusv.s 			page 17


 636 0033 0E       		.uleb128 0xe
 637 0034 00       		.byte	0
 638 0035 00       		.byte	0
 639 0036 05       		.uleb128 0x5
 640 0037 0F       		.uleb128 0xf
 641 0038 00       		.byte	0
 642 0039 0B       		.uleb128 0xb
 643 003a 0B       		.uleb128 0xb
 644 003b 00       		.byte	0
 645 003c 00       		.byte	0
 646 003d 06       		.uleb128 0x6
 647 003e 0F       		.uleb128 0xf
 648 003f 00       		.byte	0
 649 0040 0B       		.uleb128 0xb
 650 0041 0B       		.uleb128 0xb
 651 0042 49       		.uleb128 0x49
 652 0043 13       		.uleb128 0x13
 653 0044 00       		.byte	0
 654 0045 00       		.byte	0
 655 0046 07       		.uleb128 0x7
 656 0047 15       		.uleb128 0x15
 657 0048 00       		.byte	0
 658 0049 27       		.uleb128 0x27
 659 004a 19       		.uleb128 0x19
 660 004b 00       		.byte	0
 661 004c 00       		.byte	0
 662 004d 08       		.uleb128 0x8
 663 004e 16       		.uleb128 0x16
 664 004f 00       		.byte	0
 665 0050 03       		.uleb128 0x3
 666 0051 0E       		.uleb128 0xe
 667 0052 3A       		.uleb128 0x3a
 668 0053 0B       		.uleb128 0xb
 669 0054 3B       		.uleb128 0x3b
 670 0055 05       		.uleb128 0x5
 671 0056 49       		.uleb128 0x49
 672 0057 13       		.uleb128 0x13
 673 0058 00       		.byte	0
 674 0059 00       		.byte	0
 675 005a 09       		.uleb128 0x9
 676 005b 35       		.uleb128 0x35
 677 005c 00       		.byte	0
 678 005d 49       		.uleb128 0x49
 679 005e 13       		.uleb128 0x13
 680 005f 00       		.byte	0
 681 0060 00       		.byte	0
 682 0061 0A       		.uleb128 0xa
 683 0062 2E       		.uleb128 0x2e
 684 0063 01       		.byte	0x1
 685 0064 03       		.uleb128 0x3
 686 0065 0E       		.uleb128 0xe
 687 0066 3A       		.uleb128 0x3a
 688 0067 0B       		.uleb128 0xb
 689 0068 3B       		.uleb128 0x3b
 690 0069 0B       		.uleb128 0xb
 691 006a 27       		.uleb128 0x27
 692 006b 19       		.uleb128 0x19
ARM GAS  C:\Users\thetr\AppData\Local\Temp\ccvkxusv.s 			page 18


 693 006c 11       		.uleb128 0x11
 694 006d 01       		.uleb128 0x1
 695 006e 12       		.uleb128 0x12
 696 006f 06       		.uleb128 0x6
 697 0070 40       		.uleb128 0x40
 698 0071 18       		.uleb128 0x18
 699 0072 9742     		.uleb128 0x2117
 700 0074 19       		.uleb128 0x19
 701 0075 01       		.uleb128 0x1
 702 0076 13       		.uleb128 0x13
 703 0077 00       		.byte	0
 704 0078 00       		.byte	0
 705 0079 0B       		.uleb128 0xb
 706 007a 05       		.uleb128 0x5
 707 007b 00       		.byte	0
 708 007c 03       		.uleb128 0x3
 709 007d 08       		.uleb128 0x8
 710 007e 3A       		.uleb128 0x3a
 711 007f 0B       		.uleb128 0xb
 712 0080 3B       		.uleb128 0x3b
 713 0081 0B       		.uleb128 0xb
 714 0082 49       		.uleb128 0x49
 715 0083 13       		.uleb128 0x13
 716 0084 02       		.uleb128 0x2
 717 0085 17       		.uleb128 0x17
 718 0086 00       		.byte	0
 719 0087 00       		.byte	0
 720 0088 0C       		.uleb128 0xc
 721 0089 898201   		.uleb128 0x4109
 722 008c 01       		.byte	0x1
 723 008d 11       		.uleb128 0x11
 724 008e 01       		.uleb128 0x1
 725 008f 31       		.uleb128 0x31
 726 0090 13       		.uleb128 0x13
 727 0091 00       		.byte	0
 728 0092 00       		.byte	0
 729 0093 0D       		.uleb128 0xd
 730 0094 8A8201   		.uleb128 0x410a
 731 0097 00       		.byte	0
 732 0098 02       		.uleb128 0x2
 733 0099 18       		.uleb128 0x18
 734 009a 9142     		.uleb128 0x2111
 735 009c 18       		.uleb128 0x18
 736 009d 00       		.byte	0
 737 009e 00       		.byte	0
 738 009f 0E       		.uleb128 0xe
 739 00a0 898201   		.uleb128 0x4109
 740 00a3 01       		.byte	0x1
 741 00a4 11       		.uleb128 0x11
 742 00a5 01       		.uleb128 0x1
 743 00a6 31       		.uleb128 0x31
 744 00a7 13       		.uleb128 0x13
 745 00a8 01       		.uleb128 0x1
 746 00a9 13       		.uleb128 0x13
 747 00aa 00       		.byte	0
 748 00ab 00       		.byte	0
 749 00ac 0F       		.uleb128 0xf
ARM GAS  C:\Users\thetr\AppData\Local\Temp\ccvkxusv.s 			page 19


 750 00ad 2E       		.uleb128 0x2e
 751 00ae 01       		.byte	0x1
 752 00af 3F       		.uleb128 0x3f
 753 00b0 19       		.uleb128 0x19
 754 00b1 03       		.uleb128 0x3
 755 00b2 0E       		.uleb128 0xe
 756 00b3 3A       		.uleb128 0x3a
 757 00b4 0B       		.uleb128 0xb
 758 00b5 3B       		.uleb128 0x3b
 759 00b6 0B       		.uleb128 0xb
 760 00b7 27       		.uleb128 0x27
 761 00b8 19       		.uleb128 0x19
 762 00b9 11       		.uleb128 0x11
 763 00ba 01       		.uleb128 0x1
 764 00bb 12       		.uleb128 0x12
 765 00bc 06       		.uleb128 0x6
 766 00bd 40       		.uleb128 0x40
 767 00be 18       		.uleb128 0x18
 768 00bf 9742     		.uleb128 0x2117
 769 00c1 19       		.uleb128 0x19
 770 00c2 01       		.uleb128 0x1
 771 00c3 13       		.uleb128 0x13
 772 00c4 00       		.byte	0
 773 00c5 00       		.byte	0
 774 00c6 10       		.uleb128 0x10
 775 00c7 0B       		.uleb128 0xb
 776 00c8 01       		.byte	0x1
 777 00c9 11       		.uleb128 0x11
 778 00ca 01       		.uleb128 0x1
 779 00cb 12       		.uleb128 0x12
 780 00cc 06       		.uleb128 0x6
 781 00cd 01       		.uleb128 0x1
 782 00ce 13       		.uleb128 0x13
 783 00cf 00       		.byte	0
 784 00d0 00       		.byte	0
 785 00d1 11       		.uleb128 0x11
 786 00d2 13       		.uleb128 0x13
 787 00d3 01       		.byte	0x1
 788 00d4 0B       		.uleb128 0xb
 789 00d5 0B       		.uleb128 0xb
 790 00d6 3A       		.uleb128 0x3a
 791 00d7 0B       		.uleb128 0xb
 792 00d8 3B       		.uleb128 0x3b
 793 00d9 0B       		.uleb128 0xb
 794 00da 01       		.uleb128 0x1
 795 00db 13       		.uleb128 0x13
 796 00dc 00       		.byte	0
 797 00dd 00       		.byte	0
 798 00de 12       		.uleb128 0x12
 799 00df 0D       		.uleb128 0xd
 800 00e0 00       		.byte	0
 801 00e1 03       		.uleb128 0x3
 802 00e2 0E       		.uleb128 0xe
 803 00e3 3A       		.uleb128 0x3a
 804 00e4 0B       		.uleb128 0xb
 805 00e5 3B       		.uleb128 0x3b
 806 00e6 0B       		.uleb128 0xb
ARM GAS  C:\Users\thetr\AppData\Local\Temp\ccvkxusv.s 			page 20


 807 00e7 49       		.uleb128 0x49
 808 00e8 13       		.uleb128 0x13
 809 00e9 38       		.uleb128 0x38
 810 00ea 0B       		.uleb128 0xb
 811 00eb 00       		.byte	0
 812 00ec 00       		.byte	0
 813 00ed 13       		.uleb128 0x13
 814 00ee 01       		.uleb128 0x1
 815 00ef 01       		.byte	0x1
 816 00f0 49       		.uleb128 0x49
 817 00f1 13       		.uleb128 0x13
 818 00f2 01       		.uleb128 0x1
 819 00f3 13       		.uleb128 0x13
 820 00f4 00       		.byte	0
 821 00f5 00       		.byte	0
 822 00f6 14       		.uleb128 0x14
 823 00f7 21       		.uleb128 0x21
 824 00f8 00       		.byte	0
 825 00f9 49       		.uleb128 0x49
 826 00fa 13       		.uleb128 0x13
 827 00fb 2F       		.uleb128 0x2f
 828 00fc 0B       		.uleb128 0xb
 829 00fd 00       		.byte	0
 830 00fe 00       		.byte	0
 831 00ff 15       		.uleb128 0x15
 832 0100 34       		.uleb128 0x34
 833 0101 00       		.byte	0
 834 0102 03       		.uleb128 0x3
 835 0103 0E       		.uleb128 0xe
 836 0104 3A       		.uleb128 0x3a
 837 0105 0B       		.uleb128 0xb
 838 0106 3B       		.uleb128 0x3b
 839 0107 0B       		.uleb128 0xb
 840 0108 49       		.uleb128 0x49
 841 0109 13       		.uleb128 0x13
 842 010a 02       		.uleb128 0x2
 843 010b 18       		.uleb128 0x18
 844 010c 00       		.byte	0
 845 010d 00       		.byte	0
 846 010e 16       		.uleb128 0x16
 847 010f 26       		.uleb128 0x26
 848 0110 00       		.byte	0
 849 0111 49       		.uleb128 0x49
 850 0112 13       		.uleb128 0x13
 851 0113 00       		.byte	0
 852 0114 00       		.byte	0
 853 0115 17       		.uleb128 0x17
 854 0116 34       		.uleb128 0x34
 855 0117 00       		.byte	0
 856 0118 03       		.uleb128 0x3
 857 0119 08       		.uleb128 0x8
 858 011a 3A       		.uleb128 0x3a
 859 011b 0B       		.uleb128 0xb
 860 011c 3B       		.uleb128 0x3b
 861 011d 0B       		.uleb128 0xb
 862 011e 49       		.uleb128 0x49
 863 011f 13       		.uleb128 0x13
ARM GAS  C:\Users\thetr\AppData\Local\Temp\ccvkxusv.s 			page 21


 864 0120 02       		.uleb128 0x2
 865 0121 17       		.uleb128 0x17
 866 0122 00       		.byte	0
 867 0123 00       		.byte	0
 868 0124 18       		.uleb128 0x18
 869 0125 0B       		.uleb128 0xb
 870 0126 01       		.byte	0x1
 871 0127 11       		.uleb128 0x11
 872 0128 01       		.uleb128 0x1
 873 0129 12       		.uleb128 0x12
 874 012a 06       		.uleb128 0x6
 875 012b 00       		.byte	0
 876 012c 00       		.byte	0
 877 012d 19       		.uleb128 0x19
 878 012e 898201   		.uleb128 0x4109
 879 0131 00       		.byte	0
 880 0132 11       		.uleb128 0x11
 881 0133 01       		.uleb128 0x1
 882 0134 31       		.uleb128 0x31
 883 0135 13       		.uleb128 0x13
 884 0136 00       		.byte	0
 885 0137 00       		.byte	0
 886 0138 1A       		.uleb128 0x1a
 887 0139 2E       		.uleb128 0x2e
 888 013a 01       		.byte	0x1
 889 013b 3F       		.uleb128 0x3f
 890 013c 19       		.uleb128 0x19
 891 013d 03       		.uleb128 0x3
 892 013e 0E       		.uleb128 0xe
 893 013f 27       		.uleb128 0x27
 894 0140 19       		.uleb128 0x19
 895 0141 49       		.uleb128 0x49
 896 0142 13       		.uleb128 0x13
 897 0143 34       		.uleb128 0x34
 898 0144 19       		.uleb128 0x19
 899 0145 3C       		.uleb128 0x3c
 900 0146 19       		.uleb128 0x19
 901 0147 01       		.uleb128 0x1
 902 0148 13       		.uleb128 0x13
 903 0149 00       		.byte	0
 904 014a 00       		.byte	0
 905 014b 1B       		.uleb128 0x1b
 906 014c 05       		.uleb128 0x5
 907 014d 00       		.byte	0
 908 014e 49       		.uleb128 0x49
 909 014f 13       		.uleb128 0x13
 910 0150 00       		.byte	0
 911 0151 00       		.byte	0
 912 0152 1C       		.uleb128 0x1c
 913 0153 2E       		.uleb128 0x2e
 914 0154 01       		.byte	0x1
 915 0155 3F       		.uleb128 0x3f
 916 0156 19       		.uleb128 0x19
 917 0157 03       		.uleb128 0x3
 918 0158 0E       		.uleb128 0xe
 919 0159 3A       		.uleb128 0x3a
 920 015a 0B       		.uleb128 0xb
ARM GAS  C:\Users\thetr\AppData\Local\Temp\ccvkxusv.s 			page 22


 921 015b 3B       		.uleb128 0x3b
 922 015c 0B       		.uleb128 0xb
 923 015d 27       		.uleb128 0x27
 924 015e 19       		.uleb128 0x19
 925 015f 3C       		.uleb128 0x3c
 926 0160 19       		.uleb128 0x19
 927 0161 01       		.uleb128 0x1
 928 0162 13       		.uleb128 0x13
 929 0163 00       		.byte	0
 930 0164 00       		.byte	0
 931 0165 1D       		.uleb128 0x1d
 932 0166 2E       		.uleb128 0x2e
 933 0167 01       		.byte	0x1
 934 0168 3F       		.uleb128 0x3f
 935 0169 19       		.uleb128 0x19
 936 016a 03       		.uleb128 0x3
 937 016b 0E       		.uleb128 0xe
 938 016c 3A       		.uleb128 0x3a
 939 016d 0B       		.uleb128 0xb
 940 016e 3B       		.uleb128 0x3b
 941 016f 0B       		.uleb128 0xb
 942 0170 27       		.uleb128 0x27
 943 0171 19       		.uleb128 0x19
 944 0172 49       		.uleb128 0x49
 945 0173 13       		.uleb128 0x13
 946 0174 3C       		.uleb128 0x3c
 947 0175 19       		.uleb128 0x19
 948 0176 01       		.uleb128 0x1
 949 0177 13       		.uleb128 0x13
 950 0178 00       		.byte	0
 951 0179 00       		.byte	0
 952 017a 1E       		.uleb128 0x1e
 953 017b 2E       		.uleb128 0x2e
 954 017c 01       		.byte	0x1
 955 017d 3F       		.uleb128 0x3f
 956 017e 19       		.uleb128 0x19
 957 017f 03       		.uleb128 0x3
 958 0180 0E       		.uleb128 0xe
 959 0181 3A       		.uleb128 0x3a
 960 0182 0B       		.uleb128 0xb
 961 0183 3B       		.uleb128 0x3b
 962 0184 0B       		.uleb128 0xb
 963 0185 27       		.uleb128 0x27
 964 0186 19       		.uleb128 0x19
 965 0187 3C       		.uleb128 0x3c
 966 0188 19       		.uleb128 0x19
 967 0189 00       		.byte	0
 968 018a 00       		.byte	0
 969 018b 00       		.byte	0
 970              		.section	.debug_loc,"",%progbits
 971              	.Ldebug_loc0:
 972              	.LLST0:
 973 0000 00000000 		.4byte	.LVL0
 974 0004 09000000 		.4byte	.LVL2-1
 975 0008 0100     		.2byte	0x1
 976 000a 50       		.byte	0x50
 977 000b 09000000 		.4byte	.LVL2-1
ARM GAS  C:\Users\thetr\AppData\Local\Temp\ccvkxusv.s 			page 23


 978 000f 0C000000 		.4byte	.LFE0
 979 0013 0400     		.2byte	0x4
 980 0015 F3       		.byte	0xf3
 981 0016 01       		.uleb128 0x1
 982 0017 50       		.byte	0x50
 983 0018 9F       		.byte	0x9f
 984 0019 00000000 		.4byte	0
 985 001d 00000000 		.4byte	0
 986              	.LLST1:
 987 0021 00000000 		.4byte	.LVL0
 988 0025 06000000 		.4byte	.LVL1
 989 0029 0100     		.2byte	0x1
 990 002b 51       		.byte	0x51
 991 002c 06000000 		.4byte	.LVL1
 992 0030 09000000 		.4byte	.LVL2-1
 993 0034 0100     		.2byte	0x1
 994 0036 52       		.byte	0x52
 995 0037 09000000 		.4byte	.LVL2-1
 996 003b 0C000000 		.4byte	.LFE0
 997 003f 0400     		.2byte	0x4
 998 0041 F3       		.byte	0xf3
 999 0042 01       		.uleb128 0x1
 1000 0043 51       		.byte	0x51
 1001 0044 9F       		.byte	0x9f
 1002 0045 00000000 		.4byte	0
 1003 0049 00000000 		.4byte	0
 1004              	.LLST2:
 1005 004d 78000000 		.4byte	.LVL6
 1006 0051 7C000000 		.4byte	.LVL7
 1007 0055 0200     		.2byte	0x2
 1008 0057 30       		.byte	0x30
 1009 0058 9F       		.byte	0x9f
 1010 0059 7C000000 		.4byte	.LVL7
 1011 005d 9C000000 		.4byte	.LVL9
 1012 0061 0100     		.2byte	0x1
 1013 0063 54       		.byte	0x54
 1014 0064 9E000000 		.4byte	.LVL10
 1015 0068 F8000000 		.4byte	.LVL12
 1016 006c 0100     		.2byte	0x1
 1017 006e 54       		.byte	0x54
 1018 006f 00000000 		.4byte	0
 1019 0073 00000000 		.4byte	0
 1020              	.LLST3:
 1021 0077 7C000000 		.4byte	.LVL7
 1022 007b 9C000000 		.4byte	.LVL9
 1023 007f 0B00     		.2byte	0xb
 1024 0081 74       		.byte	0x74
 1025 0082 00       		.sleb128 0
 1026 0083 36       		.byte	0x36
 1027 0084 1E       		.byte	0x1e
 1028 0085 03       		.byte	0x3
 1029 0086 00000000 		.4byte	cfg_memset_list.4714
 1030 008a 22       		.byte	0x22
 1031 008b 9F       		.byte	0x9f
 1032 008c 9C000000 		.4byte	.LVL9
 1033 0090 9E000000 		.4byte	.LVL10
 1034 0094 0B00     		.2byte	0xb
ARM GAS  C:\Users\thetr\AppData\Local\Temp\ccvkxusv.s 			page 24


 1035 0096 74       		.byte	0x74
 1036 0097 7F       		.sleb128 -1
 1037 0098 36       		.byte	0x36
 1038 0099 1E       		.byte	0x1e
 1039 009a 03       		.byte	0x3
 1040 009b 00000000 		.4byte	cfg_memset_list.4714
 1041 009f 22       		.byte	0x22
 1042 00a0 9F       		.byte	0x9f
 1043 00a1 00000000 		.4byte	0
 1044 00a5 00000000 		.4byte	0
 1045              		.section	.debug_aranges,"",%progbits
 1046 0000 2C000000 		.4byte	0x2c
 1047 0004 0200     		.2byte	0x2
 1048 0006 00000000 		.4byte	.Ldebug_info0
 1049 000a 04       		.byte	0x4
 1050 000b 00       		.byte	0
 1051 000c 0000     		.2byte	0
 1052 000e 0000     		.2byte	0
 1053 0010 00000000 		.4byte	.LFB0
 1054 0014 0C000000 		.4byte	.LFE0-.LFB0
 1055 0018 00000000 		.4byte	.LFB3
 1056 001c 74000000 		.4byte	.LFE3-.LFB3
 1057 0020 74000000 		.4byte	.LFB5
 1058 0024 B0000000 		.4byte	.LFE5-.LFB5
 1059 0028 00000000 		.4byte	0
 1060 002c 00000000 		.4byte	0
 1061              		.section	.debug_ranges,"",%progbits
 1062              	.Ldebug_ranges0:
 1063 0000 00000000 		.4byte	.LFB0
 1064 0004 0C000000 		.4byte	.LFE0
 1065 0008 00000000 		.4byte	.LFB3
 1066 000c 74000000 		.4byte	.LFE3
 1067 0010 74000000 		.4byte	.LFB5
 1068 0014 24010000 		.4byte	.LFE5
 1069 0018 00000000 		.4byte	0
 1070 001c 00000000 		.4byte	0
 1071              		.section	.debug_line,"",%progbits
 1072              	.Ldebug_line0:
 1073 0000 2F010000 		.section	.debug_str,"MS",%progbits,1
 1073      0200D800 
 1073      00000201 
 1073      FB0E0D00 
 1073      01010101 
 1074              	.LASF18:
 1075 0000 72656733 		.ascii	"reg32\000"
 1075      3200
 1076              	.LASF11:
 1077 0006 73697A65 		.ascii	"size_t\000"
 1077      5F7400
 1078              	.LASF32:
 1079 000d 4379496E 		.ascii	"CyIntSetVector\000"
 1079      74536574 
 1079      56656374 
 1079      6F7200
 1080              	.LASF25:
 1081 001c 6366675F 		.ascii	"cfg_memset_list\000"
 1081      6D656D73 
ARM GAS  C:\Users\thetr\AppData\Local\Temp\ccvkxusv.s 			page 25


 1081      65745F6C 
 1081      69737400 
 1082              	.LASF21:
 1083 002c 436C6F63 		.ascii	"ClockSetup\000"
 1083      6B536574 
 1083      757000
 1084              	.LASF4:
 1085 0037 73686F72 		.ascii	"short unsigned int\000"
 1085      7420756E 
 1085      7369676E 
 1085      65642069 
 1085      6E7400
 1086              	.LASF15:
 1087 004a 666C6F61 		.ascii	"float\000"
 1087      7400
 1088              	.LASF23:
 1089 0050 73697A65 		.ascii	"size\000"
 1089      00
 1090              	.LASF17:
 1091 0055 72656738 		.ascii	"reg8\000"
 1091      00
 1092              	.LASF6:
 1093 005a 6C6F6E67 		.ascii	"long unsigned int\000"
 1093      20756E73 
 1093      69676E65 
 1093      6420696E 
 1093      7400
 1094              	.LASF12:
 1095 006c 75696E74 		.ascii	"uint8\000"
 1095      3800
 1096              	.LASF20:
 1097 0072 43594D45 		.ascii	"CYMEMZERO\000"
 1097      4D5A4552 
 1097      4F00
 1098              	.LASF2:
 1099 007c 756E7369 		.ascii	"unsigned char\000"
 1099      676E6564 
 1099      20636861 
 1099      7200
 1100              	.LASF26:
 1101 008a 6D656D73 		.ascii	"memset\000"
 1101      657400
 1102              	.LASF16:
 1103 0091 646F7562 		.ascii	"double\000"
 1103      6C6500
 1104              	.LASF30:
 1105 0098 433A5C55 		.ascii	"C:\\Users\\thetr\\OneDrive\\Documentos\\PSoC Creato"
 1105      73657273 
 1105      5C746865 
 1105      74725C4F 
 1105      6E654472 
 1106 00c6 725C4C43 		.ascii	"r\\LCD_I2C_PSoC5LP\\LCD_I2C_PSoC4P.cydsn\000"
 1106      445F4932 
 1106      435F5053 
 1106      6F43354C 
 1106      505C4C43 
 1107              	.LASF33:
ARM GAS  C:\Users\thetr\AppData\Local\Temp\ccvkxusv.s 			page 26


 1108 00ed 4379496E 		.ascii	"CyIntEnable\000"
 1108      74456E61 
 1108      626C6500 
 1109              	.LASF13:
 1110 00f9 75696E74 		.ascii	"uint16\000"
 1110      313600
 1111              	.LASF14:
 1112 0100 75696E74 		.ascii	"uint32\000"
 1112      333200
 1113              	.LASF0:
 1114 0107 756E7369 		.ascii	"unsigned int\000"
 1114      676E6564 
 1114      20696E74 
 1114      00
 1115              	.LASF31:
 1116 0114 63796669 		.ascii	"cyfitter_cfg\000"
 1116      74746572 
 1116      5F636667 
 1116      00
 1117              	.LASF22:
 1118 0121 61646472 		.ascii	"address\000"
 1118      65737300 
 1119              	.LASF8:
 1120 0129 6C6F6E67 		.ascii	"long long unsigned int\000"
 1120      206C6F6E 
 1120      6720756E 
 1120      7369676E 
 1120      65642069 
 1121              	.LASF19:
 1122 0140 63796973 		.ascii	"cyisraddress\000"
 1122      72616464 
 1122      72657373 
 1122      00
 1123              	.LASF24:
 1124 014d 6366675F 		.ascii	"cfg_memset_t\000"
 1124      6D656D73 
 1124      65745F74 
 1124      00
 1125              	.LASF29:
 1126 015a 2E5C4765 		.ascii	".\\Generated_Source\\PSoC4\\cyfitter_cfg.c\000"
 1126      6E657261 
 1126      7465645F 
 1126      536F7572 
 1126      63655C50 
 1127              	.LASF9:
 1128 0182 73697A65 		.ascii	"sizetype\000"
 1128      74797065 
 1128      00
 1129              	.LASF7:
 1130 018b 6C6F6E67 		.ascii	"long long int\000"
 1130      206C6F6E 
 1130      6720696E 
 1130      7400
 1131              	.LASF10:
 1132 0199 63686172 		.ascii	"char\000"
 1132      00
 1133              	.LASF28:
ARM GAS  C:\Users\thetr\AppData\Local\Temp\ccvkxusv.s 			page 27


 1134 019e 474E5520 		.ascii	"GNU C 4.9.3 20150303 (release) [ARM/embedded-4_9-br"
 1134      4320342E 
 1134      392E3320 
 1134      32303135 
 1134      30333033 
 1135 01d1 616E6368 		.ascii	"anch revision 221220] -mcpu=cortex-m0 -mthumb -g -O"
 1135      20726576 
 1135      6973696F 
 1135      6E203232 
 1135      31323230 
 1136 0204 67202D66 		.ascii	"g -ffunction-sections -ffat-lto-objects\000"
 1136      66756E63 
 1136      74696F6E 
 1136      2D736563 
 1136      74696F6E 
 1137              	.LASF3:
 1138 022c 73686F72 		.ascii	"short int\000"
 1138      7420696E 
 1138      7400
 1139              	.LASF27:
 1140 0236 43795379 		.ascii	"CySysClkWriteImoFreq\000"
 1140      73436C6B 
 1140      57726974 
 1140      65496D6F 
 1140      46726571 
 1141              	.LASF5:
 1142 024b 6C6F6E67 		.ascii	"long int\000"
 1142      20696E74 
 1142      00
 1143              	.LASF1:
 1144 0254 7369676E 		.ascii	"signed char\000"
 1144      65642063 
 1144      68617200 
 1145              		.ident	"GCC: (GNU Tools for ARM Embedded Processors) 4.9.3 20150303 (release) [ARM/embedded-4_9-br
