Archive member included because of file (symbol)

.\CortexM0\ARM_GCC_493\Debug\LCD_I2C_PSoC4P.a(cyfitter_cfg.o)
                              .\CortexM0\ARM_GCC_493\Debug\Cm0Start.o (cyfitter_cfg)
.\CortexM0\ARM_GCC_493\Debug\LCD_I2C_PSoC4P.a(CyLib.o)
                              .\CortexM0\ARM_GCC_493\Debug\LCD_I2C_PSoC4P.a(cyfitter_cfg.o) (CyIntEnable)
.\CortexM0\ARM_GCC_493\Debug\LCD_I2C_PSoC4P.a(CyLFClk.o)
                              .\CortexM0\ARM_GCC_493\Debug\LCD_I2C_PSoC4P.a(cyfitter_cfg.o) (CySysWdtIsr)
.\CortexM0\ARM_GCC_493\Debug\LCD_I2C_PSoC4P.a(I2C.o)
                              .\CortexM0\ARM_GCC_493\Debug\main.o (I2C_Start)
.\CortexM0\ARM_GCC_493\Debug\LCD_I2C_PSoC4P.a(I2C_I2C.o)
                              .\CortexM0\ARM_GCC_493\Debug\LCD_I2C_PSoC4P.a(I2C.o) (I2C_I2CInit)
.\CortexM0\ARM_GCC_493\Debug\LCD_I2C_PSoC4P.a(I2C_I2C_MASTER.o)
                              .\CortexM0\ARM_GCC_493\Debug\LiquidCrystal_I2C.o (I2C_I2CMasterSendStart)
.\CortexM0\ARM_GCC_493\Debug\LCD_I2C_PSoC4P.a(I2C_sda.o)
                              .\CortexM0\ARM_GCC_493\Debug\LCD_I2C_PSoC4P.a(I2C_I2C_MASTER.o) (I2C_sda_Read)
.\CortexM0\ARM_GCC_493\Debug\LCD_I2C_PSoC4P.a(I2C_scl.o)
                              .\CortexM0\ARM_GCC_493\Debug\LCD_I2C_PSoC4P.a(I2C_I2C_MASTER.o) (I2C_scl_Write)
.\CortexM0\ARM_GCC_493\Debug\LCD_I2C_PSoC4P.a(CyBootAsmGnu.o)
                              .\CortexM0\ARM_GCC_493\Debug\LCD_I2C_PSoC4P.a(CyLib.o) (CyDelayCycles)
.\CortexM0\ARM_GCC_493\Debug\LCD_I2C_PSoC4P.a(I2C_I2C_INT.o)
                              .\CortexM0\ARM_GCC_493\Debug\LCD_I2C_PSoC4P.a(I2C_I2C.o) (I2C_I2C_ISR)
c:/program files (x86)/cypress/psoc creator/3.3/psoc creator/import/gnu/arm/4.9.3/bin/../lib/gcc/arm-none-eabi/4.9.3/armv6-m\libgcc.a(_udivsi3.o)
                              .\CortexM0\ARM_GCC_493\Debug\LCD_I2C_PSoC4P.a(CyLib.o) (__aeabi_uidiv)
c:/program files (x86)/cypress/psoc creator/3.3/psoc creator/import/gnu/arm/4.9.3/bin/../lib/gcc/arm-none-eabi/4.9.3/armv6-m\libgcc.a(_dvmd_tls.o)
                              c:/program files (x86)/cypress/psoc creator/3.3/psoc creator/import/gnu/arm/4.9.3/bin/../lib/gcc/arm-none-eabi/4.9.3/armv6-m\libgcc.a(_udivsi3.o) (__aeabi_idiv0)
c:/program files (x86)/cypress/psoc creator/3.3/psoc creator/import/gnu/arm/4.9.3/bin/../lib/gcc/arm-none-eabi/4.9.3/../../../../arm-none-eabi/lib/armv6-m\libg_nano.a(lib_a-errno.o)
                              .\CortexM0\ARM_GCC_493\Debug\Cm0Start.o (__errno)
c:/program files (x86)/cypress/psoc creator/3.3/psoc creator/import/gnu/arm/4.9.3/bin/../lib/gcc/arm-none-eabi/4.9.3/../../../../arm-none-eabi/lib/armv6-m\libg_nano.a(lib_a-exit.o)
                              c:/program files (x86)/cypress/psoc creator/3.3/psoc creator/import/gnu/arm/4.9.3/bin/../lib/gcc/arm-none-eabi/4.9.3/../../../../arm-none-eabi/lib/armv6-m/crt0.o (exit)
c:/program files (x86)/cypress/psoc creator/3.3/psoc creator/import/gnu/arm/4.9.3/bin/../lib/gcc/arm-none-eabi/4.9.3/../../../../arm-none-eabi/lib/armv6-m\libg_nano.a(lib_a-impure.o)
                              c:/program files (x86)/cypress/psoc creator/3.3/psoc creator/import/gnu/arm/4.9.3/bin/../lib/gcc/arm-none-eabi/4.9.3/../../../../arm-none-eabi/lib/armv6-m\libg_nano.a(lib_a-exit.o) (_global_impure_ptr)
c:/program files (x86)/cypress/psoc creator/3.3/psoc creator/import/gnu/arm/4.9.3/bin/../lib/gcc/arm-none-eabi/4.9.3/../../../../arm-none-eabi/lib/armv6-m\libg_nano.a(lib_a-init.o)
                              c:/program files (x86)/cypress/psoc creator/3.3/psoc creator/import/gnu/arm/4.9.3/bin/../lib/gcc/arm-none-eabi/4.9.3/../../../../arm-none-eabi/lib/armv6-m/crt0.o (__libc_init_array)
c:/program files (x86)/cypress/psoc creator/3.3/psoc creator/import/gnu/arm/4.9.3/bin/../lib/gcc/arm-none-eabi/4.9.3/../../../../arm-none-eabi/lib/armv6-m\libg_nano.a(lib_a-memset.o)
                              c:/program files (x86)/cypress/psoc creator/3.3/psoc creator/import/gnu/arm/4.9.3/bin/../lib/gcc/arm-none-eabi/4.9.3/../../../../arm-none-eabi/lib/armv6-m/crt0.o (memset)
c:/program files (x86)/cypress/psoc creator/3.3/psoc creator/import/gnu/arm/4.9.3/bin/../lib/gcc/arm-none-eabi/4.9.3/../../../../arm-none-eabi/lib/armv6-m\libg_nano.a(lib_a-strlen.o)
                              .\CortexM0\ARM_GCC_493\Debug\LiquidCrystal_I2C.o (strlen)

Allocating common symbols
Common symbol       size              file

_backlightval       0x1               .\CortexM0\ARM_GCC_493\Debug\LiquidCrystal_I2C.o
I2C_mstrWrBufIndexTmp
                    0x4               .\CortexM0\ARM_GCC_493\Debug\LCD_I2C_PSoC4P.a(I2C_I2C_MASTER.o)
_addr               0x1               .\CortexM0\ARM_GCC_493\Debug\LiquidCrystal_I2C.o
_displaycontrol     0x1               .\CortexM0\ARM_GCC_493\Debug\LiquidCrystal_I2C.o
_charsize           0x1               .\CortexM0\ARM_GCC_493\Debug\LiquidCrystal_I2C.o
I2C_state           0x1               .\CortexM0\ARM_GCC_493\Debug\LCD_I2C_PSoC4P.a(I2C_I2C.o)
I2C_mstrWrBufIndex  0x4               .\CortexM0\ARM_GCC_493\Debug\LCD_I2C_PSoC4P.a(I2C_I2C_MASTER.o)
_displaymode        0x1               .\CortexM0\ARM_GCC_493\Debug\LiquidCrystal_I2C.o
_displayfunction    0x1               .\CortexM0\ARM_GCC_493\Debug\LiquidCrystal_I2C.o
I2C_mstrWrBufSize   0x4               .\CortexM0\ARM_GCC_493\Debug\LCD_I2C_PSoC4P.a(I2C_I2C_MASTER.o)
I2C_mstrStatus      0x2               .\CortexM0\ARM_GCC_493\Debug\LCD_I2C_PSoC4P.a(I2C_I2C_MASTER.o)
_cols               0x1               .\CortexM0\ARM_GCC_493\Debug\LiquidCrystal_I2C.o
I2C_mstrRdBufPtr    0x4               .\CortexM0\ARM_GCC_493\Debug\LCD_I2C_PSoC4P.a(I2C_I2C_MASTER.o)
I2C_mstrControl     0x1               .\CortexM0\ARM_GCC_493\Debug\LCD_I2C_PSoC4P.a(I2C_I2C_MASTER.o)
I2C_mstrRdBufSize   0x4               .\CortexM0\ARM_GCC_493\Debug\LCD_I2C_PSoC4P.a(I2C_I2C_MASTER.o)
I2C_mstrRdBufIndex  0x4               .\CortexM0\ARM_GCC_493\Debug\LCD_I2C_PSoC4P.a(I2C_I2C_MASTER.o)
I2C_mstrWrBufPtr    0x4               .\CortexM0\ARM_GCC_493\Debug\LCD_I2C_PSoC4P.a(I2C_I2C_MASTER.o)
_rows               0x1               .\CortexM0\ARM_GCC_493\Debug\LiquidCrystal_I2C.o

Discarded input sections

 .text          0x00000000        0x0 c:/program files (x86)/cypress/psoc creator/3.3/psoc creator/import/gnu/arm/4.9.3/bin/../lib/gcc/arm-none-eabi/4.9.3/armv6-m/crti.o
 .data          0x00000000        0x0 c:/program files (x86)/cypress/psoc creator/3.3/psoc creator/import/gnu/arm/4.9.3/bin/../lib/gcc/arm-none-eabi/4.9.3/armv6-m/crti.o
 .bss           0x00000000        0x0 c:/program files (x86)/cypress/psoc creator/3.3/psoc creator/import/gnu/arm/4.9.3/bin/../lib/gcc/arm-none-eabi/4.9.3/armv6-m/crti.o
 .data          0x00000000        0x4 c:/program files (x86)/cypress/psoc creator/3.3/psoc creator/import/gnu/arm/4.9.3/bin/../lib/gcc/arm-none-eabi/4.9.3/armv6-m/crtbegin.o
 .text          0x00000000       0x78 c:/program files (x86)/cypress/psoc creator/3.3/psoc creator/import/gnu/arm/4.9.3/bin/../lib/gcc/arm-none-eabi/4.9.3/../../../../arm-none-eabi/lib/armv6-m/crt0.o
 .data          0x00000000        0x0 c:/program files (x86)/cypress/psoc creator/3.3/psoc creator/import/gnu/arm/4.9.3/bin/../lib/gcc/arm-none-eabi/4.9.3/../../../../arm-none-eabi/lib/armv6-m/crt0.o
 .bss           0x00000000        0x0 c:/program files (x86)/cypress/psoc creator/3.3/psoc creator/import/gnu/arm/4.9.3/bin/../lib/gcc/arm-none-eabi/4.9.3/../../../../arm-none-eabi/lib/armv6-m/crt0.o
 .ARM.extab     0x00000000        0x0 c:/program files (x86)/cypress/psoc creator/3.3/psoc creator/import/gnu/arm/4.9.3/bin/../lib/gcc/arm-none-eabi/4.9.3/../../../../arm-none-eabi/lib/armv6-m/crt0.o
 .ARM.exidx     0x00000000        0x8 c:/program files (x86)/cypress/psoc creator/3.3/psoc creator/import/gnu/arm/4.9.3/bin/../lib/gcc/arm-none-eabi/4.9.3/../../../../arm-none-eabi/lib/armv6-m/crt0.o
 .text          0x00000000        0x0 .\CortexM0\ARM_GCC_493\Debug\main.o
 .bss           0x00000000        0x0 .\CortexM0\ARM_GCC_493\Debug\main.o
 .text          0x00000000        0x0 .\CortexM0\ARM_GCC_493\Debug\LiquidCrystal_I2C.o
 .data          0x00000000        0x0 .\CortexM0\ARM_GCC_493\Debug\LiquidCrystal_I2C.o
 .bss           0x00000000        0x0 .\CortexM0\ARM_GCC_493\Debug\LiquidCrystal_I2C.o
 .text.noBacklight
                0x00000000       0x14 .\CortexM0\ARM_GCC_493\Debug\LiquidCrystal_I2C.o
 .text.backlight
                0x00000000       0x14 .\CortexM0\ARM_GCC_493\Debug\LiquidCrystal_I2C.o
 .text.setBacklight
                0x00000000       0x14 .\CortexM0\ARM_GCC_493\Debug\LiquidCrystal_I2C.o
 .text.noDisplay
                0x00000000       0x1c .\CortexM0\ARM_GCC_493\Debug\LiquidCrystal_I2C.o
 .text.noCursor
                0x00000000       0x1c .\CortexM0\ARM_GCC_493\Debug\LiquidCrystal_I2C.o
 .text.cursor   0x00000000       0x1c .\CortexM0\ARM_GCC_493\Debug\LiquidCrystal_I2C.o
 .text.noBlink  0x00000000       0x1c .\CortexM0\ARM_GCC_493\Debug\LiquidCrystal_I2C.o
 .text.blink    0x00000000       0x1c .\CortexM0\ARM_GCC_493\Debug\LiquidCrystal_I2C.o
 .text.scrollDisplayLeft
                0x00000000        0xc .\CortexM0\ARM_GCC_493\Debug\LiquidCrystal_I2C.o
 .text.scrollDisplayRight
                0x00000000        0xc .\CortexM0\ARM_GCC_493\Debug\LiquidCrystal_I2C.o
 .text.leftToRight
                0x00000000       0x1c .\CortexM0\ARM_GCC_493\Debug\LiquidCrystal_I2C.o
 .text.rightToLeft
                0x00000000       0x1c .\CortexM0\ARM_GCC_493\Debug\LiquidCrystal_I2C.o
 .text.autoscroll
                0x00000000       0x1c .\CortexM0\ARM_GCC_493\Debug\LiquidCrystal_I2C.o
 .text.noAutoscroll
                0x00000000       0x1c .\CortexM0\ARM_GCC_493\Debug\LiquidCrystal_I2C.o
 .text.createChar
                0x00000000       0x24 .\CortexM0\ARM_GCC_493\Debug\LiquidCrystal_I2C.o
 .text.load_custom_character
                0x00000000        0x8 .\CortexM0\ARM_GCC_493\Debug\LiquidCrystal_I2C.o
 .text          0x00000000        0x0 .\CortexM0\ARM_GCC_493\Debug\cymetadata.o
 .data          0x00000000        0x0 .\CortexM0\ARM_GCC_493\Debug\cymetadata.o
 .bss           0x00000000        0x0 .\CortexM0\ARM_GCC_493\Debug\cymetadata.o
 .text          0x00000000        0x0 .\CortexM0\ARM_GCC_493\Debug\Cm0Start.o
 .data          0x00000000        0x4 .\CortexM0\ARM_GCC_493\Debug\Cm0Start.o
 .bss           0x00000000        0x0 .\CortexM0\ARM_GCC_493\Debug\Cm0Start.o
 .text._exit    0x00000000        0xc .\CortexM0\ARM_GCC_493\Debug\Cm0Start.o
 .text._sbrk    0x00000000       0x30 .\CortexM0\ARM_GCC_493\Debug\Cm0Start.o
 .text          0x00000000        0x0 .\CortexM0\ARM_GCC_493\Debug\LCD_I2C_PSoC4P.a(cyfitter_cfg.o)
 .data          0x00000000        0x0 .\CortexM0\ARM_GCC_493\Debug\LCD_I2C_PSoC4P.a(cyfitter_cfg.o)
 .bss           0x00000000        0x0 .\CortexM0\ARM_GCC_493\Debug\LCD_I2C_PSoC4P.a(cyfitter_cfg.o)
 .text          0x00000000        0x0 .\CortexM0\ARM_GCC_493\Debug\LCD_I2C_PSoC4P.a(CyLib.o)
 .bss           0x00000000       0x18 .\CortexM0\ARM_GCC_493\Debug\LCD_I2C_PSoC4P.a(CyLib.o)
 .text.CySysClkImoStart
                0x00000000       0x14 .\CortexM0\ARM_GCC_493\Debug\LCD_I2C_PSoC4P.a(CyLib.o)
 .text.CySysClkImoStop
                0x00000000       0x10 .\CortexM0\ARM_GCC_493\Debug\LCD_I2C_PSoC4P.a(CyLib.o)
 .text.CySysClkWriteHfclkDirect
                0x00000000       0x24 .\CortexM0\ARM_GCC_493\Debug\LCD_I2C_PSoC4P.a(CyLib.o)
 .text.CySysClkWriteSysclkDiv
                0x00000000       0x28 .\CortexM0\ARM_GCC_493\Debug\LCD_I2C_PSoC4P.a(CyLib.o)
 .text.CySysLvdDisable
                0x00000000       0x20 .\CortexM0\ARM_GCC_493\Debug\LCD_I2C_PSoC4P.a(CyLib.o)
 .text.CySysLvdGetInterruptSource
                0x00000000       0x10 .\CortexM0\ARM_GCC_493\Debug\LCD_I2C_PSoC4P.a(CyLib.o)
 .text.CySysLvdClearInterrupt
                0x00000000        0xc .\CortexM0\ARM_GCC_493\Debug\LCD_I2C_PSoC4P.a(CyLib.o)
 .text.CySysGetResetReason
                0x00000000       0x14 .\CortexM0\ARM_GCC_493\Debug\LCD_I2C_PSoC4P.a(CyLib.o)
 .text.CyDisableInts
                0x00000000       0x10 .\CortexM0\ARM_GCC_493\Debug\LCD_I2C_PSoC4P.a(CyLib.o)
 .text.CyEnableInts
                0x00000000        0xc .\CortexM0\ARM_GCC_493\Debug\LCD_I2C_PSoC4P.a(CyLib.o)
 .text.CyIntGetState
                0x00000000       0x18 .\CortexM0\ARM_GCC_493\Debug\LCD_I2C_PSoC4P.a(CyLib.o)
 .text.CyIntSetPending
                0x00000000       0x14 .\CortexM0\ARM_GCC_493\Debug\LCD_I2C_PSoC4P.a(CyLib.o)
 .text.CyIntClearPending
                0x00000000       0x14 .\CortexM0\ARM_GCC_493\Debug\LCD_I2C_PSoC4P.a(CyLib.o)
 .text.CyIntSetSysVector
                0x00000000       0x20 .\CortexM0\ARM_GCC_493\Debug\LCD_I2C_PSoC4P.a(CyLib.o)
 .text.CyIntGetSysVector
                0x00000000       0x1c .\CortexM0\ARM_GCC_493\Debug\LCD_I2C_PSoC4P.a(CyLib.o)
 .text.CyIntGetVector
                0x00000000       0x20 .\CortexM0\ARM_GCC_493\Debug\LCD_I2C_PSoC4P.a(CyLib.o)
 .text.CyIntGetPriority
                0x00000000       0x2c .\CortexM0\ARM_GCC_493\Debug\LCD_I2C_PSoC4P.a(CyLib.o)
 .text.CySoftwareReset
                0x00000000       0x18 .\CortexM0\ARM_GCC_493\Debug\LCD_I2C_PSoC4P.a(CyLib.o)
 .text.CySysLvdEnable
                0x00000000       0x44 .\CortexM0\ARM_GCC_493\Debug\LCD_I2C_PSoC4P.a(CyLib.o)
 .text.CyDelayFreq
                0x00000000       0x4c .\CortexM0\ARM_GCC_493\Debug\LCD_I2C_PSoC4P.a(CyLib.o)
 .text.CySysTickStop
                0x00000000       0x10 .\CortexM0\ARM_GCC_493\Debug\LCD_I2C_PSoC4P.a(CyLib.o)
 .text.CySysTickEnableInterrupt
                0x00000000       0x10 .\CortexM0\ARM_GCC_493\Debug\LCD_I2C_PSoC4P.a(CyLib.o)
 .text.CySysTickEnable
                0x00000000       0x18 .\CortexM0\ARM_GCC_493\Debug\LCD_I2C_PSoC4P.a(CyLib.o)
 .text.CySysTickDisableInterrupt
                0x00000000       0x10 .\CortexM0\ARM_GCC_493\Debug\LCD_I2C_PSoC4P.a(CyLib.o)
 .text.CySysTickSetReload
                0x00000000       0x10 .\CortexM0\ARM_GCC_493\Debug\LCD_I2C_PSoC4P.a(CyLib.o)
 .text.CySysTickGetReload
                0x00000000       0x10 .\CortexM0\ARM_GCC_493\Debug\LCD_I2C_PSoC4P.a(CyLib.o)
 .text.CySysTickGetValue
                0x00000000       0x10 .\CortexM0\ARM_GCC_493\Debug\LCD_I2C_PSoC4P.a(CyLib.o)
 .text.CySysTickGetCountFlag
                0x00000000       0x10 .\CortexM0\ARM_GCC_493\Debug\LCD_I2C_PSoC4P.a(CyLib.o)
 .text.CySysTickServiceCallbacks
                0x00000000       0x28 .\CortexM0\ARM_GCC_493\Debug\LCD_I2C_PSoC4P.a(CyLib.o)
 .text.CySysTickClear
                0x00000000        0xc .\CortexM0\ARM_GCC_493\Debug\LCD_I2C_PSoC4P.a(CyLib.o)
 .text.CySysTickInit
                0x00000000       0x44 .\CortexM0\ARM_GCC_493\Debug\LCD_I2C_PSoC4P.a(CyLib.o)
 .text.CySysTickStart
                0x00000000       0x20 .\CortexM0\ARM_GCC_493\Debug\LCD_I2C_PSoC4P.a(CyLib.o)
 .text.CySysTickSetCallback
                0x00000000       0x10 .\CortexM0\ARM_GCC_493\Debug\LCD_I2C_PSoC4P.a(CyLib.o)
 .text.CySysTickGetCallback
                0x00000000        0xc .\CortexM0\ARM_GCC_493\Debug\LCD_I2C_PSoC4P.a(CyLib.o)
 .text.CyGetUniqueId
                0x00000000       0x70 .\CortexM0\ARM_GCC_493\Debug\LCD_I2C_PSoC4P.a(CyLib.o)
 .text          0x00000000        0x0 .\CortexM0\ARM_GCC_493\Debug\LCD_I2C_PSoC4P.a(CyLFClk.o)
 .text.CySysClkIloEnabled
                0x00000000       0x14 .\CortexM0\ARM_GCC_493\Debug\LCD_I2C_PSoC4P.a(CyLFClk.o)
 .text.CySysClkIloStart
                0x00000000       0x14 .\CortexM0\ARM_GCC_493\Debug\LCD_I2C_PSoC4P.a(CyLFClk.o)
 .text.CySysWdtGetEnabledStatus
                0x00000000       0x24 .\CortexM0\ARM_GCC_493\Debug\LCD_I2C_PSoC4P.a(CyLFClk.o)
 .text.CySysWdtSetMode
                0x00000000       0x38 .\CortexM0\ARM_GCC_493\Debug\LCD_I2C_PSoC4P.a(CyLFClk.o)
 .text.CySysClkLfclkPosedgeRestore
                0x00000000       0x2c .\CortexM0\ARM_GCC_493\Debug\LCD_I2C_PSoC4P.a(CyLFClk.o)
 .text.CySysWdtGetMode
                0x00000000       0x14 .\CortexM0\ARM_GCC_493\Debug\LCD_I2C_PSoC4P.a(CyLFClk.o)
 .text.CySysWdtSetClearOnMatch
                0x00000000       0x38 .\CortexM0\ARM_GCC_493\Debug\LCD_I2C_PSoC4P.a(CyLFClk.o)
 .text.CySysWdtGetClearOnMatch
                0x00000000       0x24 .\CortexM0\ARM_GCC_493\Debug\LCD_I2C_PSoC4P.a(CyLFClk.o)
 .text.CySysWdtEnable
                0x00000000       0x40 .\CortexM0\ARM_GCC_493\Debug\LCD_I2C_PSoC4P.a(CyLFClk.o)
 .text.CySysWdtDisable
                0x00000000       0x44 .\CortexM0\ARM_GCC_493\Debug\LCD_I2C_PSoC4P.a(CyLFClk.o)
 .text.CySysWdtSetCascade
                0x00000000       0x34 .\CortexM0\ARM_GCC_493\Debug\LCD_I2C_PSoC4P.a(CyLFClk.o)
 .text.CySysWdtGetCascade
                0x00000000       0x14 .\CortexM0\ARM_GCC_493\Debug\LCD_I2C_PSoC4P.a(CyLFClk.o)
 .text.CySysWdtSetMatch
                0x00000000       0x3c .\CortexM0\ARM_GCC_493\Debug\LCD_I2C_PSoC4P.a(CyLFClk.o)
 .text.CySysWdtSetToggleBit
                0x00000000       0x2c .\CortexM0\ARM_GCC_493\Debug\LCD_I2C_PSoC4P.a(CyLFClk.o)
 .text.CySysWdtGetToggleBit
                0x00000000       0x10 .\CortexM0\ARM_GCC_493\Debug\LCD_I2C_PSoC4P.a(CyLFClk.o)
 .text.CySysWdtGetMatch
                0x00000000       0x20 .\CortexM0\ARM_GCC_493\Debug\LCD_I2C_PSoC4P.a(CyLFClk.o)
 .text.CySysWdtGetCount
                0x00000000       0x3c .\CortexM0\ARM_GCC_493\Debug\LCD_I2C_PSoC4P.a(CyLFClk.o)
 .text.CySysClkLfclkPosedgeCatch
                0x00000000       0x74 .\CortexM0\ARM_GCC_493\Debug\LCD_I2C_PSoC4P.a(CyLFClk.o)
 .text.CySysClkIloStop
                0x00000000       0x38 .\CortexM0\ARM_GCC_493\Debug\LCD_I2C_PSoC4P.a(CyLFClk.o)
 .text.CySysWdtGetInterruptSource
                0x00000000       0x14 .\CortexM0\ARM_GCC_493\Debug\LCD_I2C_PSoC4P.a(CyLFClk.o)
 .text.CySysWdtResetCounters
                0x00000000       0x20 .\CortexM0\ARM_GCC_493\Debug\LCD_I2C_PSoC4P.a(CyLFClk.o)
 .text.CySysWdtSetInterruptCallback
                0x00000000       0x20 .\CortexM0\ARM_GCC_493\Debug\LCD_I2C_PSoC4P.a(CyLFClk.o)
 .text.CySysWdtGetInterruptCallback
                0x00000000       0x20 .\CortexM0\ARM_GCC_493\Debug\LCD_I2C_PSoC4P.a(CyLFClk.o)
 .text.CySysWdtEnableCounterIsr
                0x00000000       0x34 .\CortexM0\ARM_GCC_493\Debug\LCD_I2C_PSoC4P.a(CyLFClk.o)
 .text.CySysWdtDisableCounterIsr
                0x00000000       0x28 .\CortexM0\ARM_GCC_493\Debug\LCD_I2C_PSoC4P.a(CyLFClk.o)
 .text.CySysTimerDelayUntilMatch
                0x00000000       0x6c .\CortexM0\ARM_GCC_493\Debug\LCD_I2C_PSoC4P.a(CyLFClk.o)
 .text.CySysTimerDelay
                0x00000000       0x3c .\CortexM0\ARM_GCC_493\Debug\LCD_I2C_PSoC4P.a(CyLFClk.o)
 .text.CySysWatchdogFeed
                0x00000000       0x60 .\CortexM0\ARM_GCC_493\Debug\LCD_I2C_PSoC4P.a(CyLFClk.o)
 .rodata        0x00000000        0xc .\CortexM0\ARM_GCC_493\Debug\LCD_I2C_PSoC4P.a(CyLFClk.o)
 .text          0x00000000        0x0 .\CortexM0\ARM_GCC_493\Debug\LCD_I2C_PSoC4P.a(I2C.o)
 .data          0x00000000        0x0 .\CortexM0\ARM_GCC_493\Debug\LCD_I2C_PSoC4P.a(I2C.o)
 .text.I2C_ScbModeStop
                0x00000000        0x8 .\CortexM0\ARM_GCC_493\Debug\LCD_I2C_PSoC4P.a(I2C.o)
 .text.I2C_Stop
                0x00000000       0x2c .\CortexM0\ARM_GCC_493\Debug\LCD_I2C_PSoC4P.a(I2C.o)
 .text.I2C_SetRxFifoLevel
                0x00000000       0x14 .\CortexM0\ARM_GCC_493\Debug\LCD_I2C_PSoC4P.a(I2C.o)
 .text.I2C_SetTxFifoLevel
                0x00000000       0x14 .\CortexM0\ARM_GCC_493\Debug\LCD_I2C_PSoC4P.a(I2C.o)
 .text.I2C_SetCustomInterruptHandler
                0x00000000        0xc .\CortexM0\ARM_GCC_493\Debug\LCD_I2C_PSoC4P.a(I2C.o)
 .text.I2C_I2CSlaveNackGeneration
                0x00000000       0x3c .\CortexM0\ARM_GCC_493\Debug\LCD_I2C_PSoC4P.a(I2C.o)
 .text          0x00000000        0x0 .\CortexM0\ARM_GCC_493\Debug\LCD_I2C_PSoC4P.a(I2C_I2C.o)
 .data          0x00000000        0x0 .\CortexM0\ARM_GCC_493\Debug\LCD_I2C_PSoC4P.a(I2C_I2C.o)
 .bss           0x00000000        0x0 .\CortexM0\ARM_GCC_493\Debug\LCD_I2C_PSoC4P.a(I2C_I2C.o)
 .text.I2C_I2CStop
                0x00000000        0xc .\CortexM0\ARM_GCC_493\Debug\LCD_I2C_PSoC4P.a(I2C_I2C.o)
 .text          0x00000000        0x0 .\CortexM0\ARM_GCC_493\Debug\LCD_I2C_PSoC4P.a(I2C_I2C_MASTER.o)
 .data          0x00000000        0x0 .\CortexM0\ARM_GCC_493\Debug\LCD_I2C_PSoC4P.a(I2C_I2C_MASTER.o)
 .bss           0x00000000        0x0 .\CortexM0\ARM_GCC_493\Debug\LCD_I2C_PSoC4P.a(I2C_I2C_MASTER.o)
 .text.I2C_I2CMasterReadByte
                0x00000000       0x84 .\CortexM0\ARM_GCC_493\Debug\LCD_I2C_PSoC4P.a(I2C_I2C_MASTER.o)
 .text.I2C_I2CMasterGetReadBufSize
                0x00000000        0xc .\CortexM0\ARM_GCC_493\Debug\LCD_I2C_PSoC4P.a(I2C_I2C_MASTER.o)
 .text.I2C_I2CMasterGetWriteBufSize
                0x00000000        0xc .\CortexM0\ARM_GCC_493\Debug\LCD_I2C_PSoC4P.a(I2C_I2C_MASTER.o)
 .text.I2C_I2CMasterClearReadBuf
                0x00000000       0x28 .\CortexM0\ARM_GCC_493\Debug\LCD_I2C_PSoC4P.a(I2C_I2C_MASTER.o)
 .text.I2C_I2CMasterClearWriteBuf
                0x00000000       0x28 .\CortexM0\ARM_GCC_493\Debug\LCD_I2C_PSoC4P.a(I2C_I2C_MASTER.o)
 .text.I2C_I2CMasterStatus
                0x00000000       0x30 .\CortexM0\ARM_GCC_493\Debug\LCD_I2C_PSoC4P.a(I2C_I2C_MASTER.o)
 .text.I2C_I2CMasterClearStatus
                0x00000000       0x20 .\CortexM0\ARM_GCC_493\Debug\LCD_I2C_PSoC4P.a(I2C_I2C_MASTER.o)
 .text.I2C_I2CReStartGeneration
                0x00000000       0x98 .\CortexM0\ARM_GCC_493\Debug\LCD_I2C_PSoC4P.a(I2C_I2C_MASTER.o)
 .text.I2C_I2CMasterWriteBuf
                0x00000000       0xec .\CortexM0\ARM_GCC_493\Debug\LCD_I2C_PSoC4P.a(I2C_I2C_MASTER.o)
 .text.I2C_I2CMasterReadBuf
                0x00000000       0xfc .\CortexM0\ARM_GCC_493\Debug\LCD_I2C_PSoC4P.a(I2C_I2C_MASTER.o)
 .text.I2C_I2CMasterSendRestart
                0x00000000       0xc4 .\CortexM0\ARM_GCC_493\Debug\LCD_I2C_PSoC4P.a(I2C_I2C_MASTER.o)
 .text          0x00000000        0x0 .\CortexM0\ARM_GCC_493\Debug\LCD_I2C_PSoC4P.a(I2C_sda.o)
 .data          0x00000000        0x0 .\CortexM0\ARM_GCC_493\Debug\LCD_I2C_PSoC4P.a(I2C_sda.o)
 .bss           0x00000000        0x0 .\CortexM0\ARM_GCC_493\Debug\LCD_I2C_PSoC4P.a(I2C_sda.o)
 .text.I2C_sda_Write
                0x00000000       0x18 .\CortexM0\ARM_GCC_493\Debug\LCD_I2C_PSoC4P.a(I2C_sda.o)
 .text.I2C_sda_SetDriveMode
                0x00000000       0x18 .\CortexM0\ARM_GCC_493\Debug\LCD_I2C_PSoC4P.a(I2C_sda.o)
 .text.I2C_sda_Read
                0x00000000       0x10 .\CortexM0\ARM_GCC_493\Debug\LCD_I2C_PSoC4P.a(I2C_sda.o)
 .text.I2C_sda_ReadDataReg
                0x00000000       0x10 .\CortexM0\ARM_GCC_493\Debug\LCD_I2C_PSoC4P.a(I2C_sda.o)
 .text.I2C_sda_ClearInterrupt
                0x00000000       0x14 .\CortexM0\ARM_GCC_493\Debug\LCD_I2C_PSoC4P.a(I2C_sda.o)
 .text          0x00000000        0x0 .\CortexM0\ARM_GCC_493\Debug\LCD_I2C_PSoC4P.a(I2C_scl.o)
 .data          0x00000000        0x0 .\CortexM0\ARM_GCC_493\Debug\LCD_I2C_PSoC4P.a(I2C_scl.o)
 .bss           0x00000000        0x0 .\CortexM0\ARM_GCC_493\Debug\LCD_I2C_PSoC4P.a(I2C_scl.o)
 .text.I2C_scl_Write
                0x00000000       0x18 .\CortexM0\ARM_GCC_493\Debug\LCD_I2C_PSoC4P.a(I2C_scl.o)
 .text.I2C_scl_SetDriveMode
                0x00000000       0x18 .\CortexM0\ARM_GCC_493\Debug\LCD_I2C_PSoC4P.a(I2C_scl.o)
 .text.I2C_scl_Read
                0x00000000       0x10 .\CortexM0\ARM_GCC_493\Debug\LCD_I2C_PSoC4P.a(I2C_scl.o)
 .text.I2C_scl_ReadDataReg
                0x00000000       0x10 .\CortexM0\ARM_GCC_493\Debug\LCD_I2C_PSoC4P.a(I2C_scl.o)
 .text.I2C_scl_ClearInterrupt
                0x00000000       0x14 .\CortexM0\ARM_GCC_493\Debug\LCD_I2C_PSoC4P.a(I2C_scl.o)
 .data          0x00000000        0x0 .\CortexM0\ARM_GCC_493\Debug\LCD_I2C_PSoC4P.a(CyBootAsmGnu.o)
 .bss           0x00000000        0x0 .\CortexM0\ARM_GCC_493\Debug\LCD_I2C_PSoC4P.a(CyBootAsmGnu.o)
 .text          0x00000000        0x0 .\CortexM0\ARM_GCC_493\Debug\LCD_I2C_PSoC4P.a(I2C_I2C_INT.o)
 .data          0x00000000        0x0 .\CortexM0\ARM_GCC_493\Debug\LCD_I2C_PSoC4P.a(I2C_I2C_INT.o)
 .bss           0x00000000        0x0 .\CortexM0\ARM_GCC_493\Debug\LCD_I2C_PSoC4P.a(I2C_I2C_INT.o)
 .text          0x00000000      0x120 c:/program files (x86)/cypress/psoc creator/3.3/psoc creator/import/gnu/arm/4.9.3/bin/../lib/gcc/arm-none-eabi/4.9.3/armv6-m\libgcc.a(_udivsi3.o)
 .data          0x00000000        0x0 c:/program files (x86)/cypress/psoc creator/3.3/psoc creator/import/gnu/arm/4.9.3/bin/../lib/gcc/arm-none-eabi/4.9.3/armv6-m\libgcc.a(_udivsi3.o)
 .bss           0x00000000        0x0 c:/program files (x86)/cypress/psoc creator/3.3/psoc creator/import/gnu/arm/4.9.3/bin/../lib/gcc/arm-none-eabi/4.9.3/armv6-m\libgcc.a(_udivsi3.o)
 .text          0x00000000        0x4 c:/program files (x86)/cypress/psoc creator/3.3/psoc creator/import/gnu/arm/4.9.3/bin/../lib/gcc/arm-none-eabi/4.9.3/armv6-m\libgcc.a(_dvmd_tls.o)
 .data          0x00000000        0x0 c:/program files (x86)/cypress/psoc creator/3.3/psoc creator/import/gnu/arm/4.9.3/bin/../lib/gcc/arm-none-eabi/4.9.3/armv6-m\libgcc.a(_dvmd_tls.o)
 .bss           0x00000000        0x0 c:/program files (x86)/cypress/psoc creator/3.3/psoc creator/import/gnu/arm/4.9.3/bin/../lib/gcc/arm-none-eabi/4.9.3/armv6-m\libgcc.a(_dvmd_tls.o)
 .text          0x00000000        0x0 c:/program files (x86)/cypress/psoc creator/3.3/psoc creator/import/gnu/arm/4.9.3/bin/../lib/gcc/arm-none-eabi/4.9.3/../../../../arm-none-eabi/lib/armv6-m\libg_nano.a(lib_a-errno.o)
 .data          0x00000000        0x0 c:/program files (x86)/cypress/psoc creator/3.3/psoc creator/import/gnu/arm/4.9.3/bin/../lib/gcc/arm-none-eabi/4.9.3/../../../../arm-none-eabi/lib/armv6-m\libg_nano.a(lib_a-errno.o)
 .bss           0x00000000        0x0 c:/program files (x86)/cypress/psoc creator/3.3/psoc creator/import/gnu/arm/4.9.3/bin/../lib/gcc/arm-none-eabi/4.9.3/../../../../arm-none-eabi/lib/armv6-m\libg_nano.a(lib_a-errno.o)
 .text.__errno  0x00000000        0xc c:/program files (x86)/cypress/psoc creator/3.3/psoc creator/import/gnu/arm/4.9.3/bin/../lib/gcc/arm-none-eabi/4.9.3/../../../../arm-none-eabi/lib/armv6-m\libg_nano.a(lib_a-errno.o)
 .text          0x00000000        0x0 c:/program files (x86)/cypress/psoc creator/3.3/psoc creator/import/gnu/arm/4.9.3/bin/../lib/gcc/arm-none-eabi/4.9.3/../../../../arm-none-eabi/lib/armv6-m\libg_nano.a(lib_a-exit.o)
 .data          0x00000000        0x0 c:/program files (x86)/cypress/psoc creator/3.3/psoc creator/import/gnu/arm/4.9.3/bin/../lib/gcc/arm-none-eabi/4.9.3/../../../../arm-none-eabi/lib/armv6-m\libg_nano.a(lib_a-exit.o)
 .bss           0x00000000        0x0 c:/program files (x86)/cypress/psoc creator/3.3/psoc creator/import/gnu/arm/4.9.3/bin/../lib/gcc/arm-none-eabi/4.9.3/../../../../arm-none-eabi/lib/armv6-m\libg_nano.a(lib_a-exit.o)
 .text.exit     0x00000000       0x2c c:/program files (x86)/cypress/psoc creator/3.3/psoc creator/import/gnu/arm/4.9.3/bin/../lib/gcc/arm-none-eabi/4.9.3/../../../../arm-none-eabi/lib/armv6-m\libg_nano.a(lib_a-exit.o)
 .text          0x00000000        0x0 c:/program files (x86)/cypress/psoc creator/3.3/psoc creator/import/gnu/arm/4.9.3/bin/../lib/gcc/arm-none-eabi/4.9.3/../../../../arm-none-eabi/lib/armv6-m\libg_nano.a(lib_a-impure.o)
 .data          0x00000000        0x0 c:/program files (x86)/cypress/psoc creator/3.3/psoc creator/import/gnu/arm/4.9.3/bin/../lib/gcc/arm-none-eabi/4.9.3/../../../../arm-none-eabi/lib/armv6-m\libg_nano.a(lib_a-impure.o)
 .bss           0x00000000        0x0 c:/program files (x86)/cypress/psoc creator/3.3/psoc creator/import/gnu/arm/4.9.3/bin/../lib/gcc/arm-none-eabi/4.9.3/../../../../arm-none-eabi/lib/armv6-m\libg_nano.a(lib_a-impure.o)
 .data.impure_data
                0x00000000       0x60 c:/program files (x86)/cypress/psoc creator/3.3/psoc creator/import/gnu/arm/4.9.3/bin/../lib/gcc/arm-none-eabi/4.9.3/../../../../arm-none-eabi/lib/armv6-m\libg_nano.a(lib_a-impure.o)
 .data._impure_ptr
                0x00000000        0x4 c:/program files (x86)/cypress/psoc creator/3.3/psoc creator/import/gnu/arm/4.9.3/bin/../lib/gcc/arm-none-eabi/4.9.3/../../../../arm-none-eabi/lib/armv6-m\libg_nano.a(lib_a-impure.o)
 .rodata.str1.1
                0x00000000        0x2 c:/program files (x86)/cypress/psoc creator/3.3/psoc creator/import/gnu/arm/4.9.3/bin/../lib/gcc/arm-none-eabi/4.9.3/../../../../arm-none-eabi/lib/armv6-m\libg_nano.a(lib_a-impure.o)
 .rodata._global_impure_ptr
                0x00000000        0x4 c:/program files (x86)/cypress/psoc creator/3.3/psoc creator/import/gnu/arm/4.9.3/bin/../lib/gcc/arm-none-eabi/4.9.3/../../../../arm-none-eabi/lib/armv6-m\libg_nano.a(lib_a-impure.o)
 .text          0x00000000        0x0 c:/program files (x86)/cypress/psoc creator/3.3/psoc creator/import/gnu/arm/4.9.3/bin/../lib/gcc/arm-none-eabi/4.9.3/../../../../arm-none-eabi/lib/armv6-m\libg_nano.a(lib_a-init.o)
 .data          0x00000000        0x0 c:/program files (x86)/cypress/psoc creator/3.3/psoc creator/import/gnu/arm/4.9.3/bin/../lib/gcc/arm-none-eabi/4.9.3/../../../../arm-none-eabi/lib/armv6-m\libg_nano.a(lib_a-init.o)
 .bss           0x00000000        0x0 c:/program files (x86)/cypress/psoc creator/3.3/psoc creator/import/gnu/arm/4.9.3/bin/../lib/gcc/arm-none-eabi/4.9.3/../../../../arm-none-eabi/lib/armv6-m\libg_nano.a(lib_a-init.o)
 .text          0x00000000        0x0 c:/program files (x86)/cypress/psoc creator/3.3/psoc creator/import/gnu/arm/4.9.3/bin/../lib/gcc/arm-none-eabi/4.9.3/../../../../arm-none-eabi/lib/armv6-m\libg_nano.a(lib_a-memset.o)
 .data          0x00000000        0x0 c:/program files (x86)/cypress/psoc creator/3.3/psoc creator/import/gnu/arm/4.9.3/bin/../lib/gcc/arm-none-eabi/4.9.3/../../../../arm-none-eabi/lib/armv6-m\libg_nano.a(lib_a-memset.o)
 .bss           0x00000000        0x0 c:/program files (x86)/cypress/psoc creator/3.3/psoc creator/import/gnu/arm/4.9.3/bin/../lib/gcc/arm-none-eabi/4.9.3/../../../../arm-none-eabi/lib/armv6-m\libg_nano.a(lib_a-memset.o)
 .text          0x00000000        0x0 c:/program files (x86)/cypress/psoc creator/3.3/psoc creator/import/gnu/arm/4.9.3/bin/../lib/gcc/arm-none-eabi/4.9.3/../../../../arm-none-eabi/lib/armv6-m\libg_nano.a(lib_a-strlen.o)
 .data          0x00000000        0x0 c:/program files (x86)/cypress/psoc creator/3.3/psoc creator/import/gnu/arm/4.9.3/bin/../lib/gcc/arm-none-eabi/4.9.3/../../../../arm-none-eabi/lib/armv6-m\libg_nano.a(lib_a-strlen.o)
 .bss           0x00000000        0x0 c:/program files (x86)/cypress/psoc creator/3.3/psoc creator/import/gnu/arm/4.9.3/bin/../lib/gcc/arm-none-eabi/4.9.3/../../../../arm-none-eabi/lib/armv6-m\libg_nano.a(lib_a-strlen.o)
 .text          0x00000000        0x0 c:/program files (x86)/cypress/psoc creator/3.3/psoc creator/import/gnu/arm/4.9.3/bin/../lib/gcc/arm-none-eabi/4.9.3/armv6-m/crtend.o
 .data          0x00000000        0x0 c:/program files (x86)/cypress/psoc creator/3.3/psoc creator/import/gnu/arm/4.9.3/bin/../lib/gcc/arm-none-eabi/4.9.3/armv6-m/crtend.o
 .bss           0x00000000        0x0 c:/program files (x86)/cypress/psoc creator/3.3/psoc creator/import/gnu/arm/4.9.3/bin/../lib/gcc/arm-none-eabi/4.9.3/armv6-m/crtend.o
 .text          0x00000000        0x0 c:/program files (x86)/cypress/psoc creator/3.3/psoc creator/import/gnu/arm/4.9.3/bin/../lib/gcc/arm-none-eabi/4.9.3/armv6-m/crtn.o
 .data          0x00000000        0x0 c:/program files (x86)/cypress/psoc creator/3.3/psoc creator/import/gnu/arm/4.9.3/bin/../lib/gcc/arm-none-eabi/4.9.3/armv6-m/crtn.o
 .bss           0x00000000        0x0 c:/program files (x86)/cypress/psoc creator/3.3/psoc creator/import/gnu/arm/4.9.3/bin/../lib/gcc/arm-none-eabi/4.9.3/armv6-m/crtn.o

Memory Configuration

Name             Origin             Length             Attributes
rom              0x00000000         0x00008000         xr
ram              0x20000000         0x00001000         xrw
*default*        0x00000000         0xffffffff

Linker script and memory map

LOAD c:/program files (x86)/cypress/psoc creator/3.3/psoc creator/import/gnu/arm/4.9.3/bin/../lib/gcc/arm-none-eabi/4.9.3/armv6-m/crti.o
LOAD c:/program files (x86)/cypress/psoc creator/3.3/psoc creator/import/gnu/arm/4.9.3/bin/../lib/gcc/arm-none-eabi/4.9.3/armv6-m/crtbegin.o
LOAD c:/program files (x86)/cypress/psoc creator/3.3/psoc creator/import/gnu/arm/4.9.3/bin/../lib/gcc/arm-none-eabi/4.9.3/../../../../arm-none-eabi/lib/armv6-m/crt0.o
START GROUP
LOAD .\CortexM0\ARM_GCC_493\Debug\main.o
LOAD .\CortexM0\ARM_GCC_493\Debug\LiquidCrystal_I2C.o
LOAD .\CortexM0\ARM_GCC_493\Debug\cymetadata.o
LOAD .\CortexM0\ARM_GCC_493\Debug\Cm0Start.o
LOAD .\CortexM0\ARM_GCC_493\Debug\LCD_I2C_PSoC4P.a
LOAD C:\Program Files (x86)\Cypress\PSoC Creator\3.3\PSoC Creator\psoc\content\cycomponentlibrary\CyComponentLibrary.cylib\CortexM0\ARM_GCC_493\Debug\CyComponentLibrary.a
END GROUP
START GROUP
LOAD c:/program files (x86)/cypress/psoc creator/3.3/psoc creator/import/gnu/arm/4.9.3/bin/../lib/gcc/arm-none-eabi/4.9.3/armv6-m\libgcc.a
LOAD c:/program files (x86)/cypress/psoc creator/3.3/psoc creator/import/gnu/arm/4.9.3/bin/../lib/gcc/arm-none-eabi/4.9.3/../../../../arm-none-eabi/lib/armv6-m\libg_nano.a
LOAD c:/program files (x86)/cypress/psoc creator/3.3/psoc creator/import/gnu/arm/4.9.3/bin/../lib/gcc/arm-none-eabi/4.9.3/../../../../arm-none-eabi/lib/armv6-m\libc_nano.a
END GROUP
START GROUP
LOAD c:/program files (x86)/cypress/psoc creator/3.3/psoc creator/import/gnu/arm/4.9.3/bin/../lib/gcc/arm-none-eabi/4.9.3/armv6-m\libgcc.a
LOAD c:/program files (x86)/cypress/psoc creator/3.3/psoc creator/import/gnu/arm/4.9.3/bin/../lib/gcc/arm-none-eabi/4.9.3/../../../../arm-none-eabi/lib/armv6-m\libc_nano.a
END GROUP
LOAD c:/program files (x86)/cypress/psoc creator/3.3/psoc creator/import/gnu/arm/4.9.3/bin/../lib/gcc/arm-none-eabi/4.9.3/armv6-m/crtend.o
LOAD c:/program files (x86)/cypress/psoc creator/3.3/psoc creator/import/gnu/arm/4.9.3/bin/../lib/gcc/arm-none-eabi/4.9.3/armv6-m/crtn.o
START GROUP
LOAD c:/program files (x86)/cypress/psoc creator/3.3/psoc creator/import/gnu/arm/4.9.3/bin/../lib/gcc/arm-none-eabi/4.9.3/armv6-m\libgcc.a
LOAD c:/program files (x86)/cypress/psoc creator/3.3/psoc creator/import/gnu/arm/4.9.3/bin/../lib/gcc/arm-none-eabi/4.9.3/../../../../arm-none-eabi/lib/armv6-m\libc.a
LOAD c:/program files (x86)/cypress/psoc creator/3.3/psoc creator/import/gnu/arm/4.9.3/bin/../lib/gcc/arm-none-eabi/4.9.3/../../../../arm-none-eabi/lib/armv6-m\libnosys.a
END GROUP
                0x00000000                CY_APPL_ORIGIN = 0x0
                0x00000080                CY_FLASH_ROW_SIZE = 0x80
                0x00000001                CY_APPL_NUM = 0x1
                0x00000001                CY_APPL_MAX = 0x1
                0x00000040                CY_METADATA_SIZE = 0x40
                0x00000000                CY_APPL_LOADABLE = 0x0
                0x00000000                CY_CHECKSUM_EXCLUDE_SIZE = ALIGN (0x0, CY_FLASH_ROW_SIZE)
                0x00000000                CY_APP_FOR_STACK_AND_COPIER = 0x0
                0x20000158                PROVIDE (__cy_heap_start, _end)
                0x00000001                PROVIDE (__cy_region_num, ((__cy_regions_end - __cy_regions) / 0x10))
                0x20001000                PROVIDE (__cy_stack, (ORIGIN (ram) + 0x1000))
                0x20000c00                PROVIDE (__cy_heap_end, (__cy_stack - 0x400))

.cybootloader   0x00000000        0x0
 *(.cybootloader)
                0x00000000                appl1_start = CY_APPL_ORIGIN?CY_APPL_ORIGIN:ALIGN (CY_FLASH_ROW_SIZE)
                0x00003f80                appl2_start = (appl1_start + ALIGN ((((0x8000 - appl1_start) - (0x2 * CY_FLASH_ROW_SIZE)) / 0x2), CY_FLASH_ROW_SIZE))
                0x00000000                appl_start = (CY_APPL_NUM == 0x1)?appl1_start:appl2_start
                0x00000001                cy_project_type_bootloader = (appl_start == 0x0)?0x1:0x0
                0x00000000                cy_project_type_app_for_stack_and_copier = (CY_APP_FOR_STACK_AND_COPIER == 0x1)?0x1:0x0

.text           0x00000000      0xfa2
 CREATE_OBJECT_SYMBOLS
                0x00000000                PROVIDE (__cy_interrupt_vector, RomVectors)
 *(.romvectors)
 .romvectors    0x00000000       0x10 .\CortexM0\ARM_GCC_493\Debug\Cm0Start.o
                0x00000000                RomVectors
                0x00000001                ASSERT ((. != __cy_interrupt_vector), No interrupt vector)
                0x00000001                ASSERT (CY_APPL_ORIGIN?(SIZEOF (.cybootloader) <= CY_APPL_ORIGIN):0x1, Wrong image location)
                0x00000010                PROVIDE (__cy_reset, Reset)
 *(.text.Reset)
 .text.Reset    0x00000010        0x8 .\CortexM0\ARM_GCC_493\Debug\Cm0Start.o
                0x00000010                Reset
                0x00000001                ASSERT ((. != __cy_reset), No reset code)
 *(.psocinit)
 .psocinit      0x00000018      0x124 .\CortexM0\ARM_GCC_493\Debug\LCD_I2C_PSoC4P.a(cyfitter_cfg.o)
                0x0000008c                cyfitter_cfg
                0x0000013c                . = MAX (., 0x100)
 *(.text .text.* .gnu.linkonce.t.*)
 .text          0x0000013c       0x60 c:/program files (x86)/cypress/psoc creator/3.3/psoc creator/import/gnu/arm/4.9.3/bin/../lib/gcc/arm-none-eabi/4.9.3/armv6-m/crtbegin.o
 .text.main     0x0000019c       0x60 .\CortexM0\ARM_GCC_493\Debug\main.o
                0x0000019c                main
 .text.LiquidCrystal_I2C_init
                0x000001fc       0x30 .\CortexM0\ARM_GCC_493\Debug\LiquidCrystal_I2C.o
                0x000001fc                LiquidCrystal_I2C_init
 .text.I2C_M_write_byte
                0x0000022c       0x18 .\CortexM0\ARM_GCC_493\Debug\LiquidCrystal_I2C.o
                0x0000022c                I2C_M_write_byte
 .text.expanderWrite
                0x00000244       0x20 .\CortexM0\ARM_GCC_493\Debug\LiquidCrystal_I2C.o
                0x00000244                expanderWrite
 .text.pulseEnable
                0x00000264       0x24 .\CortexM0\ARM_GCC_493\Debug\LiquidCrystal_I2C.o
                0x00000264                pulseEnable
 .text.write4bits
                0x00000288       0x10 .\CortexM0\ARM_GCC_493\Debug\LiquidCrystal_I2C.o
                0x00000288                write4bits
 .text.send     0x00000298       0x24 .\CortexM0\ARM_GCC_493\Debug\LiquidCrystal_I2C.o
                0x00000298                send
 .text.command  0x000002bc        0xc .\CortexM0\ARM_GCC_493\Debug\LiquidCrystal_I2C.o
                0x000002bc                command
 .text.clear    0x000002c8       0x10 .\CortexM0\ARM_GCC_493\Debug\LiquidCrystal_I2C.o
                0x000002c8                clear
 .text.home     0x000002d8       0x10 .\CortexM0\ARM_GCC_493\Debug\LiquidCrystal_I2C.o
                0x000002d8                home
 .text.setCursor
                0x000002e8       0x40 .\CortexM0\ARM_GCC_493\Debug\LiquidCrystal_I2C.o
                0x000002e8                setCursor
 .text.display  0x00000328       0x1c .\CortexM0\ARM_GCC_493\Debug\LiquidCrystal_I2C.o
                0x00000328                display
 .text.write    0x00000344        0xc .\CortexM0\ARM_GCC_493\Debug\LiquidCrystal_I2C.o
                0x00000344                write
 .text.LCD_print
                0x00000350       0x20 .\CortexM0\ARM_GCC_493\Debug\LiquidCrystal_I2C.o
                0x00000350                LCD_print
 .text.begin    0x00000370       0xb8 .\CortexM0\ARM_GCC_493\Debug\LiquidCrystal_I2C.o
                0x00000370                begin
 .text.IntDefaultHandler
                0x00000428        0x4 .\CortexM0\ARM_GCC_493\Debug\Cm0Start.o
                0x00000428                IntDefaultHandler
 .text.Start_c  0x0000042c       0x48 .\CortexM0\ARM_GCC_493\Debug\Cm0Start.o
                0x0000042c                Start_c
 .text.initialize_psoc
                0x00000474       0x48 .\CortexM0\ARM_GCC_493\Debug\Cm0Start.o
                0x00000474                initialize_psoc
 .text.CYMEMZERO
                0x000004bc        0xc .\CortexM0\ARM_GCC_493\Debug\LCD_I2C_PSoC4P.a(cyfitter_cfg.o)
 .text.CyIntEnable
                0x000004c8       0x14 .\CortexM0\ARM_GCC_493\Debug\LCD_I2C_PSoC4P.a(CyLib.o)
                0x000004c8                CyIntEnable
 .text.CyIntDisable
                0x000004dc       0x14 .\CortexM0\ARM_GCC_493\Debug\LCD_I2C_PSoC4P.a(CyLib.o)
                0x000004dc                CyIntDisable
 .text.CyHalt   0x000004f0        0x4 .\CortexM0\ARM_GCC_493\Debug\LCD_I2C_PSoC4P.a(CyLib.o)
                0x000004f0                CyHalt
 .text.CyIntSetVector
                0x000004f4       0x24 .\CortexM0\ARM_GCC_493\Debug\LCD_I2C_PSoC4P.a(CyLib.o)
                0x000004f4                CyIntSetVector
 .text.CyIntSetPriority
                0x00000518       0x4c .\CortexM0\ARM_GCC_493\Debug\LCD_I2C_PSoC4P.a(CyLib.o)
                0x00000518                CyIntSetPriority
 .text.CyDelay  0x00000564       0x30 .\CortexM0\ARM_GCC_493\Debug\LCD_I2C_PSoC4P.a(CyLib.o)
                0x00000564                CyDelay
 .text.CyDelayUs
                0x00000594       0x14 .\CortexM0\ARM_GCC_493\Debug\LCD_I2C_PSoC4P.a(CyLib.o)
                0x00000594                CyDelayUs
 .text.CySysClkWriteImoFreq
                0x000005a8      0x164 .\CortexM0\ARM_GCC_493\Debug\LCD_I2C_PSoC4P.a(CyLib.o)
                0x000005a8                CySysClkWriteImoFreq
 .text.CySysWdtLocked
                0x0000070c       0x14 .\CortexM0\ARM_GCC_493\Debug\LCD_I2C_PSoC4P.a(CyLFClk.o)
 .text.CySysWdtLock
                0x00000720       0x1c .\CortexM0\ARM_GCC_493\Debug\LCD_I2C_PSoC4P.a(CyLFClk.o)
                0x00000720                CySysWdtLock
 .text.CySysWdtUnlock
                0x0000073c       0x30 .\CortexM0\ARM_GCC_493\Debug\LCD_I2C_PSoC4P.a(CyLFClk.o)
                0x0000073c                CySysWdtUnlock
 .text.CySysWdtClearInterrupt
                0x0000076c       0x4c .\CortexM0\ARM_GCC_493\Debug\LCD_I2C_PSoC4P.a(CyLFClk.o)
                0x0000076c                CySysWdtClearInterrupt
 .text.CySysWdtIsr
                0x000007b8       0xa4 .\CortexM0\ARM_GCC_493\Debug\LCD_I2C_PSoC4P.a(CyLFClk.o)
                0x000007b8                CySysWdtIsr
 .text.I2C_ScbEnableIntr
                0x0000085c        0xc .\CortexM0\ARM_GCC_493\Debug\LCD_I2C_PSoC4P.a(I2C.o)
 .text.I2C_Init
                0x00000868        0x8 .\CortexM0\ARM_GCC_493\Debug\LCD_I2C_PSoC4P.a(I2C.o)
                0x00000868                I2C_Init
 .text.I2C_Enable
                0x00000870       0x18 .\CortexM0\ARM_GCC_493\Debug\LCD_I2C_PSoC4P.a(I2C.o)
                0x00000870                I2C_Enable
 .text.I2C_Start
                0x00000888       0x20 .\CortexM0\ARM_GCC_493\Debug\LCD_I2C_PSoC4P.a(I2C.o)
                0x00000888                I2C_Start
 .text.I2C_I2CInit
                0x000008a8       0xcc .\CortexM0\ARM_GCC_493\Debug\LCD_I2C_PSoC4P.a(I2C_I2C.o)
                0x000008a8                I2C_I2CInit
 .text.I2C_I2CMasterSendStart
                0x00000974       0xd8 .\CortexM0\ARM_GCC_493\Debug\LCD_I2C_PSoC4P.a(I2C_I2C_MASTER.o)
                0x00000974                I2C_I2CMasterSendStart
 .text.I2C_I2CMasterSendStop
                0x00000a4c       0x8c .\CortexM0\ARM_GCC_493\Debug\LCD_I2C_PSoC4P.a(I2C_I2C_MASTER.o)
                0x00000a4c                I2C_I2CMasterSendStop
 .text.I2C_I2CMasterWriteByte
                0x00000ad8       0x98 .\CortexM0\ARM_GCC_493\Debug\LCD_I2C_PSoC4P.a(I2C_I2C_MASTER.o)
                0x00000ad8                I2C_I2CMasterWriteByte
 .text          0x00000b70       0x28 .\CortexM0\ARM_GCC_493\Debug\LCD_I2C_PSoC4P.a(CyBootAsmGnu.o)
                0x00000b70                CyDelayCycles
                0x00000b84                CyEnterCriticalSection
                0x00000b8c                CyExitCriticalSection
 .text.I2C_I2C_ISR
                0x00000b98      0x3a0 .\CortexM0\ARM_GCC_493\Debug\LCD_I2C_PSoC4P.a(I2C_I2C_INT.o)
                0x00000b98                I2C_I2C_ISR
 .text.__libc_init_array
                0x00000f38       0x4c c:/program files (x86)/cypress/psoc creator/3.3/psoc creator/import/gnu/arm/4.9.3/bin/../lib/gcc/arm-none-eabi/4.9.3/../../../../arm-none-eabi/lib/armv6-m\libg_nano.a(lib_a-init.o)
                0x00000f38                __libc_init_array
 .text.memset   0x00000f84       0x10 c:/program files (x86)/cypress/psoc creator/3.3/psoc creator/import/gnu/arm/4.9.3/bin/../lib/gcc/arm-none-eabi/4.9.3/../../../../arm-none-eabi/lib/armv6-m\libg_nano.a(lib_a-memset.o)
                0x00000f84                memset
 .text.strlen   0x00000f94        0xe c:/program files (x86)/cypress/psoc creator/3.3/psoc creator/import/gnu/arm/4.9.3/bin/../lib/gcc/arm-none-eabi/4.9.3/../../../../arm-none-eabi/lib/armv6-m\libg_nano.a(lib_a-strlen.o)
                0x00000f94                strlen
 *(.plt)
 *(.gnu.warning)
 *(.glue_7t)
 .glue_7t       0x00000000        0x0 linker stubs
 *(.glue_7)
 .glue_7        0x00000000        0x0 linker stubs
 *(.vfp11_veneer)
 .vfp11_veneer  0x00000000        0x0 linker stubs
 *(.bootloader)
 *(.ARM.extab* .gnu.linkonce.armextab.*)
 *(.gcc_except_table)

.v4_bx          0x00000fa4        0x0
 .v4_bx         0x00000000        0x0 linker stubs

.iplt           0x00000fa4        0x0
 .iplt          0x00000000        0x0 c:/program files (x86)/cypress/psoc creator/3.3/psoc creator/import/gnu/arm/4.9.3/bin/../lib/gcc/arm-none-eabi/4.9.3/armv6-m/crtbegin.o

.eh_frame_hdr
 *(.eh_frame_hdr)

.eh_frame       0x00000fa4        0x4
 *(.eh_frame)
 .eh_frame      0x00000fa4        0x0 c:/program files (x86)/cypress/psoc creator/3.3/psoc creator/import/gnu/arm/4.9.3/bin/../lib/gcc/arm-none-eabi/4.9.3/armv6-m/crtbegin.o
 .eh_frame      0x00000fa4        0x4 c:/program files (x86)/cypress/psoc creator/3.3/psoc creator/import/gnu/arm/4.9.3/bin/../lib/gcc/arm-none-eabi/4.9.3/armv6-m/crtend.o
                0x00000fa8                PROVIDE (__exidx_start, .)

.ARM.exidx
 *(.ARM.exidx* .gnu.linkonce.armexidx.*)
                0x00000fa8                __exidx_end = .

.rodata         0x00000fa8       0xc0
 *(.rodata .rodata.* .gnu.linkonce.r.*)
 .rodata.str1.4
                0x00000fa8       0x3c .\CortexM0\ARM_GCC_493\Debug\main.o
 .rodata        0x00000fe4       0x10 .\CortexM0\ARM_GCC_493\Debug\LiquidCrystal_I2C.o
 .rodata        0x00000ff4        0xc .\CortexM0\ARM_GCC_493\Debug\LCD_I2C_PSoC4P.a(cyfitter_cfg.o)
 .rodata        0x00001000       0x30 .\CortexM0\ARM_GCC_493\Debug\LCD_I2C_PSoC4P.a(CyLib.o)
                0x00001000                cyImoFreqMhz2Reg
                0x00001030                . = ALIGN (0x4)
 *(.init)
 .init          0x00001030        0x4 c:/program files (x86)/cypress/psoc creator/3.3/psoc creator/import/gnu/arm/4.9.3/bin/../lib/gcc/arm-none-eabi/4.9.3/armv6-m/crti.o
                0x00001030                _init
 .init          0x00001034        0x8 c:/program files (x86)/cypress/psoc creator/3.3/psoc creator/import/gnu/arm/4.9.3/bin/../lib/gcc/arm-none-eabi/4.9.3/armv6-m/crtn.o
                0x0000103c                . = ALIGN (0x4)
                0x0000103c                __preinit_array_start = .
 *(.preinit_array)
                0x0000103c                __preinit_array_end = .
                0x0000103c                . = ALIGN (0x4)
                0x0000103c                __init_array_start = .
 *(SORT(.init_array.*))
 *(.init_array)
 .init_array    0x0000103c        0x4 c:/program files (x86)/cypress/psoc creator/3.3/psoc creator/import/gnu/arm/4.9.3/bin/../lib/gcc/arm-none-eabi/4.9.3/armv6-m/crtbegin.o
 .init_array    0x00001040        0x4 .\CortexM0\ARM_GCC_493\Debug\Cm0Start.o
                0x00001044                __init_array_end = .
                0x00001044                . = ALIGN (0x4)
 *(.fini)
 .fini          0x00001044        0x4 c:/program files (x86)/cypress/psoc creator/3.3/psoc creator/import/gnu/arm/4.9.3/bin/../lib/gcc/arm-none-eabi/4.9.3/armv6-m/crti.o
                0x00001044                _fini
 .fini          0x00001048        0x8 c:/program files (x86)/cypress/psoc creator/3.3/psoc creator/import/gnu/arm/4.9.3/bin/../lib/gcc/arm-none-eabi/4.9.3/armv6-m/crtn.o
                0x00001050                . = ALIGN (0x4)
                0x00001050                __fini_array_start = .
 *(.fini_array)
 .fini_array    0x00001050        0x4 c:/program files (x86)/cypress/psoc creator/3.3/psoc creator/import/gnu/arm/4.9.3/bin/../lib/gcc/arm-none-eabi/4.9.3/armv6-m/crtbegin.o
 *(SORT(.fini_array.*))
                0x00001054                __fini_array_end = .
                0x00001054                . = ALIGN (0x4)
 *crtbegin.o(.ctors)
 *(EXCLUDE_FILE(*crtend.o) .ctors)
 *(SORT(.ctors.*))
 *crtend.o(.ctors)
                0x00001054                . = ALIGN (0x4)
 *crtbegin.o(.dtors)
 *(EXCLUDE_FILE(*crtend.o) .dtors)
 *(SORT(.dtors.*))
 *crtend.o(.dtors)
                0x00001054                . = ALIGN (0x4)
                0x00001054                __cy_regions = .
                0x00001054        0x4 LONG 0x1068 __cy_region_init_ram
                0x00001058        0x4 LONG 0x200000c8 __cy_region_start_data
                0x0000105c        0x4 LONG 0x20 __cy_region_init_size_ram
                0x00001060        0x4 LONG 0x70 __cy_region_zero_size_ram
                0x00001064                __cy_regions_end = .
                0x00001068                . = ALIGN (0x8)
 *fill*         0x00001064        0x4 
                0x00001068                _etext = .

.cy_checksum_exclude
                0x00001068        0x0
 *(.cy_checksum_exclude)

.ramvectors     0x20000000       0xc0
                0x20000000                __cy_region_start_ram = .
 *(.ramvectors)
 .ramvectors    0x20000000       0xc0 .\CortexM0\ARM_GCC_493\Debug\Cm0Start.o
                0x20000000                CyRamVectors

.noinit         0x200000c0        0x4
 *(.noinit)
 .noinit        0x200000c0        0x4 .\CortexM0\ARM_GCC_493\Debug\Cm0Start.o

.data           0x200000c8       0x20 load address 0x00001068
                0x200000c8                __cy_region_start_data = .
 *(.jcr)
 .jcr           0x200000c8        0x0 c:/program files (x86)/cypress/psoc creator/3.3/psoc creator/import/gnu/arm/4.9.3/bin/../lib/gcc/arm-none-eabi/4.9.3/armv6-m/crtbegin.o
 .jcr           0x200000c8        0x4 c:/program files (x86)/cypress/psoc creator/3.3/psoc creator/import/gnu/arm/4.9.3/bin/../lib/gcc/arm-none-eabi/4.9.3/armv6-m/crtend.o
 *(.got.plt)
 *(.got)
 *(.shdata)
 *(.data .data.* .gnu.linkonce.d.*)
 .data          0x200000cc        0x4 .\CortexM0\ARM_GCC_493\Debug\main.o
                0x200000cc                Addr
 .data          0x200000d0       0x10 .\CortexM0\ARM_GCC_493\Debug\LCD_I2C_PSoC4P.a(CyLib.o)
                0x200000d0                cydelay32kMs
                0x200000d4                cydelayFreqKhz
                0x200000d8                cydelayFreqMhz
                0x200000dc                cydelayFreqHz
 .data          0x200000e0        0x4 .\CortexM0\ARM_GCC_493\Debug\LCD_I2C_PSoC4P.a(CyLFClk.o)
                0x200000e8                . = ALIGN (0x8)
 *fill*         0x200000e4        0x4 
 *(.ram)
                0x200000e8                _edata = .

.igot.plt       0x200000e8        0x0 load address 0x00001088
 .igot.plt      0x00000000        0x0 c:/program files (x86)/cypress/psoc creator/3.3/psoc creator/import/gnu/arm/4.9.3/bin/../lib/gcc/arm-none-eabi/4.9.3/armv6-m/crtbegin.o

.bss            0x200000e8       0x70 load address 0x00001088
                0x200000e8                PROVIDE (__bss_start__, .)
 *(.shbss)
 *(.bss .bss.* .gnu.linkonce.b.*)
 .bss           0x200000e8       0x1c c:/program files (x86)/cypress/psoc creator/3.3/psoc creator/import/gnu/arm/4.9.3/bin/../lib/gcc/arm-none-eabi/4.9.3/armv6-m/crtbegin.o
 .bss           0x20000104       0x1c .\CortexM0\ARM_GCC_493\Debug\LCD_I2C_PSoC4P.a(CyLFClk.o)
 .bss           0x20000120        0x8 .\CortexM0\ARM_GCC_493\Debug\LCD_I2C_PSoC4P.a(I2C.o)
                0x20000120                I2C_initVar
                0x20000124                I2C_customIntrHandler
 *(COMMON)
 COMMON         0x20000128        0x8 .\CortexM0\ARM_GCC_493\Debug\LiquidCrystal_I2C.o
                0x20000128                _backlightval
                0x20000129                _addr
                0x2000012a                _displaycontrol
                0x2000012b                _charsize
                0x2000012c                _displaymode
                0x2000012d                _displayfunction
                0x2000012e                _cols
                0x2000012f                _rows
 COMMON         0x20000130        0x1 .\CortexM0\ARM_GCC_493\Debug\LCD_I2C_PSoC4P.a(I2C_I2C.o)
                0x20000130                I2C_state
 *fill*         0x20000131        0x3 
 COMMON         0x20000134       0x24 .\CortexM0\ARM_GCC_493\Debug\LCD_I2C_PSoC4P.a(I2C_I2C_MASTER.o)
                0x20000134                I2C_mstrWrBufIndexTmp
                0x20000138                I2C_mstrWrBufIndex
                0x2000013c                I2C_mstrWrBufSize
                0x20000140                I2C_mstrStatus
                0x20000144                I2C_mstrRdBufPtr
                0x20000148                I2C_mstrControl
                0x2000014c                I2C_mstrRdBufSize
                0x20000150                I2C_mstrRdBufIndex
                0x20000154                I2C_mstrWrBufPtr
                0x20000158                . = ALIGN (0x8)
 *(.ram.b)
                0x20000158                _end = .
                0x20000158                __end = .
                0x20000158                PROVIDE (end, .)
                0x20000158                PROVIDE (__bss_end__, .)
                0x00001068                __cy_region_init_ram = LOADADDR (.data)
                0x00000020                __cy_region_init_size_ram = (_edata - ADDR (.data))
                0x00000070                __cy_region_zero_size_ram = (_end - _edata)

.heap           0x20000158       0x80 load address 0x00001088
                0x20000158                . = _end
                0x200001d8                . = (. + 0x80)
 *fill*         0x20000158       0x80 
                0x200001d8                __cy_heap_limit = .

.stack          0x20000c00      0x400
                0x20000c00                __cy_stack_limit = .
                0x20001000                . = (. + 0x400)
 *fill*         0x20000c00      0x400 
                0x00000001                ASSERT ((__cy_stack_limit >= __cy_heap_limit), region RAM overflowed with stack)
                0x00000000                cy_checksum_exclude_size = (CY_APPL_LOADABLE == 0x1)?SIZEOF (.cy_checksum_exclude):0x0
                0x00000001                ASSERT ((cy_checksum_exclude_size <= CY_CHECKSUM_EXCLUDE_SIZE), CY_BOOT: Section .cy_checksum_exclude size exceedes specified limit.)
                0x00007fc0                cyloadermeta_start = (cy_project_type_bootloader || cy_project_type_app_for_stack_and_copier)?(0x8000 - CY_METADATA_SIZE):0xf0000000

.cyloadermeta
 *(.cyloadermeta)
                0x00007fc0                cyloadablemeta_start = cy_project_type_app_for_stack_and_copier?((0x8000 - CY_FLASH_ROW_SIZE) - CY_METADATA_SIZE):((0x8000 - (CY_FLASH_ROW_SIZE * (CY_APPL_NUM - 0x1))) - CY_METADATA_SIZE)

.cyloadablemeta
 *(.cyloadablemeta)

.cyflashprotect
                0x90400000       0x20
 *(.cyflashprotect)
 .cyflashprotect
                0x90400000       0x20 .\CortexM0\ARM_GCC_493\Debug\cymetadata.o
                0x90400000                cy_meta_flashprotect

.cymeta         0x90500000        0xc
 *(.cymeta)
 .cymeta        0x90500000        0xc .\CortexM0\ARM_GCC_493\Debug\cymetadata.o
                0x90500000                cy_metadata

.cychipprotect  0x90600000        0x4
 *(.cychipprotect)
 .cychipprotect
                0x90600000        0x4 .\CortexM0\ARM_GCC_493\Debug\cymetadata.o
                0x90600000                cy_meta_chipprotect

.rel.dyn        0x00001088        0x0 load address 0x90600004
 .rel.iplt      0x00000000        0x0 c:/program files (x86)/cypress/psoc creator/3.3/psoc creator/import/gnu/arm/4.9.3/bin/../lib/gcc/arm-none-eabi/4.9.3/armv6-m/crtbegin.o

.stab
 *(.stab)

.stabstr
 *(.stabstr)

.debug
 *(.debug)

.line
 *(.line)

.debug_srcinfo
 *(.debug_srcinfo)

.debug_sfnames
 *(.debug_sfnames)

.debug_aranges  0x00000000      0x620
 *(.debug_aranges)
 .debug_aranges
                0x00000000       0x20 .\CortexM0\ARM_GCC_493\Debug\main.o
 .debug_aranges
                0x00000020      0x108 .\CortexM0\ARM_GCC_493\Debug\LiquidCrystal_I2C.o
 .debug_aranges
                0x00000128       0x18 .\CortexM0\ARM_GCC_493\Debug\cymetadata.o
 .debug_aranges
                0x00000140       0x48 .\CortexM0\ARM_GCC_493\Debug\Cm0Start.o
 .debug_aranges
                0x00000188       0x30 .\CortexM0\ARM_GCC_493\Debug\LCD_I2C_PSoC4P.a(cyfitter_cfg.o)
 .debug_aranges
                0x000001b8      0x170 .\CortexM0\ARM_GCC_493\Debug\LCD_I2C_PSoC4P.a(CyLib.o)
 .debug_aranges
                0x00000328      0x120 .\CortexM0\ARM_GCC_493\Debug\LCD_I2C_PSoC4P.a(CyLFClk.o)
 .debug_aranges
                0x00000448       0x68 .\CortexM0\ARM_GCC_493\Debug\LCD_I2C_PSoC4P.a(I2C.o)
 .debug_aranges
                0x000004b0       0x28 .\CortexM0\ARM_GCC_493\Debug\LCD_I2C_PSoC4P.a(I2C_I2C.o)
 .debug_aranges
                0x000004d8       0x88 .\CortexM0\ARM_GCC_493\Debug\LCD_I2C_PSoC4P.a(I2C_I2C_MASTER.o)
 .debug_aranges
                0x00000560       0x40 .\CortexM0\ARM_GCC_493\Debug\LCD_I2C_PSoC4P.a(I2C_sda.o)
 .debug_aranges
                0x000005a0       0x40 .\CortexM0\ARM_GCC_493\Debug\LCD_I2C_PSoC4P.a(I2C_scl.o)
 .debug_aranges
                0x000005e0       0x20 .\CortexM0\ARM_GCC_493\Debug\LCD_I2C_PSoC4P.a(CyBootAsmGnu.o)
 .debug_aranges
                0x00000600       0x20 .\CortexM0\ARM_GCC_493\Debug\LCD_I2C_PSoC4P.a(I2C_I2C_INT.o)

.debug_pubnames
 *(.debug_pubnames)

.debug_info     0x00000000     0x387f
 *(.debug_info .gnu.linkonce.wi.*)
 .debug_info    0x00000000      0x205 .\CortexM0\ARM_GCC_493\Debug\main.o
 .debug_info    0x00000205      0x942 .\CortexM0\ARM_GCC_493\Debug\LiquidCrystal_I2C.o
 .debug_info    0x00000b47       0xfd .\CortexM0\ARM_GCC_493\Debug\cymetadata.o
 .debug_info    0x00000c44      0x38a .\CortexM0\ARM_GCC_493\Debug\Cm0Start.o
 .debug_info    0x00000fce      0x290 .\CortexM0\ARM_GCC_493\Debug\LCD_I2C_PSoC4P.a(cyfitter_cfg.o)
 .debug_info    0x0000125e      0xa61 .\CortexM0\ARM_GCC_493\Debug\LCD_I2C_PSoC4P.a(CyLib.o)
 .debug_info    0x00001cbf      0xc20 .\CortexM0\ARM_GCC_493\Debug\LCD_I2C_PSoC4P.a(CyLFClk.o)
 .debug_info    0x000028df      0x2a7 .\CortexM0\ARM_GCC_493\Debug\LCD_I2C_PSoC4P.a(I2C.o)
 .debug_info    0x00002b86      0x1a8 .\CortexM0\ARM_GCC_493\Debug\LCD_I2C_PSoC4P.a(I2C_I2C.o)
 .debug_info    0x00002d2e      0x682 .\CortexM0\ARM_GCC_493\Debug\LCD_I2C_PSoC4P.a(I2C_I2C_MASTER.o)
 .debug_info    0x000033b0      0x150 .\CortexM0\ARM_GCC_493\Debug\LCD_I2C_PSoC4P.a(I2C_sda.o)
 .debug_info    0x00003500      0x150 .\CortexM0\ARM_GCC_493\Debug\LCD_I2C_PSoC4P.a(I2C_scl.o)
 .debug_info    0x00003650       0xa5 .\CortexM0\ARM_GCC_493\Debug\LCD_I2C_PSoC4P.a(CyBootAsmGnu.o)
 .debug_info    0x000036f5      0x18a .\CortexM0\ARM_GCC_493\Debug\LCD_I2C_PSoC4P.a(I2C_I2C_INT.o)

.debug_abbrev   0x00000000     0x1083
 *(.debug_abbrev)
 .debug_abbrev  0x00000000       0xd6 .\CortexM0\ARM_GCC_493\Debug\main.o
 .debug_abbrev  0x000000d6      0x18b .\CortexM0\ARM_GCC_493\Debug\LiquidCrystal_I2C.o
 .debug_abbrev  0x00000261       0x5d .\CortexM0\ARM_GCC_493\Debug\cymetadata.o
 .debug_abbrev  0x000002be      0x1fe .\CortexM0\ARM_GCC_493\Debug\Cm0Start.o
 .debug_abbrev  0x000004bc      0x18c .\CortexM0\ARM_GCC_493\Debug\LCD_I2C_PSoC4P.a(cyfitter_cfg.o)
 .debug_abbrev  0x00000648      0x20d .\CortexM0\ARM_GCC_493\Debug\LCD_I2C_PSoC4P.a(CyLib.o)
 .debug_abbrev  0x00000855      0x226 .\CortexM0\ARM_GCC_493\Debug\LCD_I2C_PSoC4P.a(CyLFClk.o)
 .debug_abbrev  0x00000a7b      0x168 .\CortexM0\ARM_GCC_493\Debug\LCD_I2C_PSoC4P.a(I2C.o)
 .debug_abbrev  0x00000be3      0x100 .\CortexM0\ARM_GCC_493\Debug\LCD_I2C_PSoC4P.a(I2C_I2C.o)
 .debug_abbrev  0x00000ce3      0x189 .\CortexM0\ARM_GCC_493\Debug\LCD_I2C_PSoC4P.a(I2C_I2C_MASTER.o)
 .debug_abbrev  0x00000e6c       0xb7 .\CortexM0\ARM_GCC_493\Debug\LCD_I2C_PSoC4P.a(I2C_sda.o)
 .debug_abbrev  0x00000f23       0xb7 .\CortexM0\ARM_GCC_493\Debug\LCD_I2C_PSoC4P.a(I2C_scl.o)
 .debug_abbrev  0x00000fda       0x14 .\CortexM0\ARM_GCC_493\Debug\LCD_I2C_PSoC4P.a(CyBootAsmGnu.o)
 .debug_abbrev  0x00000fee       0x95 .\CortexM0\ARM_GCC_493\Debug\LCD_I2C_PSoC4P.a(I2C_I2C_INT.o)

.debug_line     0x00000000     0x1a11
 *(.debug_line)
 .debug_line    0x00000000      0x179 .\CortexM0\ARM_GCC_493\Debug\main.o
 .debug_line    0x00000179      0x473 .\CortexM0\ARM_GCC_493\Debug\LiquidCrystal_I2C.o
 .debug_line    0x000005ec       0x53 .\CortexM0\ARM_GCC_493\Debug\cymetadata.o
 .debug_line    0x0000063f      0x248 .\CortexM0\ARM_GCC_493\Debug\Cm0Start.o
 .debug_line    0x00000887      0x133 .\CortexM0\ARM_GCC_493\Debug\LCD_I2C_PSoC4P.a(cyfitter_cfg.o)
 .debug_line    0x000009ba      0x42c .\CortexM0\ARM_GCC_493\Debug\LCD_I2C_PSoC4P.a(CyLib.o)
 .debug_line    0x00000de6      0x3fe .\CortexM0\ARM_GCC_493\Debug\LCD_I2C_PSoC4P.a(CyLFClk.o)
 .debug_line    0x000011e4      0x15c .\CortexM0\ARM_GCC_493\Debug\LCD_I2C_PSoC4P.a(I2C.o)
 .debug_line    0x00001340       0xbd .\CortexM0\ARM_GCC_493\Debug\LCD_I2C_PSoC4P.a(I2C_I2C.o)
 .debug_line    0x000013fd      0x2d1 .\CortexM0\ARM_GCC_493\Debug\LCD_I2C_PSoC4P.a(I2C_I2C_MASTER.o)
 .debug_line    0x000016ce       0xad .\CortexM0\ARM_GCC_493\Debug\LCD_I2C_PSoC4P.a(I2C_sda.o)
 .debug_line    0x0000177b       0xad .\CortexM0\ARM_GCC_493\Debug\LCD_I2C_PSoC4P.a(I2C_scl.o)
 .debug_line    0x00001828       0x69 .\CortexM0\ARM_GCC_493\Debug\LCD_I2C_PSoC4P.a(CyBootAsmGnu.o)
 .debug_line    0x00001891      0x180 .\CortexM0\ARM_GCC_493\Debug\LCD_I2C_PSoC4P.a(I2C_I2C_INT.o)

.debug_frame    0x00000000     0x1034
 *(.debug_frame)
 .debug_frame   0x00000000       0x2c .\CortexM0\ARM_GCC_493\Debug\main.o
 .debug_frame   0x0000002c      0x36c .\CortexM0\ARM_GCC_493\Debug\LiquidCrystal_I2C.o
 .debug_frame   0x00000398       0xb0 .\CortexM0\ARM_GCC_493\Debug\Cm0Start.o
 .debug_frame   0x00000448       0x64 .\CortexM0\ARM_GCC_493\Debug\LCD_I2C_PSoC4P.a(cyfitter_cfg.o)
 .debug_frame   0x000004ac      0x3b4 .\CortexM0\ARM_GCC_493\Debug\LCD_I2C_PSoC4P.a(CyLib.o)
 .debug_frame   0x00000860      0x368 .\CortexM0\ARM_GCC_493\Debug\LCD_I2C_PSoC4P.a(CyLFClk.o)
 .debug_frame   0x00000bc8       0xf8 .\CortexM0\ARM_GCC_493\Debug\LCD_I2C_PSoC4P.a(I2C.o)
 .debug_frame   0x00000cc0       0x3c .\CortexM0\ARM_GCC_493\Debug\LCD_I2C_PSoC4P.a(I2C_I2C.o)
 .debug_frame   0x00000cfc      0x178 .\CortexM0\ARM_GCC_493\Debug\LCD_I2C_PSoC4P.a(I2C_I2C_MASTER.o)
 .debug_frame   0x00000e74       0x60 .\CortexM0\ARM_GCC_493\Debug\LCD_I2C_PSoC4P.a(I2C_sda.o)
 .debug_frame   0x00000ed4       0x60 .\CortexM0\ARM_GCC_493\Debug\LCD_I2C_PSoC4P.a(I2C_scl.o)
 .debug_frame   0x00000f34       0x2c .\CortexM0\ARM_GCC_493\Debug\LCD_I2C_PSoC4P.a(I2C_I2C_INT.o)
 .debug_frame   0x00000f60       0x20 c:/program files (x86)/cypress/psoc creator/3.3/psoc creator/import/gnu/arm/4.9.3/bin/../lib/gcc/arm-none-eabi/4.9.3/armv6-m\libgcc.a(_udivsi3.o)
 .debug_frame   0x00000f80       0x20 c:/program files (x86)/cypress/psoc creator/3.3/psoc creator/import/gnu/arm/4.9.3/bin/../lib/gcc/arm-none-eabi/4.9.3/../../../../arm-none-eabi/lib/armv6-m\libg_nano.a(lib_a-errno.o)
 .debug_frame   0x00000fa0       0x28 c:/program files (x86)/cypress/psoc creator/3.3/psoc creator/import/gnu/arm/4.9.3/bin/../lib/gcc/arm-none-eabi/4.9.3/../../../../arm-none-eabi/lib/armv6-m\libg_nano.a(lib_a-exit.o)
 .debug_frame   0x00000fc8       0x2c c:/program files (x86)/cypress/psoc creator/3.3/psoc creator/import/gnu/arm/4.9.3/bin/../lib/gcc/arm-none-eabi/4.9.3/../../../../arm-none-eabi/lib/armv6-m\libg_nano.a(lib_a-init.o)
 .debug_frame   0x00000ff4       0x20 c:/program files (x86)/cypress/psoc creator/3.3/psoc creator/import/gnu/arm/4.9.3/bin/../lib/gcc/arm-none-eabi/4.9.3/../../../../arm-none-eabi/lib/armv6-m\libg_nano.a(lib_a-memset.o)
 .debug_frame   0x00001014       0x20 c:/program files (x86)/cypress/psoc creator/3.3/psoc creator/import/gnu/arm/4.9.3/bin/../lib/gcc/arm-none-eabi/4.9.3/../../../../arm-none-eabi/lib/armv6-m\libg_nano.a(lib_a-strlen.o)

.debug_str      0x00000000     0x13bd
 *(.debug_str)
 .debug_str     0x00000000      0x1ac .\CortexM0\ARM_GCC_493\Debug\main.o
                                0x1f6 (size before relaxing)
 .debug_str     0x000001ac      0x254 .\CortexM0\ARM_GCC_493\Debug\LiquidCrystal_I2C.o
                                0x461 (size before relaxing)
 .debug_str     0x00000400       0x61 .\CortexM0\ARM_GCC_493\Debug\cymetadata.o
                                0x1e3 (size before relaxing)
 .debug_str     0x00000461      0x157 .\CortexM0\ARM_GCC_493\Debug\Cm0Start.o
                                0x30a (size before relaxing)
 .debug_str     0x000005b8       0x96 .\CortexM0\ARM_GCC_493\Debug\LCD_I2C_PSoC4P.a(cyfitter_cfg.o)
                                0x260 (size before relaxing)
 .debug_str     0x0000064e      0x449 .\CortexM0\ARM_GCC_493\Debug\LCD_I2C_PSoC4P.a(CyLib.o)
                                0x65e (size before relaxing)
 .debug_str     0x00000a97      0x46c .\CortexM0\ARM_GCC_493\Debug\LCD_I2C_PSoC4P.a(CyLFClk.o)
                                0x668 (size before relaxing)
 .debug_str     0x00000f03      0x118 .\CortexM0\ARM_GCC_493\Debug\LCD_I2C_PSoC4P.a(I2C.o)
                                0x2e2 (size before relaxing)
 .debug_str     0x0000101b       0x62 .\CortexM0\ARM_GCC_493\Debug\LCD_I2C_PSoC4P.a(I2C_I2C.o)
                                0x250 (size before relaxing)
 .debug_str     0x0000107d      0x210 .\CortexM0\ARM_GCC_493\Debug\LCD_I2C_PSoC4P.a(I2C_I2C_MASTER.o)
                                0x45e (size before relaxing)
 .debug_str     0x0000128d       0x84 .\CortexM0\ARM_GCC_493\Debug\LCD_I2C_PSoC4P.a(I2C_sda.o)
                                0x228 (size before relaxing)
 .debug_str     0x00001311       0x63 .\CortexM0\ARM_GCC_493\Debug\LCD_I2C_PSoC4P.a(I2C_scl.o)
                                0x228 (size before relaxing)
 .debug_str     0x00001374       0x49 .\CortexM0\ARM_GCC_493\Debug\LCD_I2C_PSoC4P.a(I2C_I2C_INT.o)
                                0x2b3 (size before relaxing)

.debug_loc      0x00000000     0x1d96
 *(.debug_loc)
 .debug_loc     0x00000000      0x37d .\CortexM0\ARM_GCC_493\Debug\LiquidCrystal_I2C.o
 .debug_loc     0x0000037d      0x14f .\CortexM0\ARM_GCC_493\Debug\Cm0Start.o
 .debug_loc     0x000004cc       0xa9 .\CortexM0\ARM_GCC_493\Debug\LCD_I2C_PSoC4P.a(cyfitter_cfg.o)
 .debug_loc     0x00000575      0x534 .\CortexM0\ARM_GCC_493\Debug\LCD_I2C_PSoC4P.a(CyLib.o)
 .debug_loc     0x00000aa9      0x7df .\CortexM0\ARM_GCC_493\Debug\LCD_I2C_PSoC4P.a(CyLFClk.o)
 .debug_loc     0x00001288       0x7e .\CortexM0\ARM_GCC_493\Debug\LCD_I2C_PSoC4P.a(I2C.o)
 .debug_loc     0x00001306      0x882 .\CortexM0\ARM_GCC_493\Debug\LCD_I2C_PSoC4P.a(I2C_I2C_MASTER.o)
 .debug_loc     0x00001b88       0x81 .\CortexM0\ARM_GCC_493\Debug\LCD_I2C_PSoC4P.a(I2C_sda.o)
 .debug_loc     0x00001c09       0x81 .\CortexM0\ARM_GCC_493\Debug\LCD_I2C_PSoC4P.a(I2C_scl.o)
 .debug_loc     0x00001c8a      0x10c .\CortexM0\ARM_GCC_493\Debug\LCD_I2C_PSoC4P.a(I2C_I2C_INT.o)

.debug_macinfo
 *(.debug_macinfo)

.debug_ranges   0x00000000      0x528
 *(.debug_ranges)
 .debug_ranges  0x00000000       0x10 .\CortexM0\ARM_GCC_493\Debug\main.o
 .debug_ranges  0x00000010       0xf8 .\CortexM0\ARM_GCC_493\Debug\LiquidCrystal_I2C.o
 .debug_ranges  0x00000108       0x38 .\CortexM0\ARM_GCC_493\Debug\Cm0Start.o
 .debug_ranges  0x00000140       0x20 .\CortexM0\ARM_GCC_493\Debug\LCD_I2C_PSoC4P.a(cyfitter_cfg.o)
 .debug_ranges  0x00000160      0x160 .\CortexM0\ARM_GCC_493\Debug\LCD_I2C_PSoC4P.a(CyLib.o)
 .debug_ranges  0x000002c0      0x110 .\CortexM0\ARM_GCC_493\Debug\LCD_I2C_PSoC4P.a(CyLFClk.o)
 .debug_ranges  0x000003d0       0x58 .\CortexM0\ARM_GCC_493\Debug\LCD_I2C_PSoC4P.a(I2C.o)
 .debug_ranges  0x00000428       0x18 .\CortexM0\ARM_GCC_493\Debug\LCD_I2C_PSoC4P.a(I2C_I2C.o)
 .debug_ranges  0x00000440       0x78 .\CortexM0\ARM_GCC_493\Debug\LCD_I2C_PSoC4P.a(I2C_I2C_MASTER.o)
 .debug_ranges  0x000004b8       0x30 .\CortexM0\ARM_GCC_493\Debug\LCD_I2C_PSoC4P.a(I2C_sda.o)
 .debug_ranges  0x000004e8       0x30 .\CortexM0\ARM_GCC_493\Debug\LCD_I2C_PSoC4P.a(I2C_scl.o)
 .debug_ranges  0x00000518       0x10 .\CortexM0\ARM_GCC_493\Debug\LCD_I2C_PSoC4P.a(I2C_I2C_INT.o)

.comment        0x00000000       0x70
 .comment       0x00000000       0x70 .\CortexM0\ARM_GCC_493\Debug\main.o
                                 0x71 (size before relaxing)
 .comment       0x00000000       0x71 .\CortexM0\ARM_GCC_493\Debug\LiquidCrystal_I2C.o
 .comment       0x00000000       0x71 .\CortexM0\ARM_GCC_493\Debug\cymetadata.o
 .comment       0x00000000       0x71 .\CortexM0\ARM_GCC_493\Debug\Cm0Start.o
 .comment       0x00000000       0x71 .\CortexM0\ARM_GCC_493\Debug\LCD_I2C_PSoC4P.a(cyfitter_cfg.o)
 .comment       0x00000000       0x71 .\CortexM0\ARM_GCC_493\Debug\LCD_I2C_PSoC4P.a(CyLib.o)
 .comment       0x00000000       0x71 .\CortexM0\ARM_GCC_493\Debug\LCD_I2C_PSoC4P.a(CyLFClk.o)
 .comment       0x00000000       0x71 .\CortexM0\ARM_GCC_493\Debug\LCD_I2C_PSoC4P.a(I2C.o)
 .comment       0x00000000       0x71 .\CortexM0\ARM_GCC_493\Debug\LCD_I2C_PSoC4P.a(I2C_I2C.o)
 .comment       0x00000000       0x71 .\CortexM0\ARM_GCC_493\Debug\LCD_I2C_PSoC4P.a(I2C_I2C_MASTER.o)
 .comment       0x00000000       0x71 .\CortexM0\ARM_GCC_493\Debug\LCD_I2C_PSoC4P.a(I2C_sda.o)
 .comment       0x00000000       0x71 .\CortexM0\ARM_GCC_493\Debug\LCD_I2C_PSoC4P.a(I2C_scl.o)
 .comment       0x00000000       0x71 .\CortexM0\ARM_GCC_493\Debug\LCD_I2C_PSoC4P.a(I2C_I2C_INT.o)

.debug_weaknames
 *(.debug_weaknames)

.debug_funcnames
 *(.debug_funcnames)

.debug_typenames
 *(.debug_typenames)

.debug_varnames
 *(.debug_varnames)

.note.gnu.arm.ident
 *(.note.gnu.arm.ident)

.ARM.attributes
                0x00000000       0x28
 *(.ARM.attributes)
 .ARM.attributes
                0x00000000       0x1e c:/program files (x86)/cypress/psoc creator/3.3/psoc creator/import/gnu/arm/4.9.3/bin/../lib/gcc/arm-none-eabi/4.9.3/armv6-m/crti.o
 .ARM.attributes
                0x0000001e       0x2c c:/program files (x86)/cypress/psoc creator/3.3/psoc creator/import/gnu/arm/4.9.3/bin/../lib/gcc/arm-none-eabi/4.9.3/armv6-m/crtbegin.o
 .ARM.attributes
                0x0000004a       0x1b c:/program files (x86)/cypress/psoc creator/3.3/psoc creator/import/gnu/arm/4.9.3/bin/../lib/gcc/arm-none-eabi/4.9.3/../../../../arm-none-eabi/lib/armv6-m/crt0.o
 .ARM.attributes
                0x00000065       0x31 .\CortexM0\ARM_GCC_493\Debug\main.o
 .ARM.attributes
                0x00000096       0x31 .\CortexM0\ARM_GCC_493\Debug\LiquidCrystal_I2C.o
 .ARM.attributes
                0x000000c7       0x31 .\CortexM0\ARM_GCC_493\Debug\cymetadata.o
 .ARM.attributes
                0x000000f8       0x31 .\CortexM0\ARM_GCC_493\Debug\Cm0Start.o
 .ARM.attributes
                0x00000129       0x31 .\CortexM0\ARM_GCC_493\Debug\LCD_I2C_PSoC4P.a(cyfitter_cfg.o)
 .ARM.attributes
                0x0000015a       0x31 .\CortexM0\ARM_GCC_493\Debug\LCD_I2C_PSoC4P.a(CyLib.o)
 .ARM.attributes
                0x0000018b       0x31 .\CortexM0\ARM_GCC_493\Debug\LCD_I2C_PSoC4P.a(CyLFClk.o)
 .ARM.attributes
                0x000001bc       0x31 .\CortexM0\ARM_GCC_493\Debug\LCD_I2C_PSoC4P.a(I2C.o)
 .ARM.attributes
                0x000001ed       0x31 .\CortexM0\ARM_GCC_493\Debug\LCD_I2C_PSoC4P.a(I2C_I2C.o)
 .ARM.attributes
                0x0000021e       0x31 .\CortexM0\ARM_GCC_493\Debug\LCD_I2C_PSoC4P.a(I2C_I2C_MASTER.o)
 .ARM.attributes
                0x0000024f       0x31 .\CortexM0\ARM_GCC_493\Debug\LCD_I2C_PSoC4P.a(I2C_sda.o)
 .ARM.attributes
                0x00000280       0x31 .\CortexM0\ARM_GCC_493\Debug\LCD_I2C_PSoC4P.a(I2C_scl.o)
 .ARM.attributes
                0x000002b1       0x21 .\CortexM0\ARM_GCC_493\Debug\LCD_I2C_PSoC4P.a(CyBootAsmGnu.o)
 .ARM.attributes
                0x000002d2       0x31 .\CortexM0\ARM_GCC_493\Debug\LCD_I2C_PSoC4P.a(I2C_I2C_INT.o)
 .ARM.attributes
                0x00000303       0x1e c:/program files (x86)/cypress/psoc creator/3.3/psoc creator/import/gnu/arm/4.9.3/bin/../lib/gcc/arm-none-eabi/4.9.3/armv6-m\libgcc.a(_udivsi3.o)
 .ARM.attributes
                0x00000321       0x1e c:/program files (x86)/cypress/psoc creator/3.3/psoc creator/import/gnu/arm/4.9.3/bin/../lib/gcc/arm-none-eabi/4.9.3/armv6-m\libgcc.a(_dvmd_tls.o)
 .ARM.attributes
                0x0000033f       0x2c c:/program files (x86)/cypress/psoc creator/3.3/psoc creator/import/gnu/arm/4.9.3/bin/../lib/gcc/arm-none-eabi/4.9.3/../../../../arm-none-eabi/lib/armv6-m\libg_nano.a(lib_a-errno.o)
 .ARM.attributes
                0x0000036b       0x2c c:/program files (x86)/cypress/psoc creator/3.3/psoc creator/import/gnu/arm/4.9.3/bin/../lib/gcc/arm-none-eabi/4.9.3/../../../../arm-none-eabi/lib/armv6-m\libg_nano.a(lib_a-exit.o)
 .ARM.attributes
                0x00000397       0x2c c:/program files (x86)/cypress/psoc creator/3.3/psoc creator/import/gnu/arm/4.9.3/bin/../lib/gcc/arm-none-eabi/4.9.3/../../../../arm-none-eabi/lib/armv6-m\libg_nano.a(lib_a-impure.o)
 .ARM.attributes
                0x000003c3       0x2c c:/program files (x86)/cypress/psoc creator/3.3/psoc creator/import/gnu/arm/4.9.3/bin/../lib/gcc/arm-none-eabi/4.9.3/../../../../arm-none-eabi/lib/armv6-m\libg_nano.a(lib_a-init.o)
 .ARM.attributes
                0x000003ef       0x2c c:/program files (x86)/cypress/psoc creator/3.3/psoc creator/import/gnu/arm/4.9.3/bin/../lib/gcc/arm-none-eabi/4.9.3/../../../../arm-none-eabi/lib/armv6-m\libg_nano.a(lib_a-memset.o)
 .ARM.attributes
                0x0000041b       0x2c c:/program files (x86)/cypress/psoc creator/3.3/psoc creator/import/gnu/arm/4.9.3/bin/../lib/gcc/arm-none-eabi/4.9.3/../../../../arm-none-eabi/lib/armv6-m\libg_nano.a(lib_a-strlen.o)
 .ARM.attributes
                0x00000447       0x2c c:/program files (x86)/cypress/psoc creator/3.3/psoc creator/import/gnu/arm/4.9.3/bin/../lib/gcc/arm-none-eabi/4.9.3/armv6-m/crtend.o
 .ARM.attributes
                0x00000473       0x1e c:/program files (x86)/cypress/psoc creator/3.3/psoc creator/import/gnu/arm/4.9.3/bin/../lib/gcc/arm-none-eabi/4.9.3/armv6-m/crtn.o

/DISCARD/
 *(.note.GNU-stack)
OUTPUT(.\CortexM0\ARM_GCC_493\Debug\LCD_I2C_PSoC4P.elf elf32-littlearm)
