ARM GAS  fibonacciN_A.s 			page 1


   1              	
   2              	
   3              	    .syntax unified
   4              	    .text
   5              	
   6              	
   7              	    .global fibonacciN_A
   8              	    .func fibonacciN_A, fibonacciN_A
   9              	    .thumb_func
  10              	fibonacciN_A:
  11 0000 0228     	    cmp R0, #2 //N comp 2
  12 0002 02D8     	    bhi fibonacciN_A_Not_1
  13              	    //fibonacciN_A_return_1:
  14 0004 4FF00100 	        mov R0, #1
  15 0008 0EE0     	        b fibonacciN_A_fin
  16              	    fibonacciN_A_Not_1:
  17 000a 4FF00101 	        mov r1, #1 //n1 = 1
  18 000e 4FF00102 	        mov r2, #1 //n2 = 1
  19 0012 4FF00303 	        mov r3, #3 //i = 3
  20              	        fibonacciN_A_loop:
  21 0016 8342     	            cmp r3,r0 //i<=N -->i>N
  22 0018 05DC     	            bgt fibonacciN_A_r2
  23 001a 8C46     	            mov r12,r1 //aux = n1
  24 001c 1146     	            mov r1,r2  //n1 = n2
  25 001e 6244     	            add r2,r12 //n2 = r2
  26 0020 03F10103 	            add r3,#1
  27 0024 F7E7     	            b fibonacciN_A_loop
  28              	    fibonacciN_A_r2:
  29 0026 1046     	        mov r0,r2
  30              	    fibonacciN_A_fin:
  31 0028 7047     	        BX lr
