Archive member included to satisfy reference by file (symbol)

.\CortexM3\ARM_GCC_541\Debug\Micro1v2.a(PC.o)
                              .\CortexM3\ARM_GCC_541\Debug\keyboard.o (PC_PutString)
.\CortexM3\ARM_GCC_541\Debug\Micro1v2.a(I2C_LCD.o)
                              .\CortexM3\ARM_GCC_541\Debug\rgb_lcd.o (I2C_LCD_Start)
.\CortexM3\ARM_GCC_541\Debug\Micro1v2.a(I2C_LCD_INT.o)
                              .\CortexM3\ARM_GCC_541\Debug\Micro1v2.a(I2C_LCD.o) (I2C_LCD_ISR)
.\CortexM3\ARM_GCC_541\Debug\Micro1v2.a(I2C_LCD_PM.o)
                              .\CortexM3\ARM_GCC_541\Debug\Micro1v2.a(I2C_LCD.o) (I2C_LCD_backup)
.\CortexM3\ARM_GCC_541\Debug\Micro1v2.a(I2C_LCD_MASTER.o)
                              .\CortexM3\ARM_GCC_541\Debug\rgb_lcd.o (I2C_LCD_MasterWriteBuf)
.\CortexM3\ARM_GCC_541\Debug\Micro1v2.a(PC_IntClock.o)
                              .\CortexM3\ARM_GCC_541\Debug\Micro1v2.a(PC.o) (PC_IntClock_Start)
.\CortexM3\ARM_GCC_541\Debug\Micro1v2.a(CyLib.o)
                              .\CortexM3\ARM_GCC_541\Debug\Cm3Start.o (CyHalt)
.\CortexM3\ARM_GCC_541\Debug\Micro1v2.a(cyPm.o)
                              .\CortexM3\ARM_GCC_541\Debug\Micro1v2.a(CyLib.o) (CyPmReadStatus)
.\CortexM3\ARM_GCC_541\Debug\Micro1v2.a(CyBootAsmGnu.o)
                              .\CortexM3\ARM_GCC_541\Debug\cyfitter_cfg.o (CyDelayCycles)
.\CortexM3\ARM_GCC_541\Debug\Micro1v2.a(CyFlash.o)
                              .\CortexM3\ARM_GCC_541\Debug\Micro1v2.a(cyPm.o) (CyFlash_SetWaitCycles)
.\CortexM3\ARM_GCC_541\Debug\Micro1v2.a(CySpc.o)
                              .\CortexM3\ARM_GCC_541\Debug\Micro1v2.a(CyFlash.o) (CySpcStart)
c:/program files (x86)/cypress/psoc creator/4.4/psoc creator/import/gnu/arm/5.4.1/bin/../lib/gcc/arm-none-eabi/5.4.1/../../../../arm-none-eabi/lib/armv7-m\libg_nano.a(lib_a-errno.o)
                              .\CortexM3\ARM_GCC_541\Debug\Cm3Start.o (__errno)
c:/program files (x86)/cypress/psoc creator/4.4/psoc creator/import/gnu/arm/5.4.1/bin/../lib/gcc/arm-none-eabi/5.4.1/../../../../arm-none-eabi/lib/armv7-m\libg_nano.a(lib_a-exit.o)
                              c:/program files (x86)/cypress/psoc creator/4.4/psoc creator/import/gnu/arm/5.4.1/bin/../lib/gcc/arm-none-eabi/5.4.1/../../../../arm-none-eabi/lib/armv7-m/crt0.o (exit)
c:/program files (x86)/cypress/psoc creator/4.4/psoc creator/import/gnu/arm/5.4.1/bin/../lib/gcc/arm-none-eabi/5.4.1/../../../../arm-none-eabi/lib/armv7-m\libg_nano.a(lib_a-impure.o)
                              c:/program files (x86)/cypress/psoc creator/4.4/psoc creator/import/gnu/arm/5.4.1/bin/../lib/gcc/arm-none-eabi/5.4.1/../../../../arm-none-eabi/lib/armv7-m\libg_nano.a(lib_a-exit.o) (_global_impure_ptr)
c:/program files (x86)/cypress/psoc creator/4.4/psoc creator/import/gnu/arm/5.4.1/bin/../lib/gcc/arm-none-eabi/5.4.1/../../../../arm-none-eabi/lib/armv7-m\libg_nano.a(lib_a-init.o)
                              c:/program files (x86)/cypress/psoc creator/4.4/psoc creator/import/gnu/arm/5.4.1/bin/../lib/gcc/arm-none-eabi/5.4.1/../../../../arm-none-eabi/lib/armv7-m/crt0.o (__libc_init_array)
c:/program files (x86)/cypress/psoc creator/4.4/psoc creator/import/gnu/arm/5.4.1/bin/../lib/gcc/arm-none-eabi/5.4.1/../../../../arm-none-eabi/lib/armv7-m\libg_nano.a(lib_a-memcpy-stub.o)
                              .\CortexM3\ARM_GCC_541\Debug\cyfitter_cfg.o (memcpy)
c:/program files (x86)/cypress/psoc creator/4.4/psoc creator/import/gnu/arm/5.4.1/bin/../lib/gcc/arm-none-eabi/5.4.1/../../../../arm-none-eabi/lib/armv7-m\libg_nano.a(lib_a-memset.o)
                              c:/program files (x86)/cypress/psoc creator/4.4/psoc creator/import/gnu/arm/5.4.1/bin/../lib/gcc/arm-none-eabi/5.4.1/../../../../arm-none-eabi/lib/armv7-m/crt0.o (memset)
c:/program files (x86)/cypress/psoc creator/4.4/psoc creator/import/gnu/arm/5.4.1/bin/../lib/gcc/arm-none-eabi/5.4.1/../../../../arm-none-eabi/lib/armv7-m\libg_nano.a(lib_a-snprintf.o)
                              .\CortexM3\ARM_GCC_541\Debug\keyboard.o (snprintf)
c:/program files (x86)/cypress/psoc creator/4.4/psoc creator/import/gnu/arm/5.4.1/bin/../lib/gcc/arm-none-eabi/5.4.1/../../../../arm-none-eabi/lib/armv7-m\libg_nano.a(lib_a-nano-svfprintf.o)
                              c:/program files (x86)/cypress/psoc creator/4.4/psoc creator/import/gnu/arm/5.4.1/bin/../lib/gcc/arm-none-eabi/5.4.1/../../../../arm-none-eabi/lib/armv7-m\libg_nano.a(lib_a-snprintf.o) (_svfprintf_r)
c:/program files (x86)/cypress/psoc creator/4.4/psoc creator/import/gnu/arm/5.4.1/bin/../lib/gcc/arm-none-eabi/5.4.1/../../../../arm-none-eabi/lib/armv7-m\libg_nano.a(lib_a-nano-vfprintf_i.o)
                              c:/program files (x86)/cypress/psoc creator/4.4/psoc creator/import/gnu/arm/5.4.1/bin/../lib/gcc/arm-none-eabi/5.4.1/../../../../arm-none-eabi/lib/armv7-m\libg_nano.a(lib_a-nano-svfprintf.o) (_printf_i)
[...]
Memory Configuration

Name             Origin             Length             Attributes
rom              0x00000000         0x00040000         xr
ram              0x1fff8000         0x00010000         xrw
*default*        0x00000000         0xffffffff

Linker script and memory map

LOAD c:/program files (x86)/cypress/psoc creator/4.4/psoc creator/import/gnu/arm/5.4.1/bin/../lib/gcc/arm-none-eabi/5.4.1/armv7-m/crti.o
LOAD c:/program files (x86)/cypress/psoc creator/4.4/psoc creator/import/gnu/arm/5.4.1/bin/../lib/gcc/arm-none-eabi/5.4.1/armv7-m/crtbegin.o
LOAD c:/program files (x86)/cypress/psoc creator/4.4/psoc creator/import/gnu/arm/5.4.1/bin/../lib/gcc/arm-none-eabi/5.4.1/../../../../arm-none-eabi/lib/armv7-m/crt0.o
START GROUP
LOAD .\CortexM3\ARM_GCC_541\Debug\servo.o
LOAD .\CortexM3\ARM_GCC_541\Debug\rgb_lcd.o
LOAD .\CortexM3\ARM_GCC_541\Debug\main.o
LOAD .\CortexM3\ARM_GCC_541\Debug\keyboard.o
LOAD .\CortexM3\ARM_GCC_541\Debug\cyfitter_cfg.o
LOAD .\CortexM3\ARM_GCC_541\Debug\cymetadata.o
LOAD .\CortexM3\ARM_GCC_541\Debug\Cm3Start.o
LOAD .\CortexM3\ARM_GCC_541\Debug\Micro1v2.a
LOAD C:\Program Files (x86)\Cypress\PSoC Creator\4.4\PSoC Creator\psoc\content\cycomponentlibrary\CyComponentLibrary.cylib\CortexM3\ARM_GCC_541\Debug\CyComponentLibrary.a
END GROUP
START GROUP
LOAD c:/program files (x86)/cypress/psoc creator/4.4/psoc creator/import/gnu/arm/5.4.1/bin/../lib/gcc/arm-none-eabi/5.4.1/armv7-m\libgcc.a
LOAD c:/program files (x86)/cypress/psoc creator/4.4/psoc creator/import/gnu/arm/5.4.1/bin/../lib/gcc/arm-none-eabi/5.4.1/../../../../arm-none-eabi/lib/armv7-m\libg_nano.a
LOAD c:/program files (x86)/cypress/psoc creator/4.4/psoc creator/import/gnu/arm/5.4.1/bin/../lib/gcc/arm-none-eabi/5.4.1/../../../../arm-none-eabi/lib/armv7-m\libc_nano.a
END GROUP
START GROUP
LOAD c:/program files (x86)/cypress/psoc creator/4.4/psoc creator/import/gnu/arm/5.4.1/bin/../lib/gcc/arm-none-eabi/5.4.1/armv7-m\libgcc.a
LOAD c:/program files (x86)/cypress/psoc creator/4.4/psoc creator/import/gnu/arm/5.4.1/bin/../lib/gcc/arm-none-eabi/5.4.1/../../../../arm-none-eabi/lib/armv7-m\libc_nano.a
END GROUP
LOAD c:/program files (x86)/cypress/psoc creator/4.4/psoc creator/import/gnu/arm/5.4.1/bin/../lib/gcc/arm-none-eabi/5.4.1/armv7-m/crtend.o
LOAD c:/program files (x86)/cypress/psoc creator/4.4/psoc creator/import/gnu/arm/5.4.1/bin/../lib/gcc/arm-none-eabi/5.4.1/armv7-m/crtn.o
START GROUP
LOAD c:/program files (x86)/cypress/psoc creator/4.4/psoc creator/import/gnu/arm/5.4.1/bin/../lib/gcc/arm-none-eabi/5.4.1/armv7-m\libgcc.a
LOAD c:/program files (x86)/cypress/psoc creator/4.4/psoc creator/import/gnu/arm/5.4.1/bin/../lib/gcc/arm-none-eabi/5.4.1/../../../../arm-none-eabi/lib/armv7-m\libc.a
LOAD c:/program files (x86)/cypress/psoc creator/4.4/psoc creator/import/gnu/arm/5.4.1/bin/../lib/gcc/arm-none-eabi/5.4.1/../../../../arm-none-eabi/lib/armv7-m\libnosys.a
END GROUP
                0x00000000                CY_APPL_ORIGIN = 0x0
                0x00000100                CY_FLASH_ROW_SIZE = 0x100
                0x00000020                CY_ECC_ROW_SIZE = 0x20
                0x00000000                CY_EE_IN_BTLDR = 0x0
                0x00000000                CY_APPL_LOADABLE = 0x0
                0x00000800                CY_EE_SIZE = 0x800
                0x00000001                CY_APPL_NUM = 0x1
                0x00000001                CY_APPL_MAX = 0x1
                0x00000040                CY_METADATA_SIZE = 0x40
                0x00000000                CY_APPL_LOADABLE = 0x0
                0x00000000                CY_CHECKSUM_EXCLUDE_SIZE = ALIGN (0x0, CY_FLASH_ROW_SIZE)
                [!provide]                PROVIDE (__cy_heap_start, _end)
                0x00000001                PROVIDE (__cy_region_num, ((__cy_regions_end - __cy_regions) / 0x10))
                0x20008000                PROVIDE (__cy_stack, (ORIGIN (ram) + LENGTH (ram)))
                [!provide]                PROVIDE (__cy_heap_end, (__cy_stack - 0x800))

.cybootloader   0x00000000        0x0
 *(.cybootloader)
                0x00000000                appl1_start = CY_APPL_ORIGIN?CY_APPL_ORIGIN:ALIGN (CY_FLASH_ROW_SIZE)
                0x0001ff00                appl2_start = (appl1_start + ALIGN ((((LENGTH (rom) - appl1_start) - (0x2 * CY_FLASH_ROW_SIZE)) / 0x2), CY_FLASH_ROW_SIZE))
                0x00000000                appl_start = (CY_APPL_NUM == 0x1)?appl1_start:appl2_start
                0x00000000                ecc_offset = ((appl_start / CY_FLASH_ROW_SIZE) * CY_ECC_ROW_SIZE)
                0x00000000                ee_offset = (CY_APPL_LOADABLE && ! (CY_EE_IN_BTLDR))?((CY_EE_SIZE / CY_APPL_MAX) * (CY_APPL_NUM - 0x1)):0x0
                0x00000800                ee_size = (CY_APPL_LOADABLE && ! (CY_EE_IN_BTLDR))?(CY_EE_SIZE / CY_APPL_MAX):CY_EE_SIZE
                [!provide]                PROVIDE (CY_ECC_OFFSET, ecc_offset)

.text           0x00000000      0x4a6
 CREATE_OBJECT_SYMBOLS
                0x00000000                PROVIDE (__cy_interrupt_vector, RomVectors)
 *(.romvectors)
 .romvectors    0x00000000       0x10 .\CortexM3\ARM_GCC_541\Debug\Cm3Start.o
                0x00000000                RomVectors
                0x00000001                ASSERT ((. != __cy_interrupt_vector), No interrupt vector)
                0x00000001                ASSERT (CY_APPL_ORIGIN?(SIZEOF (.cybootloader) <= CY_APPL_ORIGIN):0x1, Wrong image location)
                0x00000010                PROVIDE (__cy_reset, Reset)
 *(.text.Reset)
 .text.Reset    0x00000010       0x18 .\CortexM3\ARM_GCC_541\Debug\Cm3Start.o
                0x00000010                Reset
                0x00000001                ASSERT ((. != __cy_reset), No reset code)
 *(.dma_init)
                0x00000001                ASSERT ((((appl_start + .) <= 0x10000) || 0x1), DMA Init must be within the first 64k of flash)
 *(.text .text.* .gnu.linkonce.t.*)
 .text          0x00000028       0x5c c:/program files (x86)/cypress/psoc creator/4.4/psoc creator/import/gnu/arm/5.4.1/bin/../lib/gcc/arm-none-eabi/5.4.1/armv7-m/crtbegin.o
 .text.main     0x00000084        0x4 .\CortexM3\ARM_GCC_541\Debug\main.o
                0x00000084                main
 .text.CyClockStartupError
                0x00000088        0x4 .\CortexM3\ARM_GCC_541\Debug\cyfitter_cfg.o
 .text.cfg_write_bytes32
                0x0000008c       0x34 .\CortexM3\ARM_GCC_541\Debug\cyfitter_cfg.o
 .text.CYMEMZERO
                0x000000c0        0xc .\CortexM3\ARM_GCC_541\Debug\cyfitter_cfg.o
 .text.AnalogSetDefault
                0x000000cc       0x7c .\CortexM3\ARM_GCC_541\Debug\cyfitter_cfg.o
 .text.CYCONFIGCPY
                0x00000148        0x8 .\CortexM3\ARM_GCC_541\Debug\cyfitter_cfg.o
 .text.ClockSetup
                0x00000150       0xf0 .\CortexM3\ARM_GCC_541\Debug\cyfitter_cfg.o
 .text.cyfitter_cfg
                0x00000240       0xf0 .\CortexM3\ARM_GCC_541\Debug\cyfitter_cfg.o
                0x00000240                cyfitter_cfg
 .text.IntDefaultHandler
                0x00000330       0x10 .\CortexM3\ARM_GCC_541\Debug\Cm3Start.o
                0x00000330                IntDefaultHandler
 .text.Start_c  0x00000340       0x4c .\CortexM3\ARM_GCC_541\Debug\Cm3Start.o
                0x00000340                Start_c
 .text.initialize_psoc
                0x0000038c       0x68 .\CortexM3\ARM_GCC_541\Debug\Cm3Start.o
                0x0000038c                initialize_psoc
 .text.CyDelayUs
                0x000003f4       0x14 .\CortexM3\ARM_GCC_541\Debug\Micro1v2.a(CyLib.o)
                0x000003f4                CyDelayUs
 .text          0x00000408       0x20 .\CortexM3\ARM_GCC_541\Debug\Micro1v2.a(CyBootAsmGnu.o)
                0x00000408                CyDelayCycles
                0x00000418                CyEnterCriticalSection
                0x00000420                CyExitCriticalSection
 .text.__errno  0x00000428        0xc c:/program files (x86)/cypress/psoc creator/4.4/psoc creator/import/gnu/arm/5.4.1/bin/../lib/gcc/arm-none-eabi/5.4.1/../../../../arm-none-eabi/lib/armv7-m\libg_nano.a(lib_a-errno.o)
                0x00000428                __errno
 .text.__libc_init_array
                0x00000434       0x4c c:/program files (x86)/cypress/psoc creator/4.4/psoc creator/import/gnu/arm/5.4.1/bin/../lib/gcc/arm-none-eabi/5.4.1/../../../../arm-none-eabi/lib/armv7-m\libg_nano.a(lib_a-init.o)
                0x00000434                __libc_init_array
 .text.memcpy   0x00000480       0x16 c:/program files (x86)/cypress/psoc creator/4.4/psoc creator/import/gnu/arm/5.4.1/bin/../lib/gcc/arm-none-eabi/5.4.1/../../../../arm-none-eabi/lib/armv7-m\libg_nano.a(lib_a-memcpy-stub.o)
                0x00000480                memcpy
 .text.memset   0x00000496       0x10 c:/program files (x86)/cypress/psoc creator/4.4/psoc creator/import/gnu/arm/5.4.1/bin/../lib/gcc/arm-none-eabi/5.4.1/../../../../arm-none-eabi/lib/armv7-m\libg_nano.a(lib_a-memset.o)
                0x00000496                memset
 *(.plt)
 *(.gnu.warning)
 *(.glue_7t)
 .glue_7t       0x000004a6        0x0 linker stubs
 *(.glue_7)
 .glue_7        0x000004a6        0x0 linker stubs
 *(.vfp11_veneer)
 .vfp11_veneer  0x000004a6        0x0 linker stubs
 *(.bootloader)
 *(.ARM.extab* .gnu.linkonce.armextab.*)
 *(.gcc_except_table)

.v4_bx          0x000004a8        0x0
 .v4_bx         0x000004a8        0x0 linker stubs

.iplt           0x000004a8        0x0
 .iplt          0x000004a8        0x0 c:/program files (x86)/cypress/psoc creator/4.4/psoc creator/import/gnu/arm/5.4.1/bin/../lib/gcc/arm-none-eabi/5.4.1/armv7-m/crtbegin.o

.eh_frame_hdr
 *(.eh_frame_hdr)

.eh_frame       0x000004a8        0x4
 *(.eh_frame)
 .eh_frame      0x000004a8        0x0 c:/program files (x86)/cypress/psoc creator/4.4/psoc creator/import/gnu/arm/5.4.1/bin/../lib/gcc/arm-none-eabi/5.4.1/armv7-m/crtbegin.o
 .eh_frame      0x000004a8        0x4 c:/program files (x86)/cypress/psoc creator/4.4/psoc creator/import/gnu/arm/5.4.1/bin/../lib/gcc/arm-none-eabi/5.4.1/armv7-m/crtend.o
                [!provide]                PROVIDE (__exidx_start, .)

.ARM.exidx
 *(.ARM.exidx* .gnu.linkonce.armexidx.*)
                0x000004ac                __exidx_end = .

.rodata         0x000004ac       0x6c
 *(.rodata .rodata.* .gnu.linkonce.r.*)
 .rodata        0x000004ac       0x36 .\CortexM3\ARM_GCC_541\Debug\cyfitter_cfg.o
 .rodata.str1.1
                0x000004e2        0x2 c:/program files (x86)/cypress/psoc creator/4.4/psoc creator/import/gnu/arm/5.4.1/bin/../lib/gcc/arm-none-eabi/5.4.1/../../../../arm-none-eabi/lib/armv7-m\libg_nano.a(lib_a-impure.o)
                0x000004e4                . = ALIGN (0x4)
 *(.init)
 .init          0x000004e4        0x4 c:/program files (x86)/cypress/psoc creator/4.4/psoc creator/import/gnu/arm/5.4.1/bin/../lib/gcc/arm-none-eabi/5.4.1/armv7-m/crti.o
                0x000004e4                _init
 .init          0x000004e8        0x8 c:/program files (x86)/cypress/psoc creator/4.4/psoc creator/import/gnu/arm/5.4.1/bin/../lib/gcc/arm-none-eabi/5.4.1/armv7-m/crtn.o
                0x000004f0                . = ALIGN (0x4)
                0x000004f0                __preinit_array_start = .
 *(.preinit_array)
                0x000004f0                __preinit_array_end = .
                0x000004f0                . = ALIGN (0x4)
                0x000004f0                __init_array_start = .
 *(SORT(.init_array.*))
 *(.init_array)
 .init_array    0x000004f0        0x4 c:/program files (x86)/cypress/psoc creator/4.4/psoc creator/import/gnu/arm/5.4.1/bin/../lib/gcc/arm-none-eabi/5.4.1/armv7-m/crtbegin.o
 .init_array    0x000004f4        0x4 .\CortexM3\ARM_GCC_541\Debug\Cm3Start.o
                0x000004f8                __init_array_end = .
                0x000004f8                . = ALIGN (0x4)
 *(.fini)
 .fini          0x000004f8        0x4 c:/program files (x86)/cypress/psoc creator/4.4/psoc creator/import/gnu/arm/5.4.1/bin/../lib/gcc/arm-none-eabi/5.4.1/armv7-m/crti.o
                0x000004f8                _fini
 .fini          0x000004fc        0x8 c:/program files (x86)/cypress/psoc creator/4.4/psoc creator/import/gnu/arm/5.4.1/bin/../lib/gcc/arm-none-eabi/5.4.1/armv7-m/crtn.o
                0x00000504                . = ALIGN (0x4)
                0x00000504                __fini_array_start = .
 *(.fini_array)
 .fini_array    0x00000504        0x4 c:/program files (x86)/cypress/psoc creator/4.4/psoc creator/import/gnu/arm/5.4.1/bin/../lib/gcc/arm-none-eabi/5.4.1/armv7-m/crtbegin.o
 *(SORT(.fini_array.*))
                0x00000508                __fini_array_end = .
                0x00000508                . = ALIGN (0x4)
 *crtbegin.o(.ctors)
 *(EXCLUDE_FILE(*crtend.o) .ctors)
 *(SORT(.ctors.*))
 *crtend.o(.ctors)
                0x00000508                . = ALIGN (0x4)
 *crtbegin.o(.dtors)
 *(EXCLUDE_FILE(*crtend.o) .dtors)
 *(SORT(.dtors.*))
 *crtend.o(.dtors)
                0x00000508                . = ALIGN (0x4)
                0x00000508                __cy_regions = .
                0x00000508        0x4 LONG 0x518 __cy_region_init_ram
                0x0000050c        0x4 LONG 0x1fff80c8 __cy_region_start_data
                0x00000510        0x4 LONG 0x78 __cy_region_init_size_ram
                0x00000514        0x4 LONG 0x20 __cy_region_zero_size_ram
                0x00000518                __cy_regions_end = .
                0x00000518                . = ALIGN (0x8)
                0x00000518                _etext = .

.cy_checksum_exclude
                0x00000518        0x0
 *(.cy_checksum_exclude)

.ramvectors     0x1fff8000       0xc0
                0x1fff8000                __cy_region_start_ram = .
 *(.ramvectors)
 .ramvectors    0x1fff8000       0xc0 .\CortexM3\ARM_GCC_541\Debug\Cm3Start.o
                0x1fff8000                CyRamVectors

.noinit         0x1fff80c0        0x1
 *(.noinit)
 .noinit        0x1fff80c0        0x1 .\CortexM3\ARM_GCC_541\Debug\Micro1v2.a(CyLib.o)
                0x1fff80c0                CyResetStatus

.data           0x1fff80c8       0x78 load address 0x00000518
                0x1fff80c8                __cy_region_start_data = .
 *(.jcr)
 .jcr           0x1fff80c8        0x0 c:/program files (x86)/cypress/psoc creator/4.4/psoc creator/import/gnu/arm/5.4.1/bin/../lib/gcc/arm-none-eabi/5.4.1/armv7-m/crtbegin.o
 .jcr           0x1fff80c8        0x4 c:/program files (x86)/cypress/psoc creator/4.4/psoc creator/import/gnu/arm/5.4.1/bin/../lib/gcc/arm-none-eabi/5.4.1/armv7-m/crtend.o
 *(.got.plt)
 *(.got)
 *(.shdata)
 *(.data .data.* .gnu.linkonce.d.*)
 .data          0x1fff80cc       0x10 .\CortexM3\ARM_GCC_541\Debug\Micro1v2.a(CyLib.o)
                0x1fff80cc                cydelay_32k_ms
                0x1fff80d0                cydelay_freq_khz
                0x1fff80d4                cydelay_freq_mhz
                0x1fff80d8                cydelay_freq_hz
 .data.impure_data
                0x1fff80dc       0x60 c:/program files (x86)/cypress/psoc creator/4.4/psoc creator/import/gnu/arm/5.4.1/bin/../lib/gcc/arm-none-eabi/5.4.1/../../../../arm-none-eabi/lib/armv7-m\libg_nano.a(lib_a-impure.o)
 .data._impure_ptr
                0x1fff813c        0x4 c:/program files (x86)/cypress/psoc creator/4.4/psoc creator/import/gnu/arm/5.4.1/bin/../lib/gcc/arm-none-eabi/5.4.1/../../../../arm-none-eabi/lib/armv7-m\libg_nano.a(lib_a-impure.o)
                0x1fff813c                _impure_ptr
                0x1fff8140                . = ALIGN (0x8)
 *(.ram)
                0x1fff8140                _edata = .

.igot.plt       0x1fff8140        0x0 load address 0x00000590
 .igot.plt      0x1fff8140        0x0 c:/program files (x86)/cypress/psoc creator/4.4/psoc creator/import/gnu/arm/5.4.1/bin/../lib/gcc/arm-none-eabi/5.4.1/armv7-m/crtbegin.o

.bss            0x1fff8140       0x20 load address 0x00000590
                0x1fff8140                PROVIDE (__bss_start__, .)
 *(.shbss)
 *(.bss .bss.* .gnu.linkonce.b.*)
 .bss           0x1fff8140       0x1c c:/program files (x86)/cypress/psoc creator/4.4/psoc creator/import/gnu/arm/5.4.1/bin/../lib/gcc/arm-none-eabi/5.4.1/armv7-m/crtbegin.o
 *(COMMON)
                0x1fff8160                . = ALIGN (0x8)
 *fill*         0x1fff815c        0x4 
 *(.ram.b)
                0x1fff8160                _end = .
                0x1fff8160                __end = .
                0x1fff8160                PROVIDE (end, .)
                0x1fff8160                PROVIDE (__bss_end__, .)
                0x00000518                __cy_region_init_ram = LOADADDR (.data)
                0x00000078                __cy_region_init_size_ram = (_edata - ADDR (.data))
                0x00000020                __cy_region_zero_size_ram = (_end - _edata)

.heap           0x1fff8160       0x80 load address 0x00000590
                0x1fff8160                . = _end
                0x1fff81e0                . = (. + 0x80)
 *fill*         0x1fff8160       0x80 
                0x1fff81e0                __cy_heap_limit = .

.stack          0x20007800      0x800
                0x20007800                __cy_stack_limit = .
                0x20008000                . = (. + 0x800)
 *fill*         0x20007800      0x800 
                0x00000001                ASSERT ((__cy_stack_limit >= __cy_heap_limit), region RAM overflowed with stack)
                0x00000000                cy_checksum_exclude_size = (CY_APPL_LOADABLE == 0x1)?SIZEOF (.cy_checksum_exclude):0x0
                0x00000001                ASSERT ((cy_checksum_exclude_size <= CY_CHECKSUM_EXCLUDE_SIZE), CY_BOOT: Section .cy_checksum_exclude size exceedes specified limit.)

.cyloadermeta
 *(.cyloadermeta)

.cyloadablemeta
 *(.cyloadablemeta)

.cyconfigecc    0x80000000      0x58c
 *(.cyconfigecc)
 .cyconfigecc   0x80000000      0x58c .\CortexM3\ARM_GCC_541\Debug\cymetadata.o
                0x80000000                cy_meta_configecc

.cycustnvl      0x90000000        0x4
 *(.cycustnvl)
 .cycustnvl     0x90000000        0x4 .\CortexM3\ARM_GCC_541\Debug\cymetadata.o
                0x90000000                cy_meta_custnvl

.cywolatch      0x90100000        0x4
 *(.cywolatch)
 .cywolatch     0x90100000        0x4 .\CortexM3\ARM_GCC_541\Debug\cymetadata.o
                0x90100000                cy_meta_wonvl

.cyeeprom       0x90200000        0x0
 *(.cyeeprom)
                0x00000001                ASSERT ((. <= ((0x90200000 + ee_offset) + ee_size)), .cyeeprom data will not fit in EEPROM)

.cyflashprotect
                0x90400000      0x100
 *(.cyflashprotect)
 .cyflashprotect
                0x90400000      0x100 .\CortexM3\ARM_GCC_541\Debug\cymetadata.o
                0x90400000                cy_meta_flashprotect

.cymeta         0x90500000        0xc
 *(.cymeta)
 .cymeta        0x90500000        0xc .\CortexM3\ARM_GCC_541\Debug\cymetadata.o
                0x90500000                cy_metadata

.rel.dyn        0x00000590        0x0 load address 0x9050000c
 .rel.iplt      0x00000590        0x0 c:/program files (x86)/cypress/psoc creator/4.4/psoc creator/import/gnu/arm/5.4.1/bin/../lib/gcc/arm-none-eabi/5.4.1/armv7-m/crtbegin.o

.stab
 *(.stab)

.stabstr
 *(.stabstr)

.debug
 *(.debug)

.line
 *(.line)

.debug_srcinfo
 *(.debug_srcinfo)

.debug_sfnames
 *(.debug_sfnames)

.debug_aranges  0x00000000      0x8e8
 *(.debug_aranges)
 .debug_aranges
                0x00000000       0x38 .\CortexM3\ARM_GCC_541\Debug\servo.o
 .debug_aranges
                0x00000038       0xd8 .\CortexM3\ARM_GCC_541\Debug\rgb_lcd.o
 .debug_aranges
                0x00000110       0x20 .\CortexM3\ARM_GCC_541\Debug\main.o
 .debug_aranges
                0x00000130       0x30 .\CortexM3\ARM_GCC_541\Debug\keyboard.o
 .debug_aranges
                0x00000160       0x58 .\CortexM3\ARM_GCC_541\Debug\cyfitter_cfg.o
 .debug_aranges
                0x000001b8       0x18 .\CortexM3\ARM_GCC_541\Debug\cymetadata.o
 .debug_aranges
                0x000001d0       0x48 .\CortexM3\ARM_GCC_541\Debug\Cm3Start.o
 .debug_aranges
                0x00000218       0xf0 .\CortexM3\ARM_GCC_541\Debug\Micro1v2.a(PC.o)
 .debug_aranges
                0x00000308       0x38 .\CortexM3\ARM_GCC_541\Debug\Micro1v2.a(I2C_LCD.o)
 .debug_aranges
                0x00000340       0x20 .\CortexM3\ARM_GCC_541\Debug\Micro1v2.a(I2C_LCD_INT.o)
 .debug_aranges
                0x00000360       0x38 .\CortexM3\ARM_GCC_541\Debug\Micro1v2.a(I2C_LCD_PM.o)
 .debug_aranges
                0x00000398       0x80 .\CortexM3\ARM_GCC_541\Debug\Micro1v2.a(I2C_LCD_MASTER.o)
 .debug_aranges
                0x00000418       0x70 .\CortexM3\ARM_GCC_541\Debug\Micro1v2.a(PC_IntClock.o)
 .debug_aranges
                0x00000488      0x2a0 .\CortexM3\ARM_GCC_541\Debug\Micro1v2.a(CyLib.o)
 .debug_aranges
                0x00000728       0x98 .\CortexM3\ARM_GCC_541\Debug\Micro1v2.a(cyPm.o)
 .debug_aranges
                0x000007c0       0x20 .\CortexM3\ARM_GCC_541\Debug\Micro1v2.a(CyBootAsmGnu.o)
 .debug_aranges
                0x000007e0       0x88 .\CortexM3\ARM_GCC_541\Debug\Micro1v2.a(CyFlash.o)
 .debug_aranges
                0x00000868       0x80 .\CortexM3\ARM_GCC_541\Debug\Micro1v2.a(CySpc.o)

.debug_pubnames
 *(.debug_pubnames)

.debug_info     0x00000000     0x575e
 *(.debug_info .gnu.linkonce.wi.*)
 .debug_info    0x00000000      0x11f .\CortexM3\ARM_GCC_541\Debug\servo.o
 .debug_info    0x0000011f      0x83e .\CortexM3\ARM_GCC_541\Debug\rgb_lcd.o
 .debug_info    0x0000095d       0xcb .\CortexM3\ARM_GCC_541\Debug\main.o
 .debug_info    0x00000a28      0x679 .\CortexM3\ARM_GCC_541\Debug\keyboard.o
 .debug_info    0x000010a1      0x528 .\CortexM3\ARM_GCC_541\Debug\cyfitter_cfg.o
 .debug_info    0x000015c9      0x136 .\CortexM3\ARM_GCC_541\Debug\cymetadata.o
 .debug_info    0x000016ff      0x3bb .\CortexM3\ARM_GCC_541\Debug\Cm3Start.o
 .debug_info    0x00001aba      0x60c .\CortexM3\ARM_GCC_541\Debug\Micro1v2.a(PC.o)
 .debug_info    0x000020c6      0x2ad .\CortexM3\ARM_GCC_541\Debug\Micro1v2.a(I2C_LCD.o)
 .debug_info    0x00002373      0x184 .\CortexM3\ARM_GCC_541\Debug\Micro1v2.a(I2C_LCD_INT.o)
 .debug_info    0x000024f7      0x207 .\CortexM3\ARM_GCC_541\Debug\Micro1v2.a(I2C_LCD_PM.o)
 .debug_info    0x000026fe      0x407 .\CortexM3\ARM_GCC_541\Debug\Micro1v2.a(I2C_LCD_MASTER.o)
 .debug_info    0x00002b05      0x283 .\CortexM3\ARM_GCC_541\Debug\Micro1v2.a(PC_IntClock.o)
 .debug_info    0x00002d88     0x1374 .\CortexM3\ARM_GCC_541\Debug\Micro1v2.a(CyLib.o)
 .debug_info    0x000040fc      0xa2a .\CortexM3\ARM_GCC_541\Debug\Micro1v2.a(cyPm.o)
 .debug_info    0x00004b26       0x9b .\CortexM3\ARM_GCC_541\Debug\Micro1v2.a(CyBootAsmGnu.o)
 .debug_info    0x00004bc1      0x64d .\CortexM3\ARM_GCC_541\Debug\Micro1v2.a(CyFlash.o)
 .debug_info    0x0000520e      0x550 .\CortexM3\ARM_GCC_541\Debug\Micro1v2.a(CySpc.o)

.debug_abbrev   0x00000000     0x1611
 *(.debug_abbrev)
 .debug_abbrev  0x00000000       0x90 .\CortexM3\ARM_GCC_541\Debug\servo.o
 .debug_abbrev  0x00000090      0x13d .\CortexM3\ARM_GCC_541\Debug\rgb_lcd.o
 .debug_abbrev  0x000001cd       0x6c .\CortexM3\ARM_GCC_541\Debug\main.o
 .debug_abbrev  0x00000239      0x185 .\CortexM3\ARM_GCC_541\Debug\keyboard.o
 .debug_abbrev  0x000003be      0x1fe .\CortexM3\ARM_GCC_541\Debug\cyfitter_cfg.o
 .debug_abbrev  0x000005bc       0x77 .\CortexM3\ARM_GCC_541\Debug\cymetadata.o
 .debug_abbrev  0x00000633      0x1e8 .\CortexM3\ARM_GCC_541\Debug\Cm3Start.o
 .debug_abbrev  0x0000081b      0x175 .\CortexM3\ARM_GCC_541\Debug\Micro1v2.a(PC.o)
 .debug_abbrev  0x00000990      0x10a .\CortexM3\ARM_GCC_541\Debug\Micro1v2.a(I2C_LCD.o)
 .debug_abbrev  0x00000a9a       0xb6 .\CortexM3\ARM_GCC_541\Debug\Micro1v2.a(I2C_LCD_INT.o)
 .debug_abbrev  0x00000b50       0xfe .\CortexM3\ARM_GCC_541\Debug\Micro1v2.a(I2C_LCD_PM.o)
 .debug_abbrev  0x00000c4e      0x13c .\CortexM3\ARM_GCC_541\Debug\Micro1v2.a(I2C_LCD_MASTER.o)
 .debug_abbrev  0x00000d8a      0x139 .\CortexM3\ARM_GCC_541\Debug\Micro1v2.a(PC_IntClock.o)
 .debug_abbrev  0x00000ec3      0x254 .\CortexM3\ARM_GCC_541\Debug\Micro1v2.a(CyLib.o)
 .debug_abbrev  0x00001117      0x1ab .\CortexM3\ARM_GCC_541\Debug\Micro1v2.a(cyPm.o)
 .debug_abbrev  0x000012c2       0x14 .\CortexM3\ARM_GCC_541\Debug\Micro1v2.a(CyBootAsmGnu.o)
 .debug_abbrev  0x000012d6      0x1a7 .\CortexM3\ARM_GCC_541\Debug\Micro1v2.a(CyFlash.o)
 .debug_abbrev  0x0000147d      0x194 .\CortexM3\ARM_GCC_541\Debug\Micro1v2.a(CySpc.o)

.debug_line     0x00000000     0x26ae
 *(.debug_line)
 .debug_line    0x00000000       0x95 .\CortexM3\ARM_GCC_541\Debug\servo.o
 .debug_line    0x00000095      0x372 .\CortexM3\ARM_GCC_541\Debug\rgb_lcd.o
 .debug_line    0x00000407      0x159 .\CortexM3\ARM_GCC_541\Debug\main.o
 .debug_line    0x00000560      0x297 .\CortexM3\ARM_GCC_541\Debug\keyboard.o
 .debug_line    0x000007f7      0x1ea .\CortexM3\ARM_GCC_541\Debug\cyfitter_cfg.o
 .debug_line    0x000009e1      0x141 .\CortexM3\ARM_GCC_541\Debug\cymetadata.o
 .debug_line    0x00000b22      0x234 .\CortexM3\ARM_GCC_541\Debug\Cm3Start.o
 .debug_line    0x00000d56      0x2b8 .\CortexM3\ARM_GCC_541\Debug\Micro1v2.a(PC.o)
 .debug_line    0x0000100e       0xe5 .\CortexM3\ARM_GCC_541\Debug\Micro1v2.a(I2C_LCD.o)
 .debug_line    0x000010f3      0x11c .\CortexM3\ARM_GCC_541\Debug\Micro1v2.a(I2C_LCD_INT.o)
 .debug_line    0x0000120f       0xc3 .\CortexM3\ARM_GCC_541\Debug\Micro1v2.a(I2C_LCD_PM.o)
 .debug_line    0x000012d2      0x205 .\CortexM3\ARM_GCC_541\Debug\Micro1v2.a(I2C_LCD_MASTER.o)
 .debug_line    0x000014d7      0x17a .\CortexM3\ARM_GCC_541\Debug\Micro1v2.a(PC_IntClock.o)
 .debug_line    0x00001651      0x816 .\CortexM3\ARM_GCC_541\Debug\Micro1v2.a(CyLib.o)
 .debug_line    0x00001e67      0x367 .\CortexM3\ARM_GCC_541\Debug\Micro1v2.a(cyPm.o)
 .debug_line    0x000021ce       0x66 .\CortexM3\ARM_GCC_541\Debug\Micro1v2.a(CyBootAsmGnu.o)
 .debug_line    0x00002234      0x21a .\CortexM3\ARM_GCC_541\Debug\Micro1v2.a(CyFlash.o)
 .debug_line    0x0000244e      0x260 .\CortexM3\ARM_GCC_541\Debug\Micro1v2.a(CySpc.o)

.debug_frame    0x00000000     0x1b1c
 *(.debug_frame)
 .debug_frame   0x00000000       0x50 .\CortexM3\ARM_GCC_541\Debug\servo.o
 .debug_frame   0x00000050      0x2c0 .\CortexM3\ARM_GCC_541\Debug\rgb_lcd.o
 .debug_frame   0x00000310       0x20 .\CortexM3\ARM_GCC_541\Debug\main.o
 .debug_frame   0x00000330       0x6c .\CortexM3\ARM_GCC_541\Debug\keyboard.o
 .debug_frame   0x0000039c       0xfc .\CortexM3\ARM_GCC_541\Debug\cyfitter_cfg.o
 .debug_frame   0x00000498       0xb8 .\CortexM3\ARM_GCC_541\Debug\Cm3Start.o
 .debug_frame   0x00000550      0x250 .\CortexM3\ARM_GCC_541\Debug\Micro1v2.a(PC.o)
 .debug_frame   0x000007a0       0x94 .\CortexM3\ARM_GCC_541\Debug\Micro1v2.a(I2C_LCD.o)
 .debug_frame   0x00000834       0x30 .\CortexM3\ARM_GCC_541\Debug\Micro1v2.a(I2C_LCD_INT.o)
 .debug_frame   0x00000864       0x74 .\CortexM3\ARM_GCC_541\Debug\Micro1v2.a(I2C_LCD_PM.o)
 .debug_frame   0x000008d8      0x138 .\CortexM3\ARM_GCC_541\Debug\Micro1v2.a(I2C_LCD_MASTER.o)
 .debug_frame   0x00000a10       0xe0 .\CortexM3\ARM_GCC_541\Debug\Micro1v2.a(PC_IntClock.o)
 .debug_frame   0x00000af0      0x738 .\CortexM3\ARM_GCC_541\Debug\Micro1v2.a(CyLib.o)
 .debug_frame   0x00001228      0x1f8 .\CortexM3\ARM_GCC_541\Debug\Micro1v2.a(cyPm.o)
 .debug_frame   0x00001420      0x194 .\CortexM3\ARM_GCC_541\Debug\Micro1v2.a(CyFlash.o)
 .debug_frame   0x000015b4      0x180 .\CortexM3\ARM_GCC_541\Debug\Micro1v2.a(CySpc.o)
 .debug_frame   0x00001734       0x20 c:/program files (x86)/cypress/psoc creator/4.4/psoc creator/import/gnu/arm/5.4.1/bin/../lib/gcc/arm-none-eabi/5.4.1/../../../../arm-none-eabi/lib/armv7-m\libg_nano.a(lib_a-errno.o)
 .debug_frame   0x00001754       0x28 c:/program files (x86)/cypress/psoc creator/4.4/psoc creator/import/gnu/arm/5.4.1/bin/../lib/gcc/arm-none-eabi/5.4.1/../../../../arm-none-eabi/lib/armv7-m\libg_nano.a(lib_a-exit.o)
 .debug_frame   0x0000177c       0x2c c:/program files (x86)/cypress/psoc creator/4.4/psoc creator/import/gnu/arm/5.4.1/bin/../lib/gcc/arm-none-eabi/5.4.1/../../../../arm-none-eabi/lib/armv7-m\libg_nano.a(lib_a-init.o)
 .debug_frame   0x000017a8       0x28 c:/program files (x86)/cypress/psoc creator/4.4/psoc creator/import/gnu/arm/5.4.1/bin/../lib/gcc/arm-none-eabi/5.4.1/../../../../arm-none-eabi/lib/armv7-m\libg_nano.a(lib_a-memcpy-stub.o)
 .debug_frame   0x000017d0       0x20 c:/program files (x86)/cypress/psoc creator/4.4/psoc creator/import/gnu/arm/5.4.1/bin/../lib/gcc/arm-none-eabi/5.4.1/../../../../arm-none-eabi/lib/armv7-m\libg_nano.a(lib_a-memset.o)
 .debug_frame   0x000017f0       0x74 c:/program files (x86)/cypress/psoc creator/4.4/psoc creator/import/gnu/arm/5.4.1/bin/../lib/gcc/arm-none-eabi/5.4.1/../../../../arm-none-eabi/lib/armv7-m\libg_nano.a(lib_a-snprintf.o)
 .debug_frame   0x00001864       0x90 c:/program files (x86)/cypress/psoc creator/4.4/psoc creator/import/gnu/arm/5.4.1/bin/../lib/gcc/arm-none-eabi/5.4.1/../../../../arm-none-eabi/lib/armv7-m\libg_nano.a(lib_a-nano-svfprintf.o)
 .debug_frame   0x000018f4       0x60 c:/program files (x86)/cypress/psoc creator/4.4/psoc creator/import/gnu/arm/5.4.1/bin/../lib/gcc/arm-none-eabi/5.4.1/../../../../arm-none-eabi/lib/armv7-m\libg_nano.a(lib_a-nano-vfprintf_i.o)
 .debug_frame   0x00001954       0x28 c:/program files (x86)/cypress/psoc creator/4.4/psoc creator/import/gnu/arm/5.4.1/bin/../lib/gcc/arm-none-eabi/5.4.1/../../../../arm-none-eabi/lib/armv7-m\libg_nano.a(lib_a-memchr-stub.o)
 .debug_frame   0x0000197c       0x28 c:/program files (x86)/cypress/psoc creator/4.4/psoc creator/import/gnu/arm/5.4.1/bin/../lib/gcc/arm-none-eabi/5.4.1/../../../../arm-none-eabi/lib/armv7-m\libg_nano.a(lib_a-memmove.o)
 .debug_frame   0x000019a4       0x38 c:/program files (x86)/cypress/psoc creator/4.4/psoc creator/import/gnu/arm/5.4.1/bin/../lib/gcc/arm-none-eabi/5.4.1/../../../../arm-none-eabi/lib/armv7-m\libg_nano.a(lib_a-nano-freer.o)
 .debug_frame   0x000019dc       0x2c c:/program files (x86)/cypress/psoc creator/4.4/psoc creator/import/gnu/arm/5.4.1/bin/../lib/gcc/arm-none-eabi/5.4.1/../../../../arm-none-eabi/lib/armv7-m\libg_nano.a(lib_a-nano-mallocr.o)
 .debug_frame   0x00001a08       0x3c c:/program files (x86)/cypress/psoc creator/4.4/psoc creator/import/gnu/arm/5.4.1/bin/../lib/gcc/arm-none-eabi/5.4.1/../../../../arm-none-eabi/lib/armv7-m\libg_nano.a(lib_a-nano-reallocr.o)
 .debug_frame   0x00001a44       0x2c c:/program files (x86)/cypress/psoc creator/4.4/psoc creator/import/gnu/arm/5.4.1/bin/../lib/gcc/arm-none-eabi/5.4.1/../../../../arm-none-eabi/lib/armv7-m\libg_nano.a(lib_a-sbrkr.o)
 .debug_frame   0x00001a70       0x30 c:/program files (x86)/cypress/psoc creator/4.4/psoc creator/import/gnu/arm/5.4.1/bin/../lib/gcc/arm-none-eabi/5.4.1/../../../../arm-none-eabi/lib/armv7-m\libg_nano.a(lib_a-mlock.o)
 .debug_frame   0x00001aa0       0x20 c:/program files (x86)/cypress/psoc creator/4.4/psoc creator/import/gnu/arm/5.4.1/bin/../lib/gcc/arm-none-eabi/5.4.1/../../../../arm-none-eabi/lib/armv7-m\libg_nano.a(lib_a-nano-msizer.o)
 .debug_frame   0x00001ac0       0x5c c:/program files (x86)/cypress/psoc creator/4.4/psoc creator/import/gnu/arm/5.4.1/bin/../lib/gcc/arm-none-eabi/5.4.1/../../../../arm-none-eabi/lib/armv7-m\libg_nano.a(lib_a-reent.o)

.debug_str      0x00000000     0x1d49
 *(.debug_str)
 .debug_str     0x00000000      0x1a8 .\CortexM3\ARM_GCC_541\Debug\servo.o
                                0x1ed (size before relaxing)
 .debug_str     0x000001a8      0x244 .\CortexM3\ARM_GCC_541\Debug\rgb_lcd.o
                                0x3da (size before relaxing)
 .debug_str     0x000003ec        0xc .\CortexM3\ARM_GCC_541\Debug\main.o
                                0x1b1 (size before relaxing)
 .debug_str     0x000003f8       0xe0 .\CortexM3\ARM_GCC_541\Debug\keyboard.o
                                0x2b2 (size before relaxing)
 .debug_str     0x000004d8      0x180 .\CortexM3\ARM_GCC_541\Debug\cyfitter_cfg.o
                                0x324 (size before relaxing)
 .debug_str     0x00000658       0x75 .\CortexM3\ARM_GCC_541\Debug\cymetadata.o
                                0x1ef (size before relaxing)
 .debug_str     0x000006cd      0x144 .\CortexM3\ARM_GCC_541\Debug\Cm3Start.o
                                0x315 (size before relaxing)
 .debug_str     0x00000811      0x27b .\CortexM3\ARM_GCC_541\Debug\Micro1v2.a(PC.o)
                                0x442 (size before relaxing)
 .debug_str     0x00000a8c      0x129 .\CortexM3\ARM_GCC_541\Debug\Micro1v2.a(I2C_LCD.o)
                                0x31c (size before relaxing)
 .debug_str     0x00000bb5       0xa2 .\CortexM3\ARM_GCC_541\Debug\Micro1v2.a(I2C_LCD_INT.o)
                                0x296 (size before relaxing)
 .debug_str     0x00000c57       0x6a .\CortexM3\ARM_GCC_541\Debug\Micro1v2.a(I2C_LCD_PM.o)
                                0x2ac (size before relaxing)
 .debug_str     0x00000cc1      0x17c .\CortexM3\ARM_GCC_541\Debug\Micro1v2.a(I2C_LCD_MASTER.o)
                                0x40b (size before relaxing)
 .debug_str     0x00000e3d      0x16f .\CortexM3\ARM_GCC_541\Debug\Micro1v2.a(PC_IntClock.o)
                                0x329 (size before relaxing)
 .debug_str     0x00000fac      0x7d8 .\CortexM3\ARM_GCC_541\Debug\Micro1v2.a(CyLib.o)
                                0xa52 (size before relaxing)
 .debug_str     0x00001784      0x365 .\CortexM3\ARM_GCC_541\Debug\Micro1v2.a(cyPm.o)
                                0x73e (size before relaxing)
 .debug_str     0x00001ae9      0x1b4 .\CortexM3\ARM_GCC_541\Debug\Micro1v2.a(CyFlash.o)
                                0x3cb (size before relaxing)
 .debug_str     0x00001c9d       0xac .\CortexM3\ARM_GCC_541\Debug\Micro1v2.a(CySpc.o)
                                0x343 (size before relaxing)

.debug_loc      0x00000000     0x2e62
 *(.debug_loc)
 .debug_loc     0x00000000       0x42 .\CortexM3\ARM_GCC_541\Debug\servo.o
 .debug_loc     0x00000042      0x307 .\CortexM3\ARM_GCC_541\Debug\rgb_lcd.o
 .debug_loc     0x00000349      0x804 .\CortexM3\ARM_GCC_541\Debug\keyboard.o
 .debug_loc     0x00000b4d      0x1fd .\CortexM3\ARM_GCC_541\Debug\cyfitter_cfg.o
 .debug_loc     0x00000d4a      0x144 .\CortexM3\ARM_GCC_541\Debug\Cm3Start.o
 .debug_loc     0x00000e8e      0x258 .\CortexM3\ARM_GCC_541\Debug\Micro1v2.a(PC.o)
 .debug_loc     0x000010e6       0x39 .\CortexM3\ARM_GCC_541\Debug\Micro1v2.a(I2C_LCD.o)
 .debug_loc     0x0000111f       0x29 .\CortexM3\ARM_GCC_541\Debug\Micro1v2.a(I2C_LCD_INT.o)
 .debug_loc     0x00001148       0x13 .\CortexM3\ARM_GCC_541\Debug\Micro1v2.a(I2C_LCD_PM.o)
 .debug_loc     0x0000115b      0x52f .\CortexM3\ARM_GCC_541\Debug\Micro1v2.a(I2C_LCD_MASTER.o)
 .debug_loc     0x0000168a      0x12c .\CortexM3\ARM_GCC_541\Debug\Micro1v2.a(PC_IntClock.o)
 .debug_loc     0x000017b6      0xa11 .\CortexM3\ARM_GCC_541\Debug\Micro1v2.a(CyLib.o)
 .debug_loc     0x000021c7      0x1e4 .\CortexM3\ARM_GCC_541\Debug\Micro1v2.a(cyPm.o)
 .debug_loc     0x000023ab      0x3b2 .\CortexM3\ARM_GCC_541\Debug\Micro1v2.a(CyFlash.o)
 .debug_loc     0x0000275d      0x705 .\CortexM3\ARM_GCC_541\Debug\Micro1v2.a(CySpc.o)

.debug_macinfo
 *(.debug_macinfo)

.debug_ranges   0x00000000      0x7b0
 *(.debug_ranges)
 .debug_ranges  0x00000000       0x28 .\CortexM3\ARM_GCC_541\Debug\servo.o
 .debug_ranges  0x00000028       0xc8 .\CortexM3\ARM_GCC_541\Debug\rgb_lcd.o
 .debug_ranges  0x000000f0       0x10 .\CortexM3\ARM_GCC_541\Debug\main.o
 .debug_ranges  0x00000100       0x20 .\CortexM3\ARM_GCC_541\Debug\keyboard.o
 .debug_ranges  0x00000120       0x48 .\CortexM3\ARM_GCC_541\Debug\cyfitter_cfg.o
 .debug_ranges  0x00000168       0x38 .\CortexM3\ARM_GCC_541\Debug\Cm3Start.o
 .debug_ranges  0x000001a0       0xe0 .\CortexM3\ARM_GCC_541\Debug\Micro1v2.a(PC.o)
 .debug_ranges  0x00000280       0x28 .\CortexM3\ARM_GCC_541\Debug\Micro1v2.a(I2C_LCD.o)
 .debug_ranges  0x000002a8       0x10 .\CortexM3\ARM_GCC_541\Debug\Micro1v2.a(I2C_LCD_INT.o)
 .debug_ranges  0x000002b8       0x28 .\CortexM3\ARM_GCC_541\Debug\Micro1v2.a(I2C_LCD_PM.o)
 .debug_ranges  0x000002e0       0x70 .\CortexM3\ARM_GCC_541\Debug\Micro1v2.a(I2C_LCD_MASTER.o)
 .debug_ranges  0x00000350       0x60 .\CortexM3\ARM_GCC_541\Debug\Micro1v2.a(PC_IntClock.o)
 .debug_ranges  0x000003b0      0x290 .\CortexM3\ARM_GCC_541\Debug\Micro1v2.a(CyLib.o)
 .debug_ranges  0x00000640       0x88 .\CortexM3\ARM_GCC_541\Debug\Micro1v2.a(cyPm.o)
 .debug_ranges  0x000006c8       0x78 .\CortexM3\ARM_GCC_541\Debug\Micro1v2.a(CyFlash.o)
 .debug_ranges  0x00000740       0x70 .\CortexM3\ARM_GCC_541\Debug\Micro1v2.a(CySpc.o)

.comment        0x00000000       0x6e
 .comment       0x00000000       0x6e .\CortexM3\ARM_GCC_541\Debug\servo.o
                                 0x6f (size before relaxing)
 .comment       0x0000006e       0x6f .\CortexM3\ARM_GCC_541\Debug\rgb_lcd.o
 .comment       0x0000006e       0x6f .\CortexM3\ARM_GCC_541\Debug\main.o
 .comment       0x0000006e       0x6f .\CortexM3\ARM_GCC_541\Debug\keyboard.o
 .comment       0x0000006e       0x6f .\CortexM3\ARM_GCC_541\Debug\cyfitter_cfg.o
 .comment       0x0000006e       0x6f .\CortexM3\ARM_GCC_541\Debug\cymetadata.o
 .comment       0x0000006e       0x6f .\CortexM3\ARM_GCC_541\Debug\Cm3Start.o
 .comment       0x0000006e       0x6f .\CortexM3\ARM_GCC_541\Debug\Micro1v2.a(PC.o)
 .comment       0x0000006e       0x6f .\CortexM3\ARM_GCC_541\Debug\Micro1v2.a(I2C_LCD.o)
 .comment       0x0000006e       0x6f .\CortexM3\ARM_GCC_541\Debug\Micro1v2.a(I2C_LCD_INT.o)
 .comment       0x0000006e       0x6f .\CortexM3\ARM_GCC_541\Debug\Micro1v2.a(I2C_LCD_PM.o)
 .comment       0x0000006e       0x6f .\CortexM3\ARM_GCC_541\Debug\Micro1v2.a(I2C_LCD_MASTER.o)
 .comment       0x0000006e       0x6f .\CortexM3\ARM_GCC_541\Debug\Micro1v2.a(PC_IntClock.o)
 .comment       0x0000006e       0x6f .\CortexM3\ARM_GCC_541\Debug\Micro1v2.a(CyLib.o)
 .comment       0x0000006e       0x6f .\CortexM3\ARM_GCC_541\Debug\Micro1v2.a(cyPm.o)
 .comment       0x0000006e       0x6f .\CortexM3\ARM_GCC_541\Debug\Micro1v2.a(CyFlash.o)
 .comment       0x0000006e       0x6f .\CortexM3\ARM_GCC_541\Debug\Micro1v2.a(CySpc.o)

.debug_weaknames
 *(.debug_weaknames)

.debug_funcnames
 *(.debug_funcnames)

.debug_typenames
 *(.debug_typenames)

.debug_varnames
 *(.debug_varnames)

.note.gnu.arm.ident
 *(.note.gnu.arm.ident)

.ARM.attributes
                0x00000000       0x29
 *(.ARM.attributes)
 .ARM.attributes
                0x00000000       0x1d c:/program files (x86)/cypress/psoc creator/4.4/psoc creator/import/gnu/arm/5.4.1/bin/../lib/gcc/arm-none-eabi/5.4.1/armv7-m/crti.o
 .ARM.attributes
                0x0000001d       0x2d c:/program files (x86)/cypress/psoc creator/4.4/psoc creator/import/gnu/arm/5.4.1/bin/../lib/gcc/arm-none-eabi/5.4.1/armv7-m/crtbegin.o
 .ARM.attributes
                0x0000004a       0x1b c:/program files (x86)/cypress/psoc creator/4.4/psoc creator/import/gnu/arm/5.4.1/bin/../lib/gcc/arm-none-eabi/5.4.1/../../../../arm-none-eabi/lib/armv7-m/crt0.o
 .ARM.attributes
                0x00000065       0x33 .\CortexM3\ARM_GCC_541\Debug\servo.o
 .ARM.attributes
                0x00000098       0x33 .\CortexM3\ARM_GCC_541\Debug\rgb_lcd.o
 .ARM.attributes
                0x000000cb       0x33 .\CortexM3\ARM_GCC_541\Debug\main.o
 .ARM.attributes
                0x000000fe       0x33 .\CortexM3\ARM_GCC_541\Debug\keyboard.o
 .ARM.attributes
                0x00000131       0x33 .\CortexM3\ARM_GCC_541\Debug\cyfitter_cfg.o
 .ARM.attributes
                0x00000164       0x33 .\CortexM3\ARM_GCC_541\Debug\cymetadata.o
 .ARM.attributes
                0x00000197       0x33 .\CortexM3\ARM_GCC_541\Debug\Cm3Start.o
 .ARM.attributes
                0x000001ca       0x33 .\CortexM3\ARM_GCC_541\Debug\Micro1v2.a(PC.o)
 .ARM.attributes
                0x000001fd       0x33 .\CortexM3\ARM_GCC_541\Debug\Micro1v2.a(I2C_LCD.o)
 .ARM.attributes
                0x00000230       0x33 .\CortexM3\ARM_GCC_541\Debug\Micro1v2.a(I2C_LCD_INT.o)
 .ARM.attributes
                0x00000263       0x33 .\CortexM3\ARM_GCC_541\Debug\Micro1v2.a(I2C_LCD_PM.o)
 .ARM.attributes
                0x00000296       0x33 .\CortexM3\ARM_GCC_541\Debug\Micro1v2.a(I2C_LCD_MASTER.o)
 .ARM.attributes
                0x000002c9       0x33 .\CortexM3\ARM_GCC_541\Debug\Micro1v2.a(PC_IntClock.o)
 .ARM.attributes
                0x000002fc       0x33 .\CortexM3\ARM_GCC_541\Debug\Micro1v2.a(CyLib.o)
 .ARM.attributes
                0x0000032f       0x33 .\CortexM3\ARM_GCC_541\Debug\Micro1v2.a(cyPm.o)
 .ARM.attributes
                0x00000362       0x21 .\CortexM3\ARM_GCC_541\Debug\Micro1v2.a(CyBootAsmGnu.o)
 .ARM.attributes
                0x00000383       0x33 .\CortexM3\ARM_GCC_541\Debug\Micro1v2.a(CyFlash.o)
 .ARM.attributes
                0x000003b6       0x33 .\CortexM3\ARM_GCC_541\Debug\Micro1v2.a(CySpc.o)
 .ARM.attributes
                0x000003e9       0x2d c:/program files (x86)/cypress/psoc creator/4.4/psoc creator/import/gnu/arm/5.4.1/bin/../lib/gcc/arm-none-eabi/5.4.1/../../../../arm-none-eabi/lib/armv7-m\libg_nano.a(lib_a-errno.o)
 .ARM.attributes
                0x00000416       0x2d c:/program files (x86)/cypress/psoc creator/4.4/psoc creator/import/gnu/arm/5.4.1/bin/../lib/gcc/arm-none-eabi/5.4.1/../../../../arm-none-eabi/lib/armv7-m\libg_nano.a(lib_a-exit.o)
 .ARM.attributes
                0x00000443       0x2d c:/program files (x86)/cypress/psoc creator/4.4/psoc creator/import/gnu/arm/5.4.1/bin/../lib/gcc/arm-none-eabi/5.4.1/../../../../arm-none-eabi/lib/armv7-m\libg_nano.a(lib_a-impure.o)
 .ARM.attributes
                0x00000470       0x2d c:/program files (x86)/cypress/psoc creator/4.4/psoc creator/import/gnu/arm/5.4.1/bin/../lib/gcc/arm-none-eabi/5.4.1/../../../../arm-none-eabi/lib/armv7-m\libg_nano.a(lib_a-init.o)
 .ARM.attributes
                0x0000049d       0x2d c:/program files (x86)/cypress/psoc creator/4.4/psoc creator/import/gnu/arm/5.4.1/bin/../lib/gcc/arm-none-eabi/5.4.1/../../../../arm-none-eabi/lib/armv7-m\libg_nano.a(lib_a-memcpy-stub.o)
 .ARM.attributes
                0x000004ca       0x2d c:/program files (x86)/cypress/psoc creator/4.4/psoc creator/import/gnu/arm/5.4.1/bin/../lib/gcc/arm-none-eabi/5.4.1/../../../../arm-none-eabi/lib/armv7-m\libg_nano.a(lib_a-memset.o)
 .ARM.attributes
                0x000004f7       0x2d c:/program files (x86)/cypress/psoc creator/4.4/psoc creator/import/gnu/arm/5.4.1/bin/../lib/gcc/arm-none-eabi/5.4.1/../../../../arm-none-eabi/lib/armv7-m\libg_nano.a(lib_a-snprintf.o)
 .ARM.attributes
                0x00000524       0x2d c:/program files (x86)/cypress/psoc creator/4.4/psoc creator/import/gnu/arm/5.4.1/bin/../lib/gcc/arm-none-eabi/5.4.1/../../../../arm-none-eabi/lib/armv7-m\libg_nano.a(lib_a-nano-svfprintf.o)
 .ARM.attributes
                0x00000551       0x2d c:/program files (x86)/cypress/psoc creator/4.4/psoc creator/import/gnu/arm/5.4.1/bin/../lib/gcc/arm-none-eabi/5.4.1/../../../../arm-none-eabi/lib/armv7-m\libg_nano.a(lib_a-nano-vfprintf_i.o)
 .ARM.attributes
                0x0000057e       0x2d c:/program files (x86)/cypress/psoc creator/4.4/psoc creator/import/gnu/arm/5.4.1/bin/../lib/gcc/arm-none-eabi/5.4.1/../../../../arm-none-eabi/lib/armv7-m\libg_nano.a(lib_a-memchr-stub.o)
 .ARM.attributes
                0x000005ab       0x2d c:/program files (x86)/cypress/psoc creator/4.4/psoc creator/import/gnu/arm/5.4.1/bin/../lib/gcc/arm-none-eabi/5.4.1/../../../../arm-none-eabi/lib/armv7-m\libg_nano.a(lib_a-memmove.o)
 .ARM.attributes
                0x000005d8       0x2d c:/program files (x86)/cypress/psoc creator/4.4/psoc creator/import/gnu/arm/5.4.1/bin/../lib/gcc/arm-none-eabi/5.4.1/../../../../arm-none-eabi/lib/armv7-m\libg_nano.a(lib_a-nano-freer.o)
 .ARM.attributes
                0x00000605       0x2d c:/program files (x86)/cypress/psoc creator/4.4/psoc creator/import/gnu/arm/5.4.1/bin/../lib/gcc/arm-none-eabi/5.4.1/../../../../arm-none-eabi/lib/armv7-m\libg_nano.a(lib_a-nano-mallocr.o)
 .ARM.attributes
                0x00000632       0x2d c:/program files (x86)/cypress/psoc creator/4.4/psoc creator/import/gnu/arm/5.4.1/bin/../lib/gcc/arm-none-eabi/5.4.1/../../../../arm-none-eabi/lib/armv7-m\libg_nano.a(lib_a-nano-reallocr.o)
 .ARM.attributes
                0x0000065f       0x2d c:/program files (x86)/cypress/psoc creator/4.4/psoc creator/import/gnu/arm/5.4.1/bin/../lib/gcc/arm-none-eabi/5.4.1/../../../../arm-none-eabi/lib/armv7-m\libg_nano.a(lib_a-sbrkr.o)
 .ARM.attributes
                0x0000068c       0x2d c:/program files (x86)/cypress/psoc creator/4.4/psoc creator/import/gnu/arm/5.4.1/bin/../lib/gcc/arm-none-eabi/5.4.1/../../../../arm-none-eabi/lib/armv7-m\libg_nano.a(lib_a-mlock.o)
 .ARM.attributes
                0x000006b9       0x2d c:/program files (x86)/cypress/psoc creator/4.4/psoc creator/import/gnu/arm/5.4.1/bin/../lib/gcc/arm-none-eabi/5.4.1/../../../../arm-none-eabi/lib/armv7-m\libg_nano.a(lib_a-nano-msizer.o)
 .ARM.attributes
                0x000006e6       0x2d c:/program files (x86)/cypress/psoc creator/4.4/psoc creator/import/gnu/arm/5.4.1/bin/../lib/gcc/arm-none-eabi/5.4.1/../../../../arm-none-eabi/lib/armv7-m\libg_nano.a(lib_a-reent.o)
 .ARM.attributes
                0x00000713       0x2d c:/program files (x86)/cypress/psoc creator/4.4/psoc creator/import/gnu/arm/5.4.1/bin/../lib/gcc/arm-none-eabi/5.4.1/armv7-m/crtend.o
 .ARM.attributes
                0x00000740       0x1d c:/program files (x86)/cypress/psoc creator/4.4/psoc creator/import/gnu/arm/5.4.1/bin/../lib/gcc/arm-none-eabi/5.4.1/armv7-m/crtn.o

/DISCARD/
 *(.note.GNU-stack)
OUTPUT(C:\Users\elias\OneDrive\Documents\Documentos\PSoC Creator\TPF\Micro1v2.cydsn\CortexM3\ARM_GCC_541\Debug\Micro1v2.elf elf32-littlearm)
